TensorBoard log directory: /home/blue-lobster/PycharmProjects/Model_California_Birds/outputs/output_20260314_130809/tensorboard
Launch with: tensorboard --logdir /home/blue-lobster/PycharmProjects/Model_California_Birds/outputs/output_20260314_130809/tensorboard
Number of classes: 657
Train batches: 13801
Val batches: 2431
Unexpected keys (fc_norm.bias, fc_norm.weight) found while loading pretrained weights. This may be expected if model is being adapted.

===== Epoch 1/500 (LR: 2.00e-07) =====
  Train Batch [25/13801] | Loss: 19.4649 | Top1: 0.0000 | Top5: 0.0100
  Train Batch [50/13801] | Loss: 19.4666 | Top1: 0.0000 | Top5: 0.0050
  Train Batch [75/13801] | Loss: 19.4650 | Top1: 0.0000 | Top5: 0.0067
  Train Batch [100/13801] | Loss: 19.4649 | Top1: 0.0000 | Top5: 0.0050
  Train Batch [125/13801] | Loss: 19.4643 | Top1: 0.0000 | Top5: 0.0040
  Train Batch [150/13801] | Loss: 19.4630 | Top1: 0.0000 | Top5: 0.0067
  Train Batch [175/13801] | Loss: 19.4633 | Top1: 0.0000 | Top5: 0.0100
  Train Batch [200/13801] | Loss: 19.4634 | Top1: 0.0000 | Top5: 0.0100
  Train Batch [225/13801] | Loss: 19.4632 | Top1: 0.0000 | Top5: 0.0089
  Train Batch [250/13801] | Loss: 19.4629 | Top1: 0.0000 | Top5: 0.0090
  Train Batch [275/13801] | Loss: 19.4628 | Top1: 0.0000 | Top5: 0.0082
  Train Batch [300/13801] | Loss: 19.4630 | Top1: 0.0000 | Top5: 0.0075
  Train Batch [325/13801] | Loss: 19.4627 | Top1: 0.0000 | Top5: 0.0100
  Train Batch [350/13801] | Loss: 19.4627 | Top1: 0.0000 | Top5: 0.0093
  Train Batch [375/13801] | Loss: 19.4628 | Top1: 0.0007 | Top5: 0.0107
  Train Batch [400/13801] | Loss: 19.4627 | Top1: 0.0006 | Top5: 0.0106
  Train Batch [425/13801] | Loss: 19.4625 | Top1: 0.0006 | Top5: 0.0100
  Train Batch [450/13801] | Loss: 19.4627 | Top1: 0.0006 | Top5: 0.0094
  Train Batch [475/13801] | Loss: 19.4626 | Top1: 0.0005 | Top5: 0.0100
  Train Batch [500/13801] | Loss: 19.4628 | Top1: 0.0005 | Top5: 0.0095
  Train Batch [525/13801] | Loss: 19.4627 | Top1: 0.0010 | Top5: 0.0095
  Train Batch [550/13801] | Loss: 19.4626 | Top1: 0.0009 | Top5: 0.0095
  Train Batch [575/13801] | Loss: 19.4626 | Top1: 0.0009 | Top5: 0.0091
  Train Batch [600/13801] | Loss: 19.4625 | Top1: 0.0008 | Top5: 0.0096
  Train Batch [625/13801] | Loss: 19.4624 | Top1: 0.0008 | Top5: 0.0096
  Train Batch [650/13801] | Loss: 19.4625 | Top1: 0.0008 | Top5: 0.0096
  Train Batch [675/13801] | Loss: 19.4625 | Top1: 0.0007 | Top5: 0.0093
  Train Batch [700/13801] | Loss: 19.4625 | Top1: 0.0007 | Top5: 0.0089
  Train Batch [725/13801] | Loss: 19.4624 | Top1: 0.0007 | Top5: 0.0090
  Train Batch [750/13801] | Loss: 19.4626 | Top1: 0.0007 | Top5: 0.0087
  Train Batch [775/13801] | Loss: 19.4626 | Top1: 0.0006 | Top5: 0.0094
  Train Batch [800/13801] | Loss: 19.4625 | Top1: 0.0006 | Top5: 0.0100
  Train Batch [825/13801] | Loss: 19.4626 | Top1: 0.0009 | Top5: 0.0100
  Train Batch [850/13801] | Loss: 19.4625 | Top1: 0.0009 | Top5: 0.0100
  Train Batch [875/13801] | Loss: 19.4624 | Top1: 0.0009 | Top5: 0.0106
  Train Batch [900/13801] | Loss: 19.4624 | Top1: 0.0008 | Top5: 0.0108
  Train Batch [925/13801] | Loss: 19.4624 | Top1: 0.0008 | Top5: 0.0111
  Train Batch [950/13801] | Loss: 19.4625 | Top1: 0.0011 | Top5: 0.0111
  Train Batch [975/13801] | Loss: 19.4625 | Top1: 0.0010 | Top5: 0.0113
  Train Batch [1000/13801] | Loss: 19.4625 | Top1: 0.0010 | Top5: 0.0115
  Train Batch [1025/13801] | Loss: 19.4624 | Top1: 0.0010 | Top5: 0.0120
  Train Batch [1050/13801] | Loss: 19.4624 | Top1: 0.0010 | Top5: 0.0119
  Train Batch [1075/13801] | Loss: 19.4624 | Top1: 0.0009 | Top5: 0.0119
  Train Batch [1100/13801] | Loss: 19.4624 | Top1: 0.0009 | Top5: 0.0120
  Train Batch [1125/13801] | Loss: 19.4624 | Top1: 0.0011 | Top5: 0.0124
  Train Batch [1150/13801] | Loss: 19.4624 | Top1: 0.0011 | Top5: 0.0122
  Train Batch [1175/13801] | Loss: 19.4624 | Top1: 0.0013 | Top5: 0.0123
  Train Batch [1200/13801] | Loss: 19.4623 | Top1: 0.0013 | Top5: 0.0125
  Train Batch [1225/13801] | Loss: 19.4623 | Top1: 0.0012 | Top5: 0.0124
  Train Batch [1250/13801] | Loss: 19.4623 | Top1: 0.0012 | Top5: 0.0126
  Train Batch [1275/13801] | Loss: 19.4624 | Top1: 0.0012 | Top5: 0.0124
  Train Batch [1300/13801] | Loss: 19.4623 | Top1: 0.0012 | Top5: 0.0129
  Train Batch [1325/13801] | Loss: 19.4622 | Top1: 0.0011 | Top5: 0.0130
  Train Batch [1350/13801] | Loss: 19.4622 | Top1: 0.0011 | Top5: 0.0130
  Train Batch [1375/13801] | Loss: 19.4622 | Top1: 0.0011 | Top5: 0.0129
  Train Batch [1400/13801] | Loss: 19.4622 | Top1: 0.0013 | Top5: 0.0129
  Train Batch [1425/13801] | Loss: 19.4622 | Top1: 0.0014 | Top5: 0.0132
  Train Batch [1450/13801] | Loss: 19.4622 | Top1: 0.0014 | Top5: 0.0131
  Train Batch [1475/13801] | Loss: 19.4622 | Top1: 0.0014 | Top5: 0.0129
  Train Batch [1500/13801] | Loss: 19.4621 | Top1: 0.0013 | Top5: 0.0128
  Train Batch [1525/13801] | Loss: 19.4621 | Top1: 0.0013 | Top5: 0.0130
  Train Batch [1550/13801] | Loss: 19.4621 | Top1: 0.0013 | Top5: 0.0127
  Train Batch [1575/13801] | Loss: 19.4620 | Top1: 0.0013 | Top5: 0.0129
  Train Batch [1600/13801] | Loss: 19.4621 | Top1: 0.0013 | Top5: 0.0127
  Train Batch [1625/13801] | Loss: 19.4620 | Top1: 0.0014 | Top5: 0.0126
  Train Batch [1650/13801] | Loss: 19.4620 | Top1: 0.0015 | Top5: 0.0126
  Train Batch [1675/13801] | Loss: 19.4621 | Top1: 0.0015 | Top5: 0.0127
  Train Batch [1700/13801] | Loss: 19.4620 | Top1: 0.0015 | Top5: 0.0125
  Train Batch [1725/13801] | Loss: 19.4620 | Top1: 0.0014 | Top5: 0.0123
  Train Batch [1750/13801] | Loss: 19.4620 | Top1: 0.0014 | Top5: 0.0124
  Train Batch [1775/13801] | Loss: 19.4620 | Top1: 0.0014 | Top5: 0.0123
  Train Batch [1800/13801] | Loss: 19.4619 | Top1: 0.0014 | Top5: 0.0124
  Train Batch [1825/13801] | Loss: 19.4619 | Top1: 0.0014 | Top5: 0.0122
  Train Batch [1850/13801] | Loss: 19.4619 | Top1: 0.0014 | Top5: 0.0123
  Train Batch [1875/13801] | Loss: 19.4619 | Top1: 0.0013 | Top5: 0.0123
  Train Batch [1900/13801] | Loss: 19.4619 | Top1: 0.0013 | Top5: 0.0121
  Train Batch [1925/13801] | Loss: 19.4619 | Top1: 0.0013 | Top5: 0.0121
  Train Batch [1950/13801] | Loss: 19.4619 | Top1: 0.0014 | Top5: 0.0122
  Train Batch [1975/13801] | Loss: 19.4619 | Top1: 0.0014 | Top5: 0.0120
  Train Batch [2000/13801] | Loss: 19.4618 | Top1: 0.0014 | Top5: 0.0121
  Train Batch [2025/13801] | Loss: 19.4618 | Top1: 0.0014 | Top5: 0.0122
  Train Batch [2050/13801] | Loss: 19.4619 | Top1: 0.0013 | Top5: 0.0122
  Train Batch [2075/13801] | Loss: 19.4618 | Top1: 0.0014 | Top5: 0.0124
  Train Batch [2100/13801] | Loss: 19.4618 | Top1: 0.0014 | Top5: 0.0124
  Train Batch [2125/13801] | Loss: 19.4618 | Top1: 0.0014 | Top5: 0.0125
  Train Batch [2150/13801] | Loss: 19.4617 | Top1: 0.0015 | Top5: 0.0126
  Train Batch [2175/13801] | Loss: 19.4617 | Top1: 0.0015 | Top5: 0.0124
  Train Batch [2200/13801] | Loss: 19.4616 | Top1: 0.0016 | Top5: 0.0125
  Train Batch [2225/13801] | Loss: 19.4616 | Top1: 0.0016 | Top5: 0.0125
  Train Batch [2250/13801] | Loss: 19.4616 | Top1: 0.0016 | Top5: 0.0123
  Train Batch [2275/13801] | Loss: 19.4615 | Top1: 0.0015 | Top5: 0.0122
  Train Batch [2300/13801] | Loss: 19.4615 | Top1: 0.0016 | Top5: 0.0122
  Train Batch [2325/13801] | Loss: 19.4614 | Top1: 0.0016 | Top5: 0.0122
  Train Batch [2350/13801] | Loss: 19.4614 | Top1: 0.0017 | Top5: 0.0121
  Train Batch [2375/13801] | Loss: 19.4614 | Top1: 0.0017 | Top5: 0.0121
  Train Batch [2400/13801] | Loss: 19.4614 | Top1: 0.0017 | Top5: 0.0120
  Train Batch [2425/13801] | Loss: 19.4614 | Top1: 0.0016 | Top5: 0.0121
  Train Batch [2450/13801] | Loss: 19.4613 | Top1: 0.0017 | Top5: 0.0120
  Train Batch [2475/13801] | Loss: 19.4613 | Top1: 0.0017 | Top5: 0.0121
  Train Batch [2500/13801] | Loss: 19.4613 | Top1: 0.0017 | Top5: 0.0122
  Train Batch [2525/13801] | Loss: 19.4613 | Top1: 0.0017 | Top5: 0.0121
  Train Batch [2550/13801] | Loss: 19.4613 | Top1: 0.0018 | Top5: 0.0122
  Train Batch [2575/13801] | Loss: 19.4613 | Top1: 0.0018 | Top5: 0.0122
  Train Batch [2600/13801] | Loss: 19.4613 | Top1: 0.0018 | Top5: 0.0121
  Train Batch [2625/13801] | Loss: 19.4613 | Top1: 0.0018 | Top5: 0.0121
  Train Batch [2650/13801] | Loss: 19.4612 | Top1: 0.0018 | Top5: 0.0122
  Train Batch [2675/13801] | Loss: 19.4612 | Top1: 0.0019 | Top5: 0.0123
  Train Batch [2700/13801] | Loss: 19.4611 | Top1: 0.0019 | Top5: 0.0123
  Train Batch [2725/13801] | Loss: 19.4611 | Top1: 0.0018 | Top5: 0.0122
  Train Batch [2750/13801] | Loss: 19.4611 | Top1: 0.0018 | Top5: 0.0121
  Train Batch [2775/13801] | Loss: 19.4611 | Top1: 0.0018 | Top5: 0.0123
  Train Batch [2800/13801] | Loss: 19.4611 | Top1: 0.0019 | Top5: 0.0123
  Train Batch [2825/13801] | Loss: 19.4611 | Top1: 0.0019 | Top5: 0.0122
  Train Batch [2850/13801] | Loss: 19.4610 | Top1: 0.0018 | Top5: 0.0124
  Train Batch [2875/13801] | Loss: 19.4610 | Top1: 0.0018 | Top5: 0.0123
  Train Batch [2900/13801] | Loss: 19.4610 | Top1: 0.0018 | Top5: 0.0122
  Train Batch [2925/13801] | Loss: 19.4610 | Top1: 0.0018 | Top5: 0.0122
  Train Batch [2950/13801] | Loss: 19.4609 | Top1: 0.0018 | Top5: 0.0123
  Train Batch [2975/13801] | Loss: 19.4609 | Top1: 0.0018 | Top5: 0.0124
  Train Batch [3000/13801] | Loss: 19.4609 | Top1: 0.0018 | Top5: 0.0124
  Train Batch [3025/13801] | Loss: 19.4608 | Top1: 0.0018 | Top5: 0.0124
  Train Batch [3050/13801] | Loss: 19.4608 | Top1: 0.0019 | Top5: 0.0125
  Train Batch [3075/13801] | Loss: 19.4607 | Top1: 0.0019 | Top5: 0.0125
  Train Batch [3100/13801] | Loss: 19.4607 | Top1: 0.0019 | Top5: 0.0124
  Train Batch [3125/13801] | Loss: 19.4607 | Top1: 0.0018 | Top5: 0.0125
  Train Batch [3150/13801] | Loss: 19.4607 | Top1: 0.0018 | Top5: 0.0125
  Train Batch [3175/13801] | Loss: 19.4607 | Top1: 0.0018 | Top5: 0.0124
  Train Batch [3200/13801] | Loss: 19.4607 | Top1: 0.0018 | Top5: 0.0124
  Train Batch [3225/13801] | Loss: 19.4607 | Top1: 0.0019 | Top5: 0.0125
  Train Batch [3250/13801] | Loss: 19.4607 | Top1: 0.0019 | Top5: 0.0125
  Train Batch [3275/13801] | Loss: 19.4607 | Top1: 0.0020 | Top5: 0.0126
  Train Batch [3300/13801] | Loss: 19.4606 | Top1: 0.0021 | Top5: 0.0128
  Train Batch [3325/13801] | Loss: 19.4606 | Top1: 0.0023 | Top5: 0.0132
  Train Batch [3350/13801] | Loss: 19.4605 | Top1: 0.0023 | Top5: 0.0135
  Train Batch [3375/13801] | Loss: 19.4605 | Top1: 0.0023 | Top5: 0.0137
  Train Batch [3400/13801] | Loss: 19.4604 | Top1: 0.0023 | Top5: 0.0138
  Train Batch [3425/13801] | Loss: 19.4604 | Top1: 0.0023 | Top5: 0.0139
  Train Batch [3450/13801] | Loss: 19.4604 | Top1: 0.0023 | Top5: 0.0139
  Train Batch [3475/13801] | Loss: 19.4604 | Top1: 0.0024 | Top5: 0.0140
  Train Batch [3500/13801] | Loss: 19.4603 | Top1: 0.0025 | Top5: 0.0140
  Train Batch [3525/13801] | Loss: 19.4603 | Top1: 0.0025 | Top5: 0.0141
  Train Batch [3550/13801] | Loss: 19.4602 | Top1: 0.0025 | Top5: 0.0141
  Train Batch [3575/13801] | Loss: 19.4602 | Top1: 0.0025 | Top5: 0.0141
  Train Batch [3600/13801] | Loss: 19.4602 | Top1: 0.0026 | Top5: 0.0142
  Train Batch [3625/13801] | Loss: 19.4601 | Top1: 0.0028 | Top5: 0.0143
  Train Batch [3650/13801] | Loss: 19.4602 | Top1: 0.0027 | Top5: 0.0144
  Train Batch [3675/13801] | Loss: 19.4602 | Top1: 0.0028 | Top5: 0.0144
  Train Batch [3700/13801] | Loss: 19.4601 | Top1: 0.0028 | Top5: 0.0145
  Train Batch [3725/13801] | Loss: 19.4601 | Top1: 0.0030 | Top5: 0.0146
  Train Batch [3750/13801] | Loss: 19.4601 | Top1: 0.0030 | Top5: 0.0146
  Train Batch [3775/13801] | Loss: 19.4601 | Top1: 0.0030 | Top5: 0.0147
  Train Batch [3800/13801] | Loss: 19.4600 | Top1: 0.0030 | Top5: 0.0147
  Train Batch [3825/13801] | Loss: 19.4600 | Top1: 0.0030 | Top5: 0.0148
  Train Batch [3850/13801] | Loss: 19.4600 | Top1: 0.0030 | Top5: 0.0149
  Train Batch [3875/13801] | Loss: 19.4600 | Top1: 0.0030 | Top5: 0.0149
  Train Batch [3900/13801] | Loss: 19.4599 | Top1: 0.0030 | Top5: 0.0149
  Train Batch [3925/13801] | Loss: 19.4599 | Top1: 0.0031 | Top5: 0.0150
  Train Batch [3950/13801] | Loss: 19.4599 | Top1: 0.0030 | Top5: 0.0149
  Train Batch [3975/13801] | Loss: 19.4599 | Top1: 0.0030 | Top5: 0.0150
  Train Batch [4000/13801] | Loss: 19.4599 | Top1: 0.0030 | Top5: 0.0151
  Train Batch [4025/13801] | Loss: 19.4599 | Top1: 0.0031 | Top5: 0.0153
  Train Batch [4050/13801] | Loss: 19.4598 | Top1: 0.0031 | Top5: 0.0154
  Train Batch [4075/13801] | Loss: 19.4598 | Top1: 0.0032 | Top5: 0.0155
  Train Batch [4100/13801] | Loss: 19.4597 | Top1: 0.0032 | Top5: 0.0155
  Train Batch [4125/13801] | Loss: 19.4597 | Top1: 0.0033 | Top5: 0.0156
  Train Batch [4150/13801] | Loss: 19.4597 | Top1: 0.0034 | Top5: 0.0159
  Train Batch [4175/13801] | Loss: 19.4597 | Top1: 0.0034 | Top5: 0.0159
  Train Batch [4200/13801] | Loss: 19.4596 | Top1: 0.0035 | Top5: 0.0160
  Train Batch [4225/13801] | Loss: 19.4596 | Top1: 0.0035 | Top5: 0.0160
  Train Batch [4250/13801] | Loss: 19.4596 | Top1: 0.0035 | Top5: 0.0161
  Train Batch [4275/13801] | Loss: 19.4596 | Top1: 0.0035 | Top5: 0.0160
  Train Batch [4300/13801] | Loss: 19.4596 | Top1: 0.0035 | Top5: 0.0160
  Train Batch [4325/13801] | Loss: 19.4596 | Top1: 0.0035 | Top5: 0.0162
  Train Batch [4350/13801] | Loss: 19.4595 | Top1: 0.0035 | Top5: 0.0161
  Train Batch [4375/13801] | Loss: 19.4595 | Top1: 0.0035 | Top5: 0.0163
  Train Batch [4400/13801] | Loss: 19.4595 | Top1: 0.0035 | Top5: 0.0163
  Train Batch [4425/13801] | Loss: 19.4595 | Top1: 0.0036 | Top5: 0.0163
  Train Batch [4450/13801] | Loss: 19.4595 | Top1: 0.0035 | Top5: 0.0163
  Train Batch [4475/13801] | Loss: 19.4595 | Top1: 0.0036 | Top5: 0.0164
  Train Batch [4500/13801] | Loss: 19.4594 | Top1: 0.0037 | Top5: 0.0164
  Train Batch [4525/13801] | Loss: 19.4594 | Top1: 0.0037 | Top5: 0.0164
  Train Batch [4550/13801] | Loss: 19.4594 | Top1: 0.0037 | Top5: 0.0163
  Train Batch [4575/13801] | Loss: 19.4594 | Top1: 0.0037 | Top5: 0.0164
  Train Batch [4600/13801] | Loss: 19.4594 | Top1: 0.0037 | Top5: 0.0164
  Train Batch [4625/13801] | Loss: 19.4593 | Top1: 0.0038 | Top5: 0.0164
  Train Batch [4650/13801] | Loss: 19.4593 | Top1: 0.0038 | Top5: 0.0165
  Train Batch [4675/13801] | Loss: 19.4592 | Top1: 0.0039 | Top5: 0.0166
  Train Batch [4700/13801] | Loss: 19.4592 | Top1: 0.0039 | Top5: 0.0166
  Train Batch [4725/13801] | Loss: 19.4592 | Top1: 0.0039 | Top5: 0.0166
  Train Batch [4750/13801] | Loss: 19.4592 | Top1: 0.0039 | Top5: 0.0166
  Train Batch [4775/13801] | Loss: 19.4592 | Top1: 0.0041 | Top5: 0.0166
  Train Batch [4800/13801] | Loss: 19.4592 | Top1: 0.0041 | Top5: 0.0166
  Train Batch [4825/13801] | Loss: 19.4592 | Top1: 0.0041 | Top5: 0.0167
  Train Batch [4850/13801] | Loss: 19.4592 | Top1: 0.0041 | Top5: 0.0167
  Train Batch [4875/13801] | Loss: 19.4591 | Top1: 0.0042 | Top5: 0.0168
  Train Batch [4900/13801] | Loss: 19.4591 | Top1: 0.0042 | Top5: 0.0169
  Train Batch [4925/13801] | Loss: 19.4591 | Top1: 0.0042 | Top5: 0.0169
  Train Batch [4950/13801] | Loss: 19.4590 | Top1: 0.0042 | Top5: 0.0170
  Train Batch [4975/13801] | Loss: 19.4590 | Top1: 0.0042 | Top5: 0.0171
  Train Batch [5000/13801] | Loss: 19.4590 | Top1: 0.0043 | Top5: 0.0171
  Train Batch [5025/13801] | Loss: 19.4590 | Top1: 0.0042 | Top5: 0.0170
  Train Batch [5050/13801] | Loss: 19.4590 | Top1: 0.0043 | Top5: 0.0170
  Train Batch [5075/13801] | Loss: 19.4590 | Top1: 0.0043 | Top5: 0.0171
  Train Batch [5100/13801] | Loss: 19.4590 | Top1: 0.0043 | Top5: 0.0172
  Train Batch [5125/13801] | Loss: 19.4589 | Top1: 0.0043 | Top5: 0.0173
  Train Batch [5150/13801] | Loss: 19.4589 | Top1: 0.0043 | Top5: 0.0172
  Train Batch [5175/13801] | Loss: 19.4589 | Top1: 0.0043 | Top5: 0.0171
  Train Batch [5200/13801] | Loss: 19.4589 | Top1: 0.0044 | Top5: 0.0174
  Train Batch [5225/13801] | Loss: 19.4589 | Top1: 0.0044 | Top5: 0.0174
  Train Batch [5250/13801] | Loss: 19.4588 | Top1: 0.0044 | Top5: 0.0174
  Train Batch [5275/13801] | Loss: 19.4588 | Top1: 0.0045 | Top5: 0.0175
  Train Batch [5300/13801] | Loss: 19.4588 | Top1: 0.0045 | Top5: 0.0175
  Train Batch [5325/13801] | Loss: 19.4588 | Top1: 0.0046 | Top5: 0.0177
  Train Batch [5350/13801] | Loss: 19.4587 | Top1: 0.0045 | Top5: 0.0177
  Train Batch [5375/13801] | Loss: 19.4587 | Top1: 0.0045 | Top5: 0.0178
  Train Batch [5400/13801] | Loss: 19.4587 | Top1: 0.0046 | Top5: 0.0179
  Train Batch [5425/13801] | Loss: 19.4587 | Top1: 0.0046 | Top5: 0.0181
  Train Batch [5450/13801] | Loss: 19.4586 | Top1: 0.0047 | Top5: 0.0183
  Train Batch [5475/13801] | Loss: 19.4586 | Top1: 0.0047 | Top5: 0.0183
  Train Batch [5500/13801] | Loss: 19.4586 | Top1: 0.0046 | Top5: 0.0184
  Train Batch [5525/13801] | Loss: 19.4586 | Top1: 0.0047 | Top5: 0.0184
  Train Batch [5550/13801] | Loss: 19.4585 | Top1: 0.0046 | Top5: 0.0185
  Train Batch [5575/13801] | Loss: 19.4585 | Top1: 0.0046 | Top5: 0.0186
  Train Batch [5600/13801] | Loss: 19.4585 | Top1: 0.0046 | Top5: 0.0186
  Train Batch [5625/13801] | Loss: 19.4585 | Top1: 0.0046 | Top5: 0.0186
  Train Batch [5650/13801] | Loss: 19.4584 | Top1: 0.0046 | Top5: 0.0186
  Train Batch [5675/13801] | Loss: 19.4584 | Top1: 0.0046 | Top5: 0.0186
  Train Batch [5700/13801] | Loss: 19.4584 | Top1: 0.0046 | Top5: 0.0186
  Train Batch [5725/13801] | Loss: 19.4584 | Top1: 0.0047 | Top5: 0.0186
  Train Batch [5750/13801] | Loss: 19.4583 | Top1: 0.0047 | Top5: 0.0186
  Train Batch [5775/13801] | Loss: 19.4583 | Top1: 0.0048 | Top5: 0.0189
  Train Batch [5800/13801] | Loss: 19.4583 | Top1: 0.0048 | Top5: 0.0190
  Train Batch [5825/13801] | Loss: 19.4583 | Top1: 0.0048 | Top5: 0.0191
  Train Batch [5850/13801] | Loss: 19.4582 | Top1: 0.0048 | Top5: 0.0193
  Train Batch [5875/13801] | Loss: 19.4582 | Top1: 0.0048 | Top5: 0.0193
  Train Batch [5900/13801] | Loss: 19.4582 | Top1: 0.0048 | Top5: 0.0194
  Train Batch [5925/13801] | Loss: 19.4582 | Top1: 0.0048 | Top5: 0.0194
  Train Batch [5950/13801] | Loss: 19.4581 | Top1: 0.0049 | Top5: 0.0195
  Train Batch [5975/13801] | Loss: 19.4581 | Top1: 0.0049 | Top5: 0.0195
  Train Batch [6000/13801] | Loss: 19.4581 | Top1: 0.0050 | Top5: 0.0196
  Train Batch [6025/13801] | Loss: 19.4581 | Top1: 0.0049 | Top5: 0.0196
  Train Batch [6050/13801] | Loss: 19.4581 | Top1: 0.0049 | Top5: 0.0197
  Train Batch [6075/13801] | Loss: 19.4581 | Top1: 0.0049 | Top5: 0.0197
  Train Batch [6100/13801] | Loss: 19.4580 | Top1: 0.0050 | Top5: 0.0198
  Train Batch [6125/13801] | Loss: 19.4580 | Top1: 0.0050 | Top5: 0.0199
  Train Batch [6150/13801] | Loss: 19.4580 | Top1: 0.0050 | Top5: 0.0201
  Train Batch [6175/13801] | Loss: 19.4579 | Top1: 0.0050 | Top5: 0.0202
  Train Batch [6200/13801] | Loss: 19.4579 | Top1: 0.0051 | Top5: 0.0204
  Train Batch [6225/13801] | Loss: 19.4579 | Top1: 0.0051 | Top5: 0.0205
  Train Batch [6250/13801] | Loss: 19.4579 | Top1: 0.0052 | Top5: 0.0205
  Train Batch [6275/13801] | Loss: 19.4579 | Top1: 0.0051 | Top5: 0.0205
  Train Batch [6300/13801] | Loss: 19.4579 | Top1: 0.0052 | Top5: 0.0206
  Train Batch [6325/13801] | Loss: 19.4578 | Top1: 0.0052 | Top5: 0.0206
  Train Batch [6350/13801] | Loss: 19.4578 | Top1: 0.0052 | Top5: 0.0206
  Train Batch [6375/13801] | Loss: 19.4578 | Top1: 0.0051 | Top5: 0.0207
  Train Batch [6400/13801] | Loss: 19.4578 | Top1: 0.0053 | Top5: 0.0209
  Train Batch [6425/13801] | Loss: 19.4577 | Top1: 0.0053 | Top5: 0.0210
  Train Batch [6450/13801] | Loss: 19.4577 | Top1: 0.0054 | Top5: 0.0212
  Train Batch [6475/13801] | Loss: 19.4577 | Top1: 0.0054 | Top5: 0.0212
  Train Batch [6500/13801] | Loss: 19.4577 | Top1: 0.0054 | Top5: 0.0212
  Train Batch [6525/13801] | Loss: 19.4576 | Top1: 0.0054 | Top5: 0.0212
  Train Batch [6550/13801] | Loss: 19.4576 | Top1: 0.0055 | Top5: 0.0212
  Train Batch [6575/13801] | Loss: 19.4576 | Top1: 0.0055 | Top5: 0.0214
  Train Batch [6600/13801] | Loss: 19.4576 | Top1: 0.0055 | Top5: 0.0214
  Train Batch [6625/13801] | Loss: 19.4575 | Top1: 0.0055 | Top5: 0.0214
  Train Batch [6650/13801] | Loss: 19.4575 | Top1: 0.0056 | Top5: 0.0215
  Train Batch [6675/13801] | Loss: 19.4575 | Top1: 0.0056 | Top5: 0.0217
  Train Batch [6700/13801] | Loss: 19.4575 | Top1: 0.0056 | Top5: 0.0217
  Train Batch [6725/13801] | Loss: 19.4575 | Top1: 0.0056 | Top5: 0.0219
  Train Batch [6750/13801] | Loss: 19.4574 | Top1: 0.0057 | Top5: 0.0219
  Train Batch [6775/13801] | Loss: 19.4574 | Top1: 0.0057 | Top5: 0.0220
  Train Batch [6800/13801] | Loss: 19.4574 | Top1: 0.0057 | Top5: 0.0221
  Train Batch [6825/13801] | Loss: 19.4574 | Top1: 0.0058 | Top5: 0.0221
  Train Batch [6850/13801] | Loss: 19.4574 | Top1: 0.0058 | Top5: 0.0221
  Train Batch [6875/13801] | Loss: 19.4573 | Top1: 0.0058 | Top5: 0.0222
  Train Batch [6900/13801] | Loss: 19.4573 | Top1: 0.0059 | Top5: 0.0223
  Train Batch [6925/13801] | Loss: 19.4573 | Top1: 0.0059 | Top5: 0.0225
  Train Batch [6950/13801] | Loss: 19.4572 | Top1: 0.0060 | Top5: 0.0226
  Train Batch [6975/13801] | Loss: 19.4572 | Top1: 0.0060 | Top5: 0.0225
  Train Batch [7000/13801] | Loss: 19.4572 | Top1: 0.0060 | Top5: 0.0226
  Train Batch [7025/13801] | Loss: 19.4571 | Top1: 0.0060 | Top5: 0.0228
  Train Batch [7050/13801] | Loss: 19.4571 | Top1: 0.0061 | Top5: 0.0230
  Train Batch [7075/13801] | Loss: 19.4571 | Top1: 0.0060 | Top5: 0.0231
  Train Batch [7100/13801] | Loss: 19.4571 | Top1: 0.0060 | Top5: 0.0231
  Train Batch [7125/13801] | Loss: 19.4571 | Top1: 0.0060 | Top5: 0.0231
  Train Batch [7150/13801] | Loss: 19.4570 | Top1: 0.0060 | Top5: 0.0230
  Train Batch [7175/13801] | Loss: 19.4570 | Top1: 0.0060 | Top5: 0.0231
  Train Batch [7200/13801] | Loss: 19.4570 | Top1: 0.0060 | Top5: 0.0231
  Train Batch [7225/13801] | Loss: 19.4570 | Top1: 0.0060 | Top5: 0.0231
  Train Batch [7250/13801] | Loss: 19.4570 | Top1: 0.0060 | Top5: 0.0232
  Train Batch [7275/13801] | Loss: 19.4569 | Top1: 0.0060 | Top5: 0.0232
  Train Batch [7300/13801] | Loss: 19.4569 | Top1: 0.0060 | Top5: 0.0233
  Train Batch [7325/13801] | Loss: 19.4569 | Top1: 0.0061 | Top5: 0.0234
  Train Batch [7350/13801] | Loss: 19.4569 | Top1: 0.0061 | Top5: 0.0235
  Train Batch [7375/13801] | Loss: 19.4568 | Top1: 0.0062 | Top5: 0.0236
  Train Batch [7400/13801] | Loss: 19.4568 | Top1: 0.0062 | Top5: 0.0235
  Train Batch [7425/13801] | Loss: 19.4568 | Top1: 0.0062 | Top5: 0.0236
  Train Batch [7450/13801] | Loss: 19.4568 | Top1: 0.0062 | Top5: 0.0236
  Train Batch [7475/13801] | Loss: 19.4567 | Top1: 0.0063 | Top5: 0.0238
  Train Batch [7500/13801] | Loss: 19.4567 | Top1: 0.0062 | Top5: 0.0239
  Train Batch [7525/13801] | Loss: 19.4567 | Top1: 0.0063 | Top5: 0.0241
  Train Batch [7550/13801] | Loss: 19.4566 | Top1: 0.0064 | Top5: 0.0241
  Train Batch [7575/13801] | Loss: 19.4566 | Top1: 0.0064 | Top5: 0.0242
  Train Batch [7600/13801] | Loss: 19.4566 | Top1: 0.0064 | Top5: 0.0242
  Train Batch [7625/13801] | Loss: 19.4566 | Top1: 0.0065 | Top5: 0.0244
  Train Batch [7650/13801] | Loss: 19.4565 | Top1: 0.0065 | Top5: 0.0245
  Train Batch [7675/13801] | Loss: 19.4565 | Top1: 0.0066 | Top5: 0.0245
  Train Batch [7700/13801] | Loss: 19.4565 | Top1: 0.0066 | Top5: 0.0245
  Train Batch [7725/13801] | Loss: 19.4565 | Top1: 0.0067 | Top5: 0.0247
  Train Batch [7750/13801] | Loss: 19.4564 | Top1: 0.0068 | Top5: 0.0248
  Train Batch [7775/13801] | Loss: 19.4564 | Top1: 0.0068 | Top5: 0.0249
  Train Batch [7800/13801] | Loss: 19.4564 | Top1: 0.0069 | Top5: 0.0250
  Train Batch [7825/13801] | Loss: 19.4564 | Top1: 0.0068 | Top5: 0.0251
  Train Batch [7850/13801] | Loss: 19.4564 | Top1: 0.0068 | Top5: 0.0251
  Train Batch [7875/13801] | Loss: 19.4563 | Top1: 0.0069 | Top5: 0.0252
  Train Batch [7900/13801] | Loss: 19.4563 | Top1: 0.0070 | Top5: 0.0253
  Train Batch [7925/13801] | Loss: 19.4563 | Top1: 0.0071 | Top5: 0.0255
  Train Batch [7950/13801] | Loss: 19.4563 | Top1: 0.0071 | Top5: 0.0256
  Train Batch [7975/13801] | Loss: 19.4562 | Top1: 0.0072 | Top5: 0.0257
  Train Batch [8000/13801] | Loss: 19.4562 | Top1: 0.0073 | Top5: 0.0258
  Train Batch [8025/13801] | Loss: 19.4562 | Top1: 0.0073 | Top5: 0.0259
  Train Batch [8050/13801] | Loss: 19.4562 | Top1: 0.0074 | Top5: 0.0259
  Train Batch [8075/13801] | Loss: 19.4561 | Top1: 0.0075 | Top5: 0.0261
  Train Batch [8100/13801] | Loss: 19.4561 | Top1: 0.0075 | Top5: 0.0263
  Train Batch [8125/13801] | Loss: 19.4561 | Top1: 0.0075 | Top5: 0.0263
  Train Batch [8150/13801] | Loss: 19.4561 | Top1: 0.0076 | Top5: 0.0264
  Train Batch [8175/13801] | Loss: 19.4560 | Top1: 0.0077 | Top5: 0.0266
  Train Batch [8200/13801] | Loss: 19.4560 | Top1: 0.0078 | Top5: 0.0267
  Train Batch [8225/13801] | Loss: 19.4560 | Top1: 0.0080 | Top5: 0.0269
  Train Batch [8250/13801] | Loss: 19.4560 | Top1: 0.0080 | Top5: 0.0270
  Train Batch [8275/13801] | Loss: 19.4559 | Top1: 0.0080 | Top5: 0.0270
  Train Batch [8300/13801] | Loss: 19.4559 | Top1: 0.0081 | Top5: 0.0272
  Train Batch [8325/13801] | Loss: 19.4559 | Top1: 0.0080 | Top5: 0.0273
  Train Batch [8350/13801] | Loss: 19.4559 | Top1: 0.0081 | Top5: 0.0275
  Train Batch [8375/13801] | Loss: 19.4558 | Top1: 0.0081 | Top5: 0.0275
  Train Batch [8400/13801] | Loss: 19.4558 | Top1: 0.0081 | Top5: 0.0276
  Train Batch [8425/13801] | Loss: 19.4558 | Top1: 0.0081 | Top5: 0.0276
  Train Batch [8450/13801] | Loss: 19.4558 | Top1: 0.0082 | Top5: 0.0278
  Train Batch [8475/13801] | Loss: 19.4557 | Top1: 0.0083 | Top5: 0.0279
  Train Batch [8500/13801] | Loss: 19.4557 | Top1: 0.0083 | Top5: 0.0279
  Train Batch [8525/13801] | Loss: 19.4557 | Top1: 0.0083 | Top5: 0.0279
  Train Batch [8550/13801] | Loss: 19.4557 | Top1: 0.0084 | Top5: 0.0281
  Train Batch [8575/13801] | Loss: 19.4556 | Top1: 0.0084 | Top5: 0.0281
  Train Batch [8600/13801] | Loss: 19.4556 | Top1: 0.0084 | Top5: 0.0281
  Train Batch [8625/13801] | Loss: 19.4556 | Top1: 0.0084 | Top5: 0.0282
  Train Batch [8650/13801] | Loss: 19.4556 | Top1: 0.0084 | Top5: 0.0284
  Train Batch [8675/13801] | Loss: 19.4556 | Top1: 0.0084 | Top5: 0.0284
  Train Batch [8700/13801] | Loss: 19.4555 | Top1: 0.0085 | Top5: 0.0284
  Train Batch [8725/13801] | Loss: 19.4555 | Top1: 0.0085 | Top5: 0.0285
  Train Batch [8750/13801] | Loss: 19.4555 | Top1: 0.0086 | Top5: 0.0287
  Train Batch [8775/13801] | Loss: 19.4554 | Top1: 0.0087 | Top5: 0.0289
  Train Batch [8800/13801] | Loss: 19.4554 | Top1: 0.0088 | Top5: 0.0291
  Train Batch [8825/13801] | Loss: 19.4554 | Top1: 0.0088 | Top5: 0.0291
  Train Batch [8850/13801] | Loss: 19.4554 | Top1: 0.0088 | Top5: 0.0293
  Train Batch [8875/13801] | Loss: 19.4554 | Top1: 0.0088 | Top5: 0.0294
  Train Batch [8900/13801] | Loss: 19.4553 | Top1: 0.0088 | Top5: 0.0294
  Train Batch [8925/13801] | Loss: 19.4553 | Top1: 0.0089 | Top5: 0.0294
  Train Batch [8950/13801] | Loss: 19.4553 | Top1: 0.0089 | Top5: 0.0294
  Train Batch [8975/13801] | Loss: 19.4553 | Top1: 0.0089 | Top5: 0.0297
  Train Batch [9000/13801] | Loss: 19.4552 | Top1: 0.0089 | Top5: 0.0299
  Train Batch [9025/13801] | Loss: 19.4552 | Top1: 0.0090 | Top5: 0.0301
  Train Batch [9050/13801] | Loss: 19.4552 | Top1: 0.0090 | Top5: 0.0301
  Train Batch [9075/13801] | Loss: 19.4552 | Top1: 0.0091 | Top5: 0.0302
  Train Batch [9100/13801] | Loss: 19.4551 | Top1: 0.0091 | Top5: 0.0303
  Train Batch [9125/13801] | Loss: 19.4551 | Top1: 0.0091 | Top5: 0.0304
  Train Batch [9150/13801] | Loss: 19.4551 | Top1: 0.0091 | Top5: 0.0303
  Train Batch [9175/13801] | Loss: 19.4551 | Top1: 0.0092 | Top5: 0.0304
  Train Batch [9200/13801] | Loss: 19.4550 | Top1: 0.0092 | Top5: 0.0305
  Train Batch [9225/13801] | Loss: 19.4550 | Top1: 0.0094 | Top5: 0.0307
  Train Batch [9250/13801] | Loss: 19.4550 | Top1: 0.0095 | Top5: 0.0308
  Train Batch [9275/13801] | Loss: 19.4550 | Top1: 0.0095 | Top5: 0.0309
  Train Batch [9300/13801] | Loss: 19.4549 | Top1: 0.0096 | Top5: 0.0310
  Train Batch [9325/13801] | Loss: 19.4549 | Top1: 0.0096 | Top5: 0.0312
  Train Batch [9350/13801] | Loss: 19.4549 | Top1: 0.0096 | Top5: 0.0313
  Train Batch [9375/13801] | Loss: 19.4549 | Top1: 0.0096 | Top5: 0.0313
  Train Batch [9400/13801] | Loss: 19.4548 | Top1: 0.0097 | Top5: 0.0314
  Train Batch [9425/13801] | Loss: 19.4548 | Top1: 0.0097 | Top5: 0.0314
  Train Batch [9450/13801] | Loss: 19.4548 | Top1: 0.0098 | Top5: 0.0316
  Train Batch [9475/13801] | Loss: 19.4548 | Top1: 0.0098 | Top5: 0.0317
  Train Batch [9500/13801] | Loss: 19.4547 | Top1: 0.0099 | Top5: 0.0318
  Train Batch [9525/13801] | Loss: 19.4547 | Top1: 0.0100 | Top5: 0.0321
  Train Batch [9550/13801] | Loss: 19.4547 | Top1: 0.0099 | Top5: 0.0321
  Train Batch [9575/13801] | Loss: 19.4547 | Top1: 0.0100 | Top5: 0.0320
  Train Batch [9600/13801] | Loss: 19.4546 | Top1: 0.0100 | Top5: 0.0321
  Train Batch [9625/13801] | Loss: 19.4546 | Top1: 0.0100 | Top5: 0.0323
  Train Batch [9650/13801] | Loss: 19.4546 | Top1: 0.0101 | Top5: 0.0324
  Train Batch [9675/13801] | Loss: 19.4546 | Top1: 0.0102 | Top5: 0.0325
  Train Batch [9700/13801] | Loss: 19.4545 | Top1: 0.0102 | Top5: 0.0326
  Train Batch [9725/13801] | Loss: 19.4545 | Top1: 0.0102 | Top5: 0.0328
  Train Batch [9750/13801] | Loss: 19.4545 | Top1: 0.0103 | Top5: 0.0329
  Train Batch [9775/13801] | Loss: 19.4545 | Top1: 0.0104 | Top5: 0.0331
  Train Batch [9800/13801] | Loss: 19.4545 | Top1: 0.0104 | Top5: 0.0331
  Train Batch [9825/13801] | Loss: 19.4544 | Top1: 0.0105 | Top5: 0.0334
  Train Batch [9850/13801] | Loss: 19.4544 | Top1: 0.0104 | Top5: 0.0334
  Train Batch [9875/13801] | Loss: 19.4544 | Top1: 0.0106 | Top5: 0.0335
  Train Batch [9900/13801] | Loss: 19.4544 | Top1: 0.0105 | Top5: 0.0334
  Train Batch [9925/13801] | Loss: 19.4543 | Top1: 0.0107 | Top5: 0.0336
  Train Batch [9950/13801] | Loss: 19.4543 | Top1: 0.0107 | Top5: 0.0336
  Train Batch [9975/13801] | Loss: 19.4542 | Top1: 0.0109 | Top5: 0.0338
  Train Batch [10000/13801] | Loss: 19.4542 | Top1: 0.0109 | Top5: 0.0339
  Train Batch [10025/13801] | Loss: 19.4542 | Top1: 0.0109 | Top5: 0.0340
  Train Batch [10050/13801] | Loss: 19.4541 | Top1: 0.0109 | Top5: 0.0342
  Train Batch [10075/13801] | Loss: 19.4541 | Top1: 0.0110 | Top5: 0.0342
  Train Batch [10100/13801] | Loss: 19.4541 | Top1: 0.0110 | Top5: 0.0343
  Train Batch [10125/13801] | Loss: 19.4541 | Top1: 0.0110 | Top5: 0.0344
  Train Batch [10150/13801] | Loss: 19.4540 | Top1: 0.0111 | Top5: 0.0346
  Train Batch [10175/13801] | Loss: 19.4540 | Top1: 0.0111 | Top5: 0.0347
  Train Batch [10200/13801] | Loss: 19.4540 | Top1: 0.0112 | Top5: 0.0349
  Train Batch [10225/13801] | Loss: 19.4539 | Top1: 0.0112 | Top5: 0.0352
  Train Batch [10250/13801] | Loss: 19.4539 | Top1: 0.0113 | Top5: 0.0352
  Train Batch [10275/13801] | Loss: 19.4539 | Top1: 0.0113 | Top5: 0.0352
  Train Batch [10300/13801] | Loss: 19.4539 | Top1: 0.0114 | Top5: 0.0353
  Train Batch [10325/13801] | Loss: 19.4538 | Top1: 0.0114 | Top5: 0.0354
  Train Batch [10350/13801] | Loss: 19.4538 | Top1: 0.0114 | Top5: 0.0354
  Train Batch [10375/13801] | Loss: 19.4538 | Top1: 0.0115 | Top5: 0.0355
  Train Batch [10400/13801] | Loss: 19.4538 | Top1: 0.0115 | Top5: 0.0356
  Train Batch [10425/13801] | Loss: 19.4537 | Top1: 0.0116 | Top5: 0.0357
  Train Batch [10450/13801] | Loss: 19.4537 | Top1: 0.0116 | Top5: 0.0359
  Train Batch [10475/13801] | Loss: 19.4537 | Top1: 0.0116 | Top5: 0.0359
  Train Batch [10500/13801] | Loss: 19.4537 | Top1: 0.0116 | Top5: 0.0359
  Train Batch [10525/13801] | Loss: 19.4536 | Top1: 0.0117 | Top5: 0.0362
  Train Batch [10550/13801] | Loss: 19.4536 | Top1: 0.0117 | Top5: 0.0363
  Train Batch [10575/13801] | Loss: 19.4536 | Top1: 0.0117 | Top5: 0.0363
  Train Batch [10600/13801] | Loss: 19.4536 | Top1: 0.0118 | Top5: 0.0364
  Train Batch [10625/13801] | Loss: 19.4536 | Top1: 0.0117 | Top5: 0.0365
  Train Batch [10650/13801] | Loss: 19.4535 | Top1: 0.0119 | Top5: 0.0367
  Train Batch [10675/13801] | Loss: 19.4535 | Top1: 0.0119 | Top5: 0.0367
  Train Batch [10700/13801] | Loss: 19.4535 | Top1: 0.0120 | Top5: 0.0369
  Train Batch [10725/13801] | Loss: 19.4535 | Top1: 0.0121 | Top5: 0.0370
  Train Batch [10750/13801] | Loss: 19.4535 | Top1: 0.0122 | Top5: 0.0371
  Train Batch [10775/13801] | Loss: 19.4534 | Top1: 0.0123 | Top5: 0.0372
  Train Batch [10800/13801] | Loss: 19.4534 | Top1: 0.0123 | Top5: 0.0372
  Train Batch [10825/13801] | Loss: 19.4534 | Top1: 0.0124 | Top5: 0.0373
  Train Batch [10850/13801] | Loss: 19.4534 | Top1: 0.0124 | Top5: 0.0374
  Train Batch [10875/13801] | Loss: 19.4533 | Top1: 0.0125 | Top5: 0.0375
  Train Batch [10900/13801] | Loss: 19.4533 | Top1: 0.0125 | Top5: 0.0376
  Train Batch [10925/13801] | Loss: 19.4533 | Top1: 0.0125 | Top5: 0.0376
  Train Batch [10950/13801] | Loss: 19.4533 | Top1: 0.0126 | Top5: 0.0377
  Train Batch [10975/13801] | Loss: 19.4533 | Top1: 0.0126 | Top5: 0.0377
  Train Batch [11000/13801] | Loss: 19.4532 | Top1: 0.0126 | Top5: 0.0377
  Train Batch [11025/13801] | Loss: 19.4532 | Top1: 0.0126 | Top5: 0.0377
  Train Batch [11050/13801] | Loss: 19.4532 | Top1: 0.0127 | Top5: 0.0379
  Train Batch [11075/13801] | Loss: 19.4532 | Top1: 0.0128 | Top5: 0.0380
  Train Batch [11100/13801] | Loss: 19.4531 | Top1: 0.0128 | Top5: 0.0381
  Train Batch [11125/13801] | Loss: 19.4531 | Top1: 0.0128 | Top5: 0.0382
  Train Batch [11150/13801] | Loss: 19.4531 | Top1: 0.0129 | Top5: 0.0383
  Train Batch [11175/13801] | Loss: 19.4531 | Top1: 0.0130 | Top5: 0.0384
  Train Batch [11200/13801] | Loss: 19.4530 | Top1: 0.0130 | Top5: 0.0385
  Train Batch [11225/13801] | Loss: 19.4530 | Top1: 0.0130 | Top5: 0.0386
  Train Batch [11250/13801] | Loss: 19.4530 | Top1: 0.0130 | Top5: 0.0388
  Train Batch [11275/13801] | Loss: 19.4529 | Top1: 0.0132 | Top5: 0.0390
  Train Batch [11300/13801] | Loss: 19.4529 | Top1: 0.0133 | Top5: 0.0392
  Train Batch [11325/13801] | Loss: 19.4529 | Top1: 0.0133 | Top5: 0.0393
  Train Batch [11350/13801] | Loss: 19.4529 | Top1: 0.0133 | Top5: 0.0395
  Train Batch [11375/13801] | Loss: 19.4528 | Top1: 0.0133 | Top5: 0.0395
  Train Batch [11400/13801] | Loss: 19.4528 | Top1: 0.0134 | Top5: 0.0396
  Train Batch [11425/13801] | Loss: 19.4528 | Top1: 0.0134 | Top5: 0.0397
  Train Batch [11450/13801] | Loss: 19.4528 | Top1: 0.0135 | Top5: 0.0398
  Train Batch [11475/13801] | Loss: 19.4528 | Top1: 0.0135 | Top5: 0.0398
  Train Batch [11500/13801] | Loss: 19.4527 | Top1: 0.0135 | Top5: 0.0398
  Train Batch [11525/13801] | Loss: 19.4527 | Top1: 0.0135 | Top5: 0.0400
  Train Batch [11550/13801] | Loss: 19.4527 | Top1: 0.0135 | Top5: 0.0400
  Train Batch [11575/13801] | Loss: 19.4527 | Top1: 0.0135 | Top5: 0.0401
  Train Batch [11600/13801] | Loss: 19.4526 | Top1: 0.0136 | Top5: 0.0403
  Train Batch [11625/13801] | Loss: 19.4526 | Top1: 0.0137 | Top5: 0.0405
  Train Batch [11650/13801] | Loss: 19.4526 | Top1: 0.0138 | Top5: 0.0406
  Train Batch [11675/13801] | Loss: 19.4526 | Top1: 0.0138 | Top5: 0.0408
  Train Batch [11700/13801] | Loss: 19.4525 | Top1: 0.0139 | Top5: 0.0409
  Train Batch [11725/13801] | Loss: 19.4525 | Top1: 0.0139 | Top5: 0.0409
  Train Batch [11750/13801] | Loss: 19.4525 | Top1: 0.0139 | Top5: 0.0410
  Train Batch [11775/13801] | Loss: 19.4525 | Top1: 0.0140 | Top5: 0.0411
  Train Batch [11800/13801] | Loss: 19.4524 | Top1: 0.0140 | Top5: 0.0412
  Train Batch [11825/13801] | Loss: 19.4524 | Top1: 0.0141 | Top5: 0.0413
  Train Batch [11850/13801] | Loss: 19.4524 | Top1: 0.0141 | Top5: 0.0415
  Train Batch [11875/13801] | Loss: 19.4523 | Top1: 0.0141 | Top5: 0.0416
  Train Batch [11900/13801] | Loss: 19.4523 | Top1: 0.0142 | Top5: 0.0416
  Train Batch [11925/13801] | Loss: 19.4523 | Top1: 0.0142 | Top5: 0.0417
  Train Batch [11950/13801] | Loss: 19.4523 | Top1: 0.0142 | Top5: 0.0418
  Train Batch [11975/13801] | Loss: 19.4523 | Top1: 0.0142 | Top5: 0.0419
  Train Batch [12000/13801] | Loss: 19.4522 | Top1: 0.0143 | Top5: 0.0419
  Train Batch [12025/13801] | Loss: 19.4522 | Top1: 0.0143 | Top5: 0.0420
  Train Batch [12050/13801] | Loss: 19.4522 | Top1: 0.0143 | Top5: 0.0421
  Train Batch [12075/13801] | Loss: 19.4522 | Top1: 0.0144 | Top5: 0.0422
  Train Batch [12100/13801] | Loss: 19.4521 | Top1: 0.0144 | Top5: 0.0422
  Train Batch [12125/13801] | Loss: 19.4521 | Top1: 0.0145 | Top5: 0.0423
  Train Batch [12150/13801] | Loss: 19.4521 | Top1: 0.0145 | Top5: 0.0424
  Train Batch [12175/13801] | Loss: 19.4521 | Top1: 0.0146 | Top5: 0.0425
  Train Batch [12200/13801] | Loss: 19.4520 | Top1: 0.0147 | Top5: 0.0426
  Train Batch [12225/13801] | Loss: 19.4520 | Top1: 0.0147 | Top5: 0.0428
  Train Batch [12250/13801] | Loss: 19.4520 | Top1: 0.0147 | Top5: 0.0428
  Train Batch [12275/13801] | Loss: 19.4520 | Top1: 0.0147 | Top5: 0.0427
  Train Batch [12300/13801] | Loss: 19.4519 | Top1: 0.0148 | Top5: 0.0429
  Train Batch [12325/13801] | Loss: 19.4519 | Top1: 0.0148 | Top5: 0.0429
  Train Batch [12350/13801] | Loss: 19.4519 | Top1: 0.0149 | Top5: 0.0431
  Train Batch [12375/13801] | Loss: 19.4518 | Top1: 0.0149 | Top5: 0.0432
  Train Batch [12400/13801] | Loss: 19.4518 | Top1: 0.0151 | Top5: 0.0435
  Train Batch [12425/13801] | Loss: 19.4518 | Top1: 0.0151 | Top5: 0.0436
  Train Batch [12450/13801] | Loss: 19.4518 | Top1: 0.0152 | Top5: 0.0437
  Train Batch [12475/13801] | Loss: 19.4517 | Top1: 0.0152 | Top5: 0.0438
  Train Batch [12500/13801] | Loss: 19.4517 | Top1: 0.0154 | Top5: 0.0440
  Train Batch [12525/13801] | Loss: 19.4517 | Top1: 0.0154 | Top5: 0.0441
  Train Batch [12550/13801] | Loss: 19.4517 | Top1: 0.0154 | Top5: 0.0442
  Train Batch [12575/13801] | Loss: 19.4516 | Top1: 0.0155 | Top5: 0.0443
  Train Batch [12600/13801] | Loss: 19.4516 | Top1: 0.0156 | Top5: 0.0445
  Train Batch [12625/13801] | Loss: 19.4516 | Top1: 0.0156 | Top5: 0.0447
  Train Batch [12650/13801] | Loss: 19.4515 | Top1: 0.0157 | Top5: 0.0450
  Train Batch [12675/13801] | Loss: 19.4515 | Top1: 0.0157 | Top5: 0.0451
  Train Batch [12700/13801] | Loss: 19.4515 | Top1: 0.0159 | Top5: 0.0453
  Train Batch [12725/13801] | Loss: 19.4514 | Top1: 0.0161 | Top5: 0.0456
  Train Batch [12750/13801] | Loss: 19.4514 | Top1: 0.0161 | Top5: 0.0457
  Train Batch [12775/13801] | Loss: 19.4514 | Top1: 0.0162 | Top5: 0.0458
  Train Batch [12800/13801] | Loss: 19.4514 | Top1: 0.0162 | Top5: 0.0458
  Train Batch [12825/13801] | Loss: 19.4513 | Top1: 0.0163 | Top5: 0.0460
  Train Batch [12850/13801] | Loss: 19.4513 | Top1: 0.0163 | Top5: 0.0461
  Train Batch [12875/13801] | Loss: 19.4513 | Top1: 0.0163 | Top5: 0.0462
  Train Batch [12900/13801] | Loss: 19.4513 | Top1: 0.0164 | Top5: 0.0462
  Train Batch [12925/13801] | Loss: 19.4512 | Top1: 0.0164 | Top5: 0.0465
  Train Batch [12950/13801] | Loss: 19.4512 | Top1: 0.0165 | Top5: 0.0466
  Train Batch [12975/13801] | Loss: 19.4512 | Top1: 0.0166 | Top5: 0.0469
  Train Batch [13000/13801] | Loss: 19.4512 | Top1: 0.0166 | Top5: 0.0470
  Train Batch [13025/13801] | Loss: 19.4511 | Top1: 0.0167 | Top5: 0.0471
  Train Batch [13050/13801] | Loss: 19.4511 | Top1: 0.0168 | Top5: 0.0472
  Train Batch [13075/13801] | Loss: 19.4511 | Top1: 0.0169 | Top5: 0.0473
  Train Batch [13100/13801] | Loss: 19.4510 | Top1: 0.0169 | Top5: 0.0474
  Train Batch [13125/13801] | Loss: 19.4510 | Top1: 0.0170 | Top5: 0.0475
  Train Batch [13150/13801] | Loss: 19.4510 | Top1: 0.0170 | Top5: 0.0476
  Train Batch [13175/13801] | Loss: 19.4510 | Top1: 0.0171 | Top5: 0.0479
  Train Batch [13200/13801] | Loss: 19.4509 | Top1: 0.0173 | Top5: 0.0481
  Train Batch [13225/13801] | Loss: 19.4509 | Top1: 0.0174 | Top5: 0.0483
  Train Batch [13250/13801] | Loss: 19.4509 | Top1: 0.0175 | Top5: 0.0484
  Train Batch [13275/13801] | Loss: 19.4509 | Top1: 0.0176 | Top5: 0.0485
  Train Batch [13300/13801] | Loss: 19.4508 | Top1: 0.0176 | Top5: 0.0486
  Train Batch [13325/13801] | Loss: 19.4508 | Top1: 0.0176 | Top5: 0.0488
  Train Batch [13350/13801] | Loss: 19.4508 | Top1: 0.0177 | Top5: 0.0489
  Train Batch [13375/13801] | Loss: 19.4508 | Top1: 0.0177 | Top5: 0.0490
  Train Batch [13400/13801] | Loss: 19.4507 | Top1: 0.0178 | Top5: 0.0490
  Train Batch [13425/13801] | Loss: 19.4507 | Top1: 0.0178 | Top5: 0.0491
  Train Batch [13450/13801] | Loss: 19.4507 | Top1: 0.0179 | Top5: 0.0493
  Train Batch [13475/13801] | Loss: 19.4507 | Top1: 0.0179 | Top5: 0.0494
  Train Batch [13500/13801] | Loss: 19.4506 | Top1: 0.0180 | Top5: 0.0496
  Train Batch [13525/13801] | Loss: 19.4506 | Top1: 0.0181 | Top5: 0.0497
  Train Batch [13550/13801] | Loss: 19.4506 | Top1: 0.0182 | Top5: 0.0499
  Train Batch [13575/13801] | Loss: 19.4506 | Top1: 0.0183 | Top5: 0.0501
  Train Batch [13600/13801] | Loss: 19.4505 | Top1: 0.0183 | Top5: 0.0502
  Train Batch [13625/13801] | Loss: 19.4505 | Top1: 0.0184 | Top5: 0.0503
  Train Batch [13650/13801] | Loss: 19.4505 | Top1: 0.0184 | Top5: 0.0505
  Train Batch [13675/13801] | Loss: 19.4505 | Top1: 0.0184 | Top5: 0.0505
  Train Batch [13700/13801] | Loss: 19.4504 | Top1: 0.0185 | Top5: 0.0506
  Train Batch [13725/13801] | Loss: 19.4504 | Top1: 0.0186 | Top5: 0.0508
  Train Batch [13750/13801] | Loss: 19.4504 | Top1: 0.0187 | Top5: 0.0509
  Train Batch [13775/13801] | Loss: 19.4504 | Top1: 0.0187 | Top5: 0.0509
  Train Batch [13800/13801] | Loss: 19.4503 | Top1: 0.0187 | Top5: 0.0511
  Train Batch [13801/13801] | Loss: 19.4503 | Top1: 0.0187 | Top5: 0.0511
  Train Epoch Time: 4571.699s
  Val Batch [25/2431] | Loss: 6.4772 | Top1: 0.0700 | Top5: 0.1400
  Val Batch [50/2431] | Loss: 6.4775 | Top1: 0.0500 | Top5: 0.1150
  Val Batch [75/2431] | Loss: 6.4773 | Top1: 0.0567 | Top5: 0.1167
  Val Batch [100/2431] | Loss: 6.4771 | Top1: 0.0575 | Top5: 0.1275
  Val Batch [125/2431] | Loss: 6.4769 | Top1: 0.0600 | Top5: 0.1300
  Val Batch [150/2431] | Loss: 6.4766 | Top1: 0.0633 | Top5: 0.1317
  Val Batch [175/2431] | Loss: 6.4767 | Top1: 0.0586 | Top5: 0.1271
  Val Batch [200/2431] | Loss: 6.4766 | Top1: 0.0638 | Top5: 0.1363
  Val Batch [225/2431] | Loss: 6.4764 | Top1: 0.0656 | Top5: 0.1411
  Val Batch [250/2431] | Loss: 6.4763 | Top1: 0.0670 | Top5: 0.1440
  Val Batch [275/2431] | Loss: 6.4763 | Top1: 0.0636 | Top5: 0.1427
  Val Batch [300/2431] | Loss: 6.4763 | Top1: 0.0650 | Top5: 0.1408
  Val Batch [325/2431] | Loss: 6.4763 | Top1: 0.0615 | Top5: 0.1385
  Val Batch [350/2431] | Loss: 6.4764 | Top1: 0.0600 | Top5: 0.1357
  Val Batch [375/2431] | Loss: 6.4762 | Top1: 0.0647 | Top5: 0.1400
  Val Batch [400/2431] | Loss: 6.4762 | Top1: 0.0650 | Top5: 0.1400
  Val Batch [425/2431] | Loss: 6.4761 | Top1: 0.0676 | Top5: 0.1424
  Val Batch [450/2431] | Loss: 6.4762 | Top1: 0.0650 | Top5: 0.1378
  Val Batch [475/2431] | Loss: 6.4763 | Top1: 0.0658 | Top5: 0.1363
  Val Batch [500/2431] | Loss: 6.4763 | Top1: 0.0660 | Top5: 0.1340
  Val Batch [525/2431] | Loss: 6.4763 | Top1: 0.0662 | Top5: 0.1343
  Val Batch [550/2431] | Loss: 6.4764 | Top1: 0.0645 | Top5: 0.1318
  Val Batch [575/2431] | Loss: 6.4763 | Top1: 0.0652 | Top5: 0.1322
  Val Batch [600/2431] | Loss: 6.4763 | Top1: 0.0658 | Top5: 0.1321
  Val Batch [625/2431] | Loss: 6.4764 | Top1: 0.0656 | Top5: 0.1312
  Val Batch [650/2431] | Loss: 6.4763 | Top1: 0.0665 | Top5: 0.1331
  Val Batch [675/2431] | Loss: 6.4763 | Top1: 0.0663 | Top5: 0.1341
  Val Batch [700/2431] | Loss: 6.4763 | Top1: 0.0668 | Top5: 0.1343
  Val Batch [725/2431] | Loss: 6.4763 | Top1: 0.0655 | Top5: 0.1345
  Val Batch [750/2431] | Loss: 6.4763 | Top1: 0.0667 | Top5: 0.1377
  Val Batch [775/2431] | Loss: 6.4763 | Top1: 0.0668 | Top5: 0.1377
  Val Batch [800/2431] | Loss: 6.4763 | Top1: 0.0659 | Top5: 0.1366
  Val Batch [825/2431] | Loss: 6.4762 | Top1: 0.0670 | Top5: 0.1385
  Val Batch [850/2431] | Loss: 6.4762 | Top1: 0.0671 | Top5: 0.1391
  Val Batch [875/2431] | Loss: 6.4762 | Top1: 0.0677 | Top5: 0.1411
  Val Batch [900/2431] | Loss: 6.4762 | Top1: 0.0672 | Top5: 0.1406
  Val Batch [925/2431] | Loss: 6.4763 | Top1: 0.0668 | Top5: 0.1397
  Val Batch [950/2431] | Loss: 6.4763 | Top1: 0.0668 | Top5: 0.1395
  Val Batch [975/2431] | Loss: 6.4763 | Top1: 0.0667 | Top5: 0.1397
  Val Batch [1000/2431] | Loss: 6.4763 | Top1: 0.0663 | Top5: 0.1390
  Val Batch [1025/2431] | Loss: 6.4762 | Top1: 0.0668 | Top5: 0.1390
  Val Batch [1050/2431] | Loss: 6.4763 | Top1: 0.0664 | Top5: 0.1386
  Val Batch [1075/2431] | Loss: 6.4763 | Top1: 0.0660 | Top5: 0.1384
  Val Batch [1100/2431] | Loss: 6.4763 | Top1: 0.0659 | Top5: 0.1384
  Val Batch [1125/2431] | Loss: 6.4763 | Top1: 0.0653 | Top5: 0.1378
  Val Batch [1150/2431] | Loss: 6.4763 | Top1: 0.0646 | Top5: 0.1376
  Val Batch [1175/2431] | Loss: 6.4763 | Top1: 0.0649 | Top5: 0.1372
  Val Batch [1200/2431] | Loss: 6.4764 | Top1: 0.0646 | Top5: 0.1365
  Val Batch [1225/2431] | Loss: 6.4764 | Top1: 0.0645 | Top5: 0.1357
  Val Batch [1250/2431] | Loss: 6.4764 | Top1: 0.0644 | Top5: 0.1368
  Val Batch [1275/2431] | Loss: 6.4764 | Top1: 0.0643 | Top5: 0.1369
  Val Batch [1300/2431] | Loss: 6.4764 | Top1: 0.0642 | Top5: 0.1371
  Val Batch [1325/2431] | Loss: 6.4764 | Top1: 0.0638 | Top5: 0.1372
  Val Batch [1350/2431] | Loss: 6.4764 | Top1: 0.0633 | Top5: 0.1354
  Val Batch [1375/2431] | Loss: 6.4764 | Top1: 0.0636 | Top5: 0.1360
  Val Batch [1400/2431] | Loss: 6.4764 | Top1: 0.0627 | Top5: 0.1350
  Val Batch [1425/2431] | Loss: 6.4764 | Top1: 0.0625 | Top5: 0.1342
  Val Batch [1450/2431] | Loss: 6.4764 | Top1: 0.0624 | Top5: 0.1350
  Val Batch [1475/2431] | Loss: 6.4764 | Top1: 0.0625 | Top5: 0.1346
  Val Batch [1500/2431] | Loss: 6.4764 | Top1: 0.0625 | Top5: 0.1340
  Val Batch [1525/2431] | Loss: 6.4764 | Top1: 0.0626 | Top5: 0.1339
  Val Batch [1550/2431] | Loss: 6.4764 | Top1: 0.0624 | Top5: 0.1339
  Val Batch [1575/2431] | Loss: 6.4764 | Top1: 0.0627 | Top5: 0.1343
  Val Batch [1600/2431] | Loss: 6.4764 | Top1: 0.0628 | Top5: 0.1345
  Val Batch [1625/2431] | Loss: 6.4764 | Top1: 0.0632 | Top5: 0.1349
  Val Batch [1650/2431] | Loss: 6.4764 | Top1: 0.0630 | Top5: 0.1350
  Val Batch [1675/2431] | Loss: 6.4764 | Top1: 0.0625 | Top5: 0.1346
  Val Batch [1700/2431] | Loss: 6.4764 | Top1: 0.0634 | Top5: 0.1356
  Val Batch [1725/2431] | Loss: 6.4764 | Top1: 0.0630 | Top5: 0.1351
  Val Batch [1750/2431] | Loss: 6.4764 | Top1: 0.0626 | Top5: 0.1343
  Val Batch [1775/2431] | Loss: 6.4764 | Top1: 0.0620 | Top5: 0.1346
  Val Batch [1800/2431] | Loss: 6.4764 | Top1: 0.0622 | Top5: 0.1344
  Val Batch [1825/2431] | Loss: 6.4764 | Top1: 0.0626 | Top5: 0.1351
  Val Batch [1850/2431] | Loss: 6.4764 | Top1: 0.0626 | Top5: 0.1354
  Val Batch [1875/2431] | Loss: 6.4764 | Top1: 0.0625 | Top5: 0.1351
  Val Batch [1900/2431] | Loss: 6.4764 | Top1: 0.0622 | Top5: 0.1353
  Val Batch [1925/2431] | Loss: 6.4764 | Top1: 0.0623 | Top5: 0.1355
  Val Batch [1950/2431] | Loss: 6.4764 | Top1: 0.0627 | Top5: 0.1355
  Val Batch [1975/2431] | Loss: 6.4764 | Top1: 0.0624 | Top5: 0.1356
  Val Batch [2000/2431] | Loss: 6.4764 | Top1: 0.0619 | Top5: 0.1346
  Val Batch [2025/2431] | Loss: 6.4764 | Top1: 0.0617 | Top5: 0.1348
  Val Batch [2050/2431] | Loss: 6.4764 | Top1: 0.0616 | Top5: 0.1348
  Val Batch [2075/2431] | Loss: 6.4764 | Top1: 0.0614 | Top5: 0.1341
  Val Batch [2100/2431] | Loss: 6.4764 | Top1: 0.0614 | Top5: 0.1343
  Val Batch [2125/2431] | Loss: 6.4764 | Top1: 0.0616 | Top5: 0.1341
  Val Batch [2150/2431] | Loss: 6.4765 | Top1: 0.0614 | Top5: 0.1337
  Val Batch [2175/2431] | Loss: 6.4765 | Top1: 0.0613 | Top5: 0.1337
  Val Batch [2200/2431] | Loss: 6.4765 | Top1: 0.0615 | Top5: 0.1341
  Val Batch [2225/2431] | Loss: 6.4765 | Top1: 0.0616 | Top5: 0.1340
  Val Batch [2250/2431] | Loss: 6.4765 | Top1: 0.0614 | Top5: 0.1337
  Val Batch [2275/2431] | Loss: 6.4765 | Top1: 0.0614 | Top5: 0.1335
  Val Batch [2300/2431] | Loss: 6.4765 | Top1: 0.0618 | Top5: 0.1336
  Val Batch [2325/2431] | Loss: 6.4765 | Top1: 0.0618 | Top5: 0.1338
  Val Batch [2350/2431] | Loss: 6.4765 | Top1: 0.0617 | Top5: 0.1338
  Val Batch [2375/2431] | Loss: 6.4765 | Top1: 0.0618 | Top5: 0.1339
  Val Batch [2400/2431] | Loss: 6.4765 | Top1: 0.0619 | Top5: 0.1341
  Val Batch [2425/2431] | Loss: 6.4765 | Top1: 0.0618 | Top5: 0.1338
  Val Batch [2431/2431] | Loss: 6.4765 | Top1: 0.0617 | Top5: 0.1338
  Val Epoch Time: 99.308s
Epoch [1/500] | Train Loss: 19.4503 | Train Top1: 0.0187 | Train Top5: 0.0511 | Val Loss: 6.4765 | Val Top1: 0.0617 | Val Top5: 0.1338 | LR: 2.00e-07 | Train Time: 4571.699s | Val Time: 99.308s | Epoch Time: 4671.008s
Saved best checkpoint to: /home/blue-lobster/PycharmProjects/Model_California_Birds/outputs/output_20260314_130809/checkpoints/eva02_base_patch14_448.mim_in22k_ft_in1k_best.pth

===== Epoch 2/500 (LR: 1.01e-05) =====
  Train Batch [25/13801] | Loss: 19.4326 | Top1: 0.0900 | Top5: 0.1300
  Train Batch [50/13801] | Loss: 19.4348 | Top1: 0.0500 | Top5: 0.1250
  Train Batch [75/13801] | Loss: 19.4331 | Top1: 0.0633 | Top5: 0.1400

Received SIGINT. Stopping training without creating an archive copy.
Received SIGINT. Stopping training without creating an archive copy.
Received SIGINT. Stopping training without creating an archive copy.

Received SIGINT. Stopping training without creating an archive copy.
Received SIGINT. Stopping training without creating an archive copy.


Received SIGINT. Stopping training without creating an archive copy.

Received SIGINT. Stopping training without creating an archive copy.



Received SIGINT. Stopping training without creating an archive copy.

Received SIGINT. Stopping training without creating an archive copy.
Traceback (most recent call last):
  File "/home/blue-lobster/PycharmProjects/Model_California_Birds/src/train.py", line 893, in <module>
    writer.close()
    ^^^^^^^^^^^^^^^
OSError: Signal 15 ignored due to race condition
Training interrupted. Shutdown completed after archive handling.
