Device: cuda
Num classes: 657
Model: eva02_base_patch14_448.mim_in22k_ft_in1k

AMP Enabled: True
Compile Enabled: False
CUDNN Benchmark: True
Freeze Backbone: False
Validation Interval: 1
Weight Decay: 0.05
Layerwise LR Enabled: False
Label Smoothing: 0.1
Dropout Rate: 0.1
Early Stopping Patience: 10
Scheduler: CosineAnnealingLR (T_max=500, eta_min=1e-6)
Warmup Epochs: 2
Mixup Alpha: 0.1
CutMix Alpha: 0.5
WS-DAN Enabled: True
WS-DAN Attention Maps: 8
WS-DAN Crop Threshold: 0.6
WS-DAN Drop Threshold: 0.4
WS-DAN Base Weight: 1.0
WS-DAN Crop Weight: 1.0
WS-DAN Drop Weight: 1.0
WS-DAN BBox Padding Ratio: 0.1

Epoch [1/500] | Train Loss: 19.4503 | Train Top1: 0.0187 | Train Top5: 0.0511 | Val Loss: 6.4765 | Val Top1: 0.0617 | Val Top5: 0.1338 | LR: 2.00e-07 | Train Time: 4571.699s | Val Time: 99.308s | Epoch Time: 4671.008s
