Device: cuda
Num classes: 657
Model: convnext_base.fb_in22k_ft_in1k

AMP Enabled: True
Compile Enabled: False
CUDNN Benchmark: True
Freeze Backbone: False
Validation Interval: 2
Weight Decay: 0.05
Layerwise LR Enabled: False
Label Smoothing: 0.1
Dropout Rate: 0.2
Early Stopping Patience: 10
Scheduler: CosineAnnealingLR (T_max=100, eta_min=1e-6)
Warmup Epochs: 2
Mixup Alpha: 0.0
CutMix Alpha: 0.0
WS-DAN Enabled: True
WS-DAN Start Epoch: 5
WS-DAN Attention Maps: 8
WS-DAN Crop Threshold: 0.5
WS-DAN Drop Threshold: 0.4
WS-DAN Base Weight: 1.0
WS-DAN Crop Weight: 0.5
WS-DAN Drop Weight: 0.0
WS-DAN BBox Padding Ratio: 0.1

Epoch [1/100] | Train Loss: 6.4731 | Train Top1: 0.0953 | Train Top5: 0.2221 | Val Loss: nan | Val Top1: nan | Val Top5: nan | LR: 2.00e-06 | Train Time: 477.645s | Val Time: 0.000s | Epoch Time: 477.645s
Epoch [2/100] | Train Loss: 5.4096 | Train Top1: 0.2164 | Train Top5: 0.5332 | Val Loss: 4.4647 | Val Top1: 0.3103 | Val Top5: 0.6849 | LR: 1.01e-04 | Train Time: 441.340s | Val Time: 24.801s | Epoch Time: 466.141s
Epoch [3/100] | Train Loss: 3.5852 | Train Top1: 0.3374 | Train Top5: 0.7210 | Val Loss: nan | Val Top1: nan | Val Top5: nan | LR: 2.00e-04 | Train Time: 441.085s | Val Time: 0.000s | Epoch Time: 441.085s
Epoch [4/100] | Train Loss: 2.6003 | Train Top1: 0.5059 | Train Top5: 0.8559 | Val Loss: 2.5212 | Val Top1: 0.5444 | Val Top5: 0.8552 | LR: 2.00e-04 | Train Time: 457.628s | Val Time: 25.950s | Epoch Time: 483.577s
Epoch [5/100] | Train Loss: 2.1439 | Train Top1: 0.6261 | Train Top5: 0.9158 | Val Loss: nan | Val Top1: nan | Val Top5: nan | LR: 2.00e-04 | Train Time: 447.967s | Val Time: 0.000s | Epoch Time: 447.967s
