Device: cuda
Num classes: 657
Model: convnext_base.fb_in22k_ft_in1k

AMP Enabled: True
Compile Enabled: False
CUDNN Benchmark: True
Freeze Backbone: False
Validation Interval: 2
Weight Decay: 0.05
Layerwise LR Enabled: False
Label Smoothing: 0.1
Dropout Rate: 0.2
Early Stopping Patience: 10
Scheduler: CosineAnnealingLR (T_max=100, eta_min=1e-6)
Warmup Epochs: 2
Mixup Alpha: 0.0
CutMix Alpha: 0.0
WS-DAN Enabled: True
WS-DAN Start Epoch: 5
WS-DAN Attention Maps: 8
WS-DAN Crop Threshold: 0.5
WS-DAN Drop Threshold: 0.4
WS-DAN Base Weight: 1.0
WS-DAN Crop Weight: 0.5
WS-DAN Drop Weight: 0.0
WS-DAN BBox Padding Ratio: 0.1

Epoch [1/100] | Train Loss: 6.4746 | Train Top1: 0.0829 | Train Top5: 0.1989 | Val Loss: nan | Val Top1: nan | Val Top5: nan | LR: 2.00e-06 | Train Time: 469.819s | Val Time: 0.000s | Epoch Time: 469.819s
Epoch [2/100] | Train Loss: 5.4851 | Train Top1: 0.2203 | Train Top5: 0.5336 | Val Loss: 4.5847 | Val Top1: 0.3133 | Val Top5: 0.6740 | LR: 1.01e-04 | Train Time: 433.649s | Val Time: 24.911s | Epoch Time: 458.560s
Epoch [3/100] | Train Loss: 3.6883 | Train Top1: 0.3286 | Train Top5: 0.7128 | Val Loss: nan | Val Top1: nan | Val Top5: nan | LR: 2.00e-04 | Train Time: 432.546s | Val Time: 0.000s | Epoch Time: 432.546s
Epoch [4/100] | Train Loss: 2.6542 | Train Top1: 0.4931 | Train Top5: 0.8522 | Val Loss: 2.5751 | Val Top1: 0.5423 | Val Top5: 0.8499 | LR: 2.00e-04 | Train Time: 432.250s | Val Time: 24.836s | Epoch Time: 457.086s
Epoch [5/100] | Train Loss: 2.1739 | Train Top1: 0.6226 | Train Top5: 0.9158 | Val Loss: nan | Val Top1: nan | Val Top5: nan | LR: 2.00e-04 | Train Time: 433.255s | Val Time: 0.000s | Epoch Time: 433.255s
