TensorBoard log directory: /home/blue-lobster/PycharmProjects/Model_California_Birds/outputs/output_20260314_164102/tensorboard
Launch with: tensorboard --logdir /home/blue-lobster/PycharmProjects/Model_California_Birds/outputs/output_20260314_164102/tensorboard
Number of classes: 657
Train batches: 2301
Val batches: 406

===== Epoch 1/100 (LR: 2.00e-06) =====
WS-DAN Active: False (start_epoch=5)
  Train Batch [25/2301] | Loss: 6.4877 | Top1: 0.0000 | Top5: 0.0017
  Train Batch [50/2301] | Loss: 6.4875 | Top1: 0.0000 | Top5: 0.0058
  Train Batch [75/2301] | Loss: 6.4877 | Top1: 0.0006 | Top5: 0.0050
  Train Batch [100/2301] | Loss: 6.4876 | Top1: 0.0004 | Top5: 0.0042
  Train Batch [125/2301] | Loss: 6.4875 | Top1: 0.0010 | Top5: 0.0063
  Train Batch [150/2301] | Loss: 6.4873 | Top1: 0.0011 | Top5: 0.0069
  Train Batch [175/2301] | Loss: 6.4871 | Top1: 0.0012 | Top5: 0.0069
  Train Batch [200/2301] | Loss: 6.4871 | Top1: 0.0010 | Top5: 0.0075
  Train Batch [225/2301] | Loss: 6.4870 | Top1: 0.0009 | Top5: 0.0081
  Train Batch [250/2301] | Loss: 6.4868 | Top1: 0.0015 | Top5: 0.0098
  Train Batch [275/2301] | Loss: 6.4867 | Top1: 0.0018 | Top5: 0.0105
  Train Batch [300/2301] | Loss: 6.4866 | Top1: 0.0025 | Top5: 0.0115
  Train Batch [325/2301] | Loss: 6.4865 | Top1: 0.0026 | Top5: 0.0122
  Train Batch [350/2301] | Loss: 6.4864 | Top1: 0.0026 | Top5: 0.0121
  Train Batch [375/2301] | Loss: 6.4863 | Top1: 0.0026 | Top5: 0.0122
  Train Batch [400/2301] | Loss: 6.4862 | Top1: 0.0026 | Top5: 0.0132
  Train Batch [425/2301] | Loss: 6.4861 | Top1: 0.0026 | Top5: 0.0141
  Train Batch [450/2301] | Loss: 6.4859 | Top1: 0.0026 | Top5: 0.0144
  Train Batch [475/2301] | Loss: 6.4858 | Top1: 0.0032 | Top5: 0.0152
  Train Batch [500/2301] | Loss: 6.4856 | Top1: 0.0035 | Top5: 0.0163
  Train Batch [525/2301] | Loss: 6.4855 | Top1: 0.0037 | Top5: 0.0167
  Train Batch [550/2301] | Loss: 6.4854 | Top1: 0.0039 | Top5: 0.0179
  Train Batch [575/2301] | Loss: 6.4852 | Top1: 0.0043 | Top5: 0.0191
  Train Batch [600/2301] | Loss: 6.4851 | Top1: 0.0044 | Top5: 0.0195
  Train Batch [625/2301] | Loss: 6.4850 | Top1: 0.0048 | Top5: 0.0206
  Train Batch [650/2301] | Loss: 6.4849 | Top1: 0.0049 | Top5: 0.0212
  Train Batch [675/2301] | Loss: 6.4847 | Top1: 0.0055 | Top5: 0.0224
  Train Batch [700/2301] | Loss: 6.4846 | Top1: 0.0058 | Top5: 0.0234
  Train Batch [725/2301] | Loss: 6.4845 | Top1: 0.0065 | Top5: 0.0249
  Train Batch [750/2301] | Loss: 6.4843 | Top1: 0.0071 | Top5: 0.0263
  Train Batch [775/2301] | Loss: 6.4842 | Top1: 0.0075 | Top5: 0.0275
  Train Batch [800/2301] | Loss: 6.4841 | Top1: 0.0077 | Top5: 0.0286
  Train Batch [825/2301] | Loss: 6.4839 | Top1: 0.0083 | Top5: 0.0304
  Train Batch [850/2301] | Loss: 6.4838 | Top1: 0.0090 | Top5: 0.0319
  Train Batch [875/2301] | Loss: 6.4836 | Top1: 0.0096 | Top5: 0.0338
  Train Batch [900/2301] | Loss: 6.4835 | Top1: 0.0104 | Top5: 0.0358
  Train Batch [925/2301] | Loss: 6.4833 | Top1: 0.0109 | Top5: 0.0379
  Train Batch [950/2301] | Loss: 6.4832 | Top1: 0.0113 | Top5: 0.0395
  Train Batch [975/2301] | Loss: 6.4830 | Top1: 0.0121 | Top5: 0.0411
  Train Batch [1000/2301] | Loss: 6.4829 | Top1: 0.0128 | Top5: 0.0432
  Train Batch [1025/2301] | Loss: 6.4827 | Top1: 0.0139 | Top5: 0.0448
  Train Batch [1050/2301] | Loss: 6.4826 | Top1: 0.0149 | Top5: 0.0469
  Train Batch [1075/2301] | Loss: 6.4824 | Top1: 0.0157 | Top5: 0.0490
  Train Batch [1100/2301] | Loss: 6.4823 | Top1: 0.0168 | Top5: 0.0513
  Train Batch [1125/2301] | Loss: 6.4822 | Top1: 0.0175 | Top5: 0.0531
  Train Batch [1150/2301] | Loss: 6.4820 | Top1: 0.0182 | Top5: 0.0554
  Train Batch [1175/2301] | Loss: 6.4819 | Top1: 0.0192 | Top5: 0.0580
  Train Batch [1200/2301] | Loss: 6.4817 | Top1: 0.0204 | Top5: 0.0611
  Train Batch [1225/2301] | Loss: 6.4816 | Top1: 0.0212 | Top5: 0.0635
  Train Batch [1250/2301] | Loss: 6.4814 | Top1: 0.0228 | Top5: 0.0666
  Train Batch [1275/2301] | Loss: 6.4812 | Top1: 0.0240 | Top5: 0.0693
  Train Batch [1300/2301] | Loss: 6.4811 | Top1: 0.0252 | Top5: 0.0725
  Train Batch [1325/2301] | Loss: 6.4809 | Top1: 0.0264 | Top5: 0.0754
  Train Batch [1350/2301] | Loss: 6.4808 | Top1: 0.0275 | Top5: 0.0780
  Train Batch [1375/2301] | Loss: 6.4806 | Top1: 0.0287 | Top5: 0.0810
  Train Batch [1400/2301] | Loss: 6.4805 | Top1: 0.0296 | Top5: 0.0835
  Train Batch [1425/2301] | Loss: 6.4803 | Top1: 0.0305 | Top5: 0.0863
  Train Batch [1450/2301] | Loss: 6.4802 | Top1: 0.0318 | Top5: 0.0892
  Train Batch [1475/2301] | Loss: 6.4800 | Top1: 0.0330 | Top5: 0.0916
  Train Batch [1500/2301] | Loss: 6.4799 | Top1: 0.0344 | Top5: 0.0947
  Train Batch [1525/2301] | Loss: 6.4797 | Top1: 0.0357 | Top5: 0.0980
  Train Batch [1550/2301] | Loss: 6.4796 | Top1: 0.0371 | Top5: 0.1009
  Train Batch [1575/2301] | Loss: 6.4794 | Top1: 0.0387 | Top5: 0.1043
  Train Batch [1600/2301] | Loss: 6.4792 | Top1: 0.0399 | Top5: 0.1074
  Train Batch [1625/2301] | Loss: 6.4791 | Top1: 0.0415 | Top5: 0.1104
  Train Batch [1650/2301] | Loss: 6.4789 | Top1: 0.0427 | Top5: 0.1134
  Train Batch [1675/2301] | Loss: 6.4788 | Top1: 0.0443 | Top5: 0.1171
  Train Batch [1700/2301] | Loss: 6.4786 | Top1: 0.0458 | Top5: 0.1207
  Train Batch [1725/2301] | Loss: 6.4784 | Top1: 0.0471 | Top5: 0.1238
  Train Batch [1750/2301] | Loss: 6.4783 | Top1: 0.0489 | Top5: 0.1275
  Train Batch [1775/2301] | Loss: 6.4781 | Top1: 0.0508 | Top5: 0.1310
  Train Batch [1800/2301] | Loss: 6.4779 | Top1: 0.0527 | Top5: 0.1345
  Train Batch [1825/2301] | Loss: 6.4778 | Top1: 0.0540 | Top5: 0.1374
  Train Batch [1850/2301] | Loss: 6.4776 | Top1: 0.0555 | Top5: 0.1410
  Train Batch [1875/2301] | Loss: 6.4774 | Top1: 0.0573 | Top5: 0.1448
  Train Batch [1900/2301] | Loss: 6.4773 | Top1: 0.0587 | Top5: 0.1481
  Train Batch [1925/2301] | Loss: 6.4771 | Top1: 0.0605 | Top5: 0.1517
  Train Batch [1950/2301] | Loss: 6.4769 | Top1: 0.0621 | Top5: 0.1552
  Train Batch [1975/2301] | Loss: 6.4768 | Top1: 0.0636 | Top5: 0.1580
  Train Batch [2000/2301] | Loss: 6.4766 | Top1: 0.0654 | Top5: 0.1617
  Train Batch [2025/2301] | Loss: 6.4764 | Top1: 0.0668 | Top5: 0.1650
  Train Batch [2050/2301] | Loss: 6.4763 | Top1: 0.0683 | Top5: 0.1680
  Train Batch [2075/2301] | Loss: 6.4761 | Top1: 0.0699 | Top5: 0.1713
  Train Batch [2100/2301] | Loss: 6.4759 | Top1: 0.0713 | Top5: 0.1745
  Train Batch [2125/2301] | Loss: 6.4758 | Top1: 0.0726 | Top5: 0.1777
  Train Batch [2150/2301] | Loss: 6.4756 | Top1: 0.0743 | Top5: 0.1809
  Train Batch [2175/2301] | Loss: 6.4754 | Top1: 0.0754 | Top5: 0.1836
  Train Batch [2200/2301] | Loss: 6.4753 | Top1: 0.0767 | Top5: 0.1865
  Train Batch [2225/2301] | Loss: 6.4751 | Top1: 0.0782 | Top5: 0.1898
  Train Batch [2250/2301] | Loss: 6.4749 | Top1: 0.0798 | Top5: 0.1929
  Train Batch [2275/2301] | Loss: 6.4748 | Top1: 0.0811 | Top5: 0.1957
  Train Batch [2300/2301] | Loss: 6.4746 | Top1: 0.0829 | Top5: 0.1989
  Train Batch [2301/2301] | Loss: 6.4746 | Top1: 0.0829 | Top5: 0.1989
  Train Epoch Time: 469.819s
  Skipping validation on epoch 1; val_interval=2
Epoch [1/100] | Train Loss: 6.4746 | Train Top1: 0.0829 | Train Top5: 0.1989 | Val Loss: nan | Val Top1: nan | Val Top5: nan | LR: 2.00e-06 | Train Time: 469.819s | Val Time: 0.000s | Epoch Time: 469.819s

===== Epoch 2/100 (LR: 1.01e-04) =====
WS-DAN Active: False (start_epoch=5)
  Train Batch [25/2301] | Loss: 6.4504 | Top1: 0.1583 | Top5: 0.4233
  Train Batch [50/2301] | Loss: 6.4422 | Top1: 0.1550 | Top5: 0.4092
  Train Batch [75/2301] | Loss: 6.4321 | Top1: 0.1589 | Top5: 0.4206
  Train Batch [100/2301] | Loss: 6.4214 | Top1: 0.1613 | Top5: 0.4233
  Train Batch [125/2301] | Loss: 6.4109 | Top1: 0.1637 | Top5: 0.4250
  Train Batch [150/2301] | Loss: 6.3998 | Top1: 0.1703 | Top5: 0.4303
  Train Batch [175/2301] | Loss: 6.3881 | Top1: 0.1736 | Top5: 0.4302
  Train Batch [200/2301] | Loss: 6.3780 | Top1: 0.1721 | Top5: 0.4240
  Train Batch [225/2301] | Loss: 6.3670 | Top1: 0.1707 | Top5: 0.4206
  Train Batch [250/2301] | Loss: 6.3555 | Top1: 0.1720 | Top5: 0.4242
  Train Batch [275/2301] | Loss: 6.3440 | Top1: 0.1733 | Top5: 0.4245
  Train Batch [300/2301] | Loss: 6.3324 | Top1: 0.1762 | Top5: 0.4294
  Train Batch [325/2301] | Loss: 6.3207 | Top1: 0.1759 | Top5: 0.4285
  Train Batch [350/2301] | Loss: 6.3094 | Top1: 0.1768 | Top5: 0.4299
  Train Batch [375/2301] | Loss: 6.2986 | Top1: 0.1766 | Top5: 0.4311
  Train Batch [400/2301] | Loss: 6.2873 | Top1: 0.1777 | Top5: 0.4325
  Train Batch [425/2301] | Loss: 6.2754 | Top1: 0.1798 | Top5: 0.4356
  Train Batch [450/2301] | Loss: 6.2636 | Top1: 0.1802 | Top5: 0.4360
  Train Batch [475/2301] | Loss: 6.2521 | Top1: 0.1804 | Top5: 0.4371
  Train Batch [500/2301] | Loss: 6.2407 | Top1: 0.1791 | Top5: 0.4369
  Train Batch [525/2301] | Loss: 6.2294 | Top1: 0.1782 | Top5: 0.4375
  Train Batch [550/2301] | Loss: 6.2180 | Top1: 0.1788 | Top5: 0.4377
  Train Batch [575/2301] | Loss: 6.2066 | Top1: 0.1801 | Top5: 0.4396
  Train Batch [600/2301] | Loss: 6.1955 | Top1: 0.1808 | Top5: 0.4410
  Train Batch [625/2301] | Loss: 6.1844 | Top1: 0.1803 | Top5: 0.4415
  Train Batch [650/2301] | Loss: 6.1728 | Top1: 0.1813 | Top5: 0.4422
  Train Batch [675/2301] | Loss: 6.1612 | Top1: 0.1823 | Top5: 0.4438
  Train Batch [700/2301] | Loss: 6.1497 | Top1: 0.1832 | Top5: 0.4456
  Train Batch [725/2301] | Loss: 6.1384 | Top1: 0.1828 | Top5: 0.4466
  Train Batch [750/2301] | Loss: 6.1274 | Top1: 0.1821 | Top5: 0.4467
  Train Batch [775/2301] | Loss: 6.1165 | Top1: 0.1828 | Top5: 0.4483
  Train Batch [800/2301] | Loss: 6.1049 | Top1: 0.1837 | Top5: 0.4497
  Train Batch [825/2301] | Loss: 6.0938 | Top1: 0.1838 | Top5: 0.4502
  Train Batch [850/2301] | Loss: 6.0830 | Top1: 0.1834 | Top5: 0.4521
  Train Batch [875/2301] | Loss: 6.0727 | Top1: 0.1828 | Top5: 0.4526
  Train Batch [900/2301] | Loss: 6.0619 | Top1: 0.1826 | Top5: 0.4533
  Train Batch [925/2301] | Loss: 6.0509 | Top1: 0.1827 | Top5: 0.4543
  Train Batch [950/2301] | Loss: 6.0402 | Top1: 0.1830 | Top5: 0.4555
  Train Batch [975/2301] | Loss: 6.0291 | Top1: 0.1837 | Top5: 0.4570
  Train Batch [1000/2301] | Loss: 6.0183 | Top1: 0.1840 | Top5: 0.4583
  Train Batch [1025/2301] | Loss: 6.0070 | Top1: 0.1849 | Top5: 0.4600
  Train Batch [1050/2301] | Loss: 5.9957 | Top1: 0.1856 | Top5: 0.4614
  Train Batch [1075/2301] | Loss: 5.9845 | Top1: 0.1867 | Top5: 0.4628
  Train Batch [1100/2301] | Loss: 5.9731 | Top1: 0.1870 | Top5: 0.4651
  Train Batch [1125/2301] | Loss: 5.9621 | Top1: 0.1872 | Top5: 0.4665
  Train Batch [1150/2301] | Loss: 5.9513 | Top1: 0.1877 | Top5: 0.4675
  Train Batch [1175/2301] | Loss: 5.9403 | Top1: 0.1887 | Top5: 0.4689
  Train Batch [1200/2301] | Loss: 5.9294 | Top1: 0.1896 | Top5: 0.4708
  Train Batch [1225/2301] | Loss: 5.9187 | Top1: 0.1902 | Top5: 0.4722
  Train Batch [1250/2301] | Loss: 5.9081 | Top1: 0.1907 | Top5: 0.4742
  Train Batch [1275/2301] | Loss: 5.8972 | Top1: 0.1915 | Top5: 0.4759
  Train Batch [1300/2301] | Loss: 5.8870 | Top1: 0.1924 | Top5: 0.4769
  Train Batch [1325/2301] | Loss: 5.8762 | Top1: 0.1931 | Top5: 0.4779
  Train Batch [1350/2301] | Loss: 5.8655 | Top1: 0.1939 | Top5: 0.4796
  Train Batch [1375/2301] | Loss: 5.8550 | Top1: 0.1938 | Top5: 0.4812
  Train Batch [1400/2301] | Loss: 5.8444 | Top1: 0.1942 | Top5: 0.4823
  Train Batch [1425/2301] | Loss: 5.8337 | Top1: 0.1949 | Top5: 0.4837
  Train Batch [1450/2301] | Loss: 5.8233 | Top1: 0.1952 | Top5: 0.4848
  Train Batch [1475/2301] | Loss: 5.8127 | Top1: 0.1960 | Top5: 0.4862
  Train Batch [1500/2301] | Loss: 5.8025 | Top1: 0.1968 | Top5: 0.4878
  Train Batch [1525/2301] | Loss: 5.7925 | Top1: 0.1978 | Top5: 0.4890
  Train Batch [1550/2301] | Loss: 5.7826 | Top1: 0.1989 | Top5: 0.4907
  Train Batch [1575/2301] | Loss: 5.7723 | Top1: 0.1995 | Top5: 0.4924
  Train Batch [1600/2301] | Loss: 5.7617 | Top1: 0.2008 | Top5: 0.4942
  Train Batch [1625/2301] | Loss: 5.7517 | Top1: 0.2011 | Top5: 0.4954
  Train Batch [1650/2301] | Loss: 5.7413 | Top1: 0.2020 | Top5: 0.4965
  Train Batch [1675/2301] | Loss: 5.7313 | Top1: 0.2021 | Top5: 0.4974
  Train Batch [1700/2301] | Loss: 5.7212 | Top1: 0.2030 | Top5: 0.4989
  Train Batch [1725/2301] | Loss: 5.7111 | Top1: 0.2038 | Top5: 0.5003
  Train Batch [1750/2301] | Loss: 5.7011 | Top1: 0.2043 | Top5: 0.5014
  Train Batch [1775/2301] | Loss: 5.6907 | Top1: 0.2050 | Top5: 0.5033
  Train Batch [1800/2301] | Loss: 5.6806 | Top1: 0.2060 | Top5: 0.5051
  Train Batch [1825/2301] | Loss: 5.6706 | Top1: 0.2066 | Top5: 0.5063
  Train Batch [1850/2301] | Loss: 5.6601 | Top1: 0.2074 | Top5: 0.5079
  Train Batch [1875/2301] | Loss: 5.6502 | Top1: 0.2079 | Top5: 0.5094
  Train Batch [1900/2301] | Loss: 5.6401 | Top1: 0.2087 | Top5: 0.5109
  Train Batch [1925/2301] | Loss: 5.6301 | Top1: 0.2093 | Top5: 0.5120
  Train Batch [1950/2301] | Loss: 5.6209 | Top1: 0.2102 | Top5: 0.5135
  Train Batch [1975/2301] | Loss: 5.6112 | Top1: 0.2115 | Top5: 0.5149
  Train Batch [2000/2301] | Loss: 5.6014 | Top1: 0.2120 | Top5: 0.5162
  Train Batch [2025/2301] | Loss: 5.5912 | Top1: 0.2124 | Top5: 0.5178
  Train Batch [2050/2301] | Loss: 5.5811 | Top1: 0.2135 | Top5: 0.5192
  Train Batch [2075/2301] | Loss: 5.5716 | Top1: 0.2142 | Top5: 0.5205
  Train Batch [2100/2301] | Loss: 5.5617 | Top1: 0.2149 | Top5: 0.5223
  Train Batch [2125/2301] | Loss: 5.5523 | Top1: 0.2153 | Top5: 0.5232
  Train Batch [2150/2301] | Loss: 5.5430 | Top1: 0.2158 | Top5: 0.5247
  Train Batch [2175/2301] | Loss: 5.5335 | Top1: 0.2168 | Top5: 0.5260
  Train Batch [2200/2301] | Loss: 5.5239 | Top1: 0.2179 | Top5: 0.5274
  Train Batch [2225/2301] | Loss: 5.5140 | Top1: 0.2184 | Top5: 0.5289
  Train Batch [2250/2301] | Loss: 5.5044 | Top1: 0.2190 | Top5: 0.5304
  Train Batch [2275/2301] | Loss: 5.4948 | Top1: 0.2198 | Top5: 0.5320
  Train Batch [2300/2301] | Loss: 5.4852 | Top1: 0.2203 | Top5: 0.5336
  Train Batch [2301/2301] | Loss: 5.4851 | Top1: 0.2203 | Top5: 0.5336
  Train Epoch Time: 433.649s
  Val Batch [25/406] | Loss: 4.6030 | Top1: 0.2967 | Top5: 0.6517
  Val Batch [50/406] | Loss: 4.5821 | Top1: 0.3108 | Top5: 0.6767
  Val Batch [75/406] | Loss: 4.5809 | Top1: 0.3100 | Top5: 0.6794
  Val Batch [100/406] | Loss: 4.5830 | Top1: 0.3146 | Top5: 0.6779
  Val Batch [125/406] | Loss: 4.5862 | Top1: 0.3090 | Top5: 0.6727
  Val Batch [150/406] | Loss: 4.5870 | Top1: 0.3106 | Top5: 0.6714
  Val Batch [175/406] | Loss: 4.5870 | Top1: 0.3079 | Top5: 0.6740
  Val Batch [200/406] | Loss: 4.5827 | Top1: 0.3117 | Top5: 0.6785
  Val Batch [225/406] | Loss: 4.5852 | Top1: 0.3130 | Top5: 0.6744
  Val Batch [250/406] | Loss: 4.5843 | Top1: 0.3107 | Top5: 0.6735
  Val Batch [275/406] | Loss: 4.5839 | Top1: 0.3105 | Top5: 0.6758
  Val Batch [300/406] | Loss: 4.5865 | Top1: 0.3088 | Top5: 0.6750
  Val Batch [325/406] | Loss: 4.5842 | Top1: 0.3103 | Top5: 0.6750
  Val Batch [350/406] | Loss: 4.5843 | Top1: 0.3123 | Top5: 0.6752
  Val Batch [375/406] | Loss: 4.5840 | Top1: 0.3132 | Top5: 0.6751
  Val Batch [400/406] | Loss: 4.5840 | Top1: 0.3128 | Top5: 0.6747
  Val Batch [406/406] | Loss: 4.5847 | Top1: 0.3133 | Top5: 0.6740
  Val Epoch Time: 24.911s
Epoch [2/100] | Train Loss: 5.4851 | Train Top1: 0.2203 | Train Top5: 0.5336 | Val Loss: 4.5847 | Val Top1: 0.3133 | Val Top5: 0.6740 | LR: 1.01e-04 | Train Time: 433.649s | Val Time: 24.911s | Epoch Time: 458.560s
Saved best checkpoint to: /home/blue-lobster/PycharmProjects/Model_California_Birds/outputs/output_20260314_164102/checkpoints/convnext_base.fb_in22k_ft_in1k_best.pth

===== Epoch 3/100 (LR: 2.00e-04) =====
WS-DAN Active: False (start_epoch=5)
  Train Batch [25/2301] | Loss: 4.5416 | Top1: 0.3083 | Top5: 0.6883
  Train Batch [50/2301] | Loss: 4.5375 | Top1: 0.3025 | Top5: 0.6800
  Train Batch [75/2301] | Loss: 4.5248 | Top1: 0.3072 | Top5: 0.6783
  Train Batch [100/2301] | Loss: 4.5189 | Top1: 0.3033 | Top5: 0.6650
  Train Batch [125/2301] | Loss: 4.5128 | Top1: 0.2943 | Top5: 0.6593
  Train Batch [150/2301] | Loss: 4.5014 | Top1: 0.2961 | Top5: 0.6603
  Train Batch [175/2301] | Loss: 4.4845 | Top1: 0.2964 | Top5: 0.6640
  Train Batch [200/2301] | Loss: 4.4708 | Top1: 0.2938 | Top5: 0.6669
  Train Batch [225/2301] | Loss: 4.4622 | Top1: 0.2891 | Top5: 0.6644
  Train Batch [250/2301] | Loss: 4.4487 | Top1: 0.2863 | Top5: 0.6663
  Train Batch [275/2301] | Loss: 4.4379 | Top1: 0.2836 | Top5: 0.6645
  Train Batch [300/2301] | Loss: 4.4267 | Top1: 0.2832 | Top5: 0.6637
  Train Batch [325/2301] | Loss: 4.4155 | Top1: 0.2842 | Top5: 0.6618
  Train Batch [350/2301] | Loss: 4.4077 | Top1: 0.2840 | Top5: 0.6589
  Train Batch [375/2301] | Loss: 4.3983 | Top1: 0.2837 | Top5: 0.6568
  Train Batch [400/2301] | Loss: 4.3849 | Top1: 0.2831 | Top5: 0.6565
  Train Batch [425/2301] | Loss: 4.3761 | Top1: 0.2818 | Top5: 0.6556
  Train Batch [450/2301] | Loss: 4.3650 | Top1: 0.2835 | Top5: 0.6544
  Train Batch [475/2301] | Loss: 4.3541 | Top1: 0.2819 | Top5: 0.6545
  Train Batch [500/2301] | Loss: 4.3417 | Top1: 0.2825 | Top5: 0.6555
  Train Batch [525/2301] | Loss: 4.3306 | Top1: 0.2829 | Top5: 0.6567
  Train Batch [550/2301] | Loss: 4.3198 | Top1: 0.2826 | Top5: 0.6566
  Train Batch [575/2301] | Loss: 4.3065 | Top1: 0.2833 | Top5: 0.6568
  Train Batch [600/2301] | Loss: 4.2941 | Top1: 0.2843 | Top5: 0.6569
  Train Batch [625/2301] | Loss: 4.2830 | Top1: 0.2849 | Top5: 0.6575
  Train Batch [650/2301] | Loss: 4.2729 | Top1: 0.2851 | Top5: 0.6571
  Train Batch [675/2301] | Loss: 4.2644 | Top1: 0.2838 | Top5: 0.6555
  Train Batch [700/2301] | Loss: 4.2535 | Top1: 0.2848 | Top5: 0.6549
  Train Batch [725/2301] | Loss: 4.2414 | Top1: 0.2847 | Top5: 0.6555
  Train Batch [750/2301] | Loss: 4.2303 | Top1: 0.2852 | Top5: 0.6567
  Train Batch [775/2301] | Loss: 4.2206 | Top1: 0.2852 | Top5: 0.6575
  Train Batch [800/2301] | Loss: 4.2119 | Top1: 0.2871 | Top5: 0.6580
  Train Batch [825/2301] | Loss: 4.1997 | Top1: 0.2874 | Top5: 0.6592
  Train Batch [850/2301] | Loss: 4.1873 | Top1: 0.2878 | Top5: 0.6604
  Train Batch [875/2301] | Loss: 4.1779 | Top1: 0.2881 | Top5: 0.6605
  Train Batch [900/2301] | Loss: 4.1652 | Top1: 0.2895 | Top5: 0.6621
  Train Batch [925/2301] | Loss: 4.1555 | Top1: 0.2897 | Top5: 0.6628
  Train Batch [950/2301] | Loss: 4.1466 | Top1: 0.2894 | Top5: 0.6631
  Train Batch [975/2301] | Loss: 4.1358 | Top1: 0.2898 | Top5: 0.6642
  Train Batch [1000/2301] | Loss: 4.1245 | Top1: 0.2904 | Top5: 0.6662
  Train Batch [1025/2301] | Loss: 4.1150 | Top1: 0.2909 | Top5: 0.6670
  Train Batch [1050/2301] | Loss: 4.1053 | Top1: 0.2913 | Top5: 0.6675
  Train Batch [1075/2301] | Loss: 4.0932 | Top1: 0.2923 | Top5: 0.6688
  Train Batch [1100/2301] | Loss: 4.0828 | Top1: 0.2935 | Top5: 0.6702
  Train Batch [1125/2301] | Loss: 4.0718 | Top1: 0.2941 | Top5: 0.6716
  Train Batch [1150/2301] | Loss: 4.0635 | Top1: 0.2946 | Top5: 0.6724
  Train Batch [1175/2301] | Loss: 4.0531 | Top1: 0.2957 | Top5: 0.6736
  Train Batch [1200/2301] | Loss: 4.0435 | Top1: 0.2959 | Top5: 0.6743
  Train Batch [1225/2301] | Loss: 4.0362 | Top1: 0.2953 | Top5: 0.6746
  Train Batch [1250/2301] | Loss: 4.0259 | Top1: 0.2962 | Top5: 0.6754
  Train Batch [1275/2301] | Loss: 4.0150 | Top1: 0.2974 | Top5: 0.6767
  Train Batch [1300/2301] | Loss: 4.0068 | Top1: 0.2971 | Top5: 0.6776
  Train Batch [1325/2301] | Loss: 3.9992 | Top1: 0.2977 | Top5: 0.6781
  Train Batch [1350/2301] | Loss: 3.9906 | Top1: 0.2981 | Top5: 0.6789
  Train Batch [1375/2301] | Loss: 3.9810 | Top1: 0.2991 | Top5: 0.6800
  Train Batch [1400/2301] | Loss: 3.9714 | Top1: 0.2995 | Top5: 0.6810
  Train Batch [1425/2301] | Loss: 3.9626 | Top1: 0.3004 | Top5: 0.6822
  Train Batch [1450/2301] | Loss: 3.9549 | Top1: 0.3011 | Top5: 0.6827
  Train Batch [1475/2301] | Loss: 3.9465 | Top1: 0.3018 | Top5: 0.6831
  Train Batch [1500/2301] | Loss: 3.9387 | Top1: 0.3018 | Top5: 0.6837
  Train Batch [1525/2301] | Loss: 3.9285 | Top1: 0.3031 | Top5: 0.6849
  Train Batch [1550/2301] | Loss: 3.9190 | Top1: 0.3037 | Top5: 0.6864
  Train Batch [1575/2301] | Loss: 3.9113 | Top1: 0.3044 | Top5: 0.6871
  Train Batch [1600/2301] | Loss: 3.9014 | Top1: 0.3057 | Top5: 0.6884
  Train Batch [1625/2301] | Loss: 3.8943 | Top1: 0.3065 | Top5: 0.6889
  Train Batch [1650/2301] | Loss: 3.8868 | Top1: 0.3069 | Top5: 0.6892
  Train Batch [1675/2301] | Loss: 3.8783 | Top1: 0.3076 | Top5: 0.6900
  Train Batch [1700/2301] | Loss: 3.8691 | Top1: 0.3085 | Top5: 0.6911
  Train Batch [1725/2301] | Loss: 3.8603 | Top1: 0.3094 | Top5: 0.6918
  Train Batch [1750/2301] | Loss: 3.8522 | Top1: 0.3103 | Top5: 0.6923
  Train Batch [1775/2301] | Loss: 3.8442 | Top1: 0.3108 | Top5: 0.6934
  Train Batch [1800/2301] | Loss: 3.8371 | Top1: 0.3111 | Top5: 0.6940
  Train Batch [1825/2301] | Loss: 3.8291 | Top1: 0.3119 | Top5: 0.6951
  Train Batch [1850/2301] | Loss: 3.8199 | Top1: 0.3133 | Top5: 0.6964
  Train Batch [1875/2301] | Loss: 3.8131 | Top1: 0.3141 | Top5: 0.6970
  Train Batch [1900/2301] | Loss: 3.8057 | Top1: 0.3147 | Top5: 0.6979
  Train Batch [1925/2301] | Loss: 3.7976 | Top1: 0.3156 | Top5: 0.6989
  Train Batch [1950/2301] | Loss: 3.7897 | Top1: 0.3165 | Top5: 0.7001
  Train Batch [1975/2301] | Loss: 3.7813 | Top1: 0.3174 | Top5: 0.7013
  Train Batch [2000/2301] | Loss: 3.7731 | Top1: 0.3184 | Top5: 0.7024
  Train Batch [2025/2301] | Loss: 3.7651 | Top1: 0.3192 | Top5: 0.7036
  Train Batch [2050/2301] | Loss: 3.7580 | Top1: 0.3196 | Top5: 0.7045
  Train Batch [2075/2301] | Loss: 3.7507 | Top1: 0.3203 | Top5: 0.7055
  Train Batch [2100/2301] | Loss: 3.7436 | Top1: 0.3212 | Top5: 0.7062
  Train Batch [2125/2301] | Loss: 3.7372 | Top1: 0.3215 | Top5: 0.7069
  Train Batch [2150/2301] | Loss: 3.7306 | Top1: 0.3225 | Top5: 0.7076
  Train Batch [2175/2301] | Loss: 3.7230 | Top1: 0.3236 | Top5: 0.7087
  Train Batch [2200/2301] | Loss: 3.7144 | Top1: 0.3247 | Top5: 0.7100
  Train Batch [2225/2301] | Loss: 3.7070 | Top1: 0.3257 | Top5: 0.7110
  Train Batch [2250/2301] | Loss: 3.6998 | Top1: 0.3270 | Top5: 0.7119
  Train Batch [2275/2301] | Loss: 3.6941 | Top1: 0.3278 | Top5: 0.7124
  Train Batch [2300/2301] | Loss: 3.6883 | Top1: 0.3286 | Top5: 0.7128
  Train Batch [2301/2301] | Loss: 3.6883 | Top1: 0.3286 | Top5: 0.7128
  Train Epoch Time: 432.546s
  Skipping validation on epoch 3; val_interval=2
Epoch [3/100] | Train Loss: 3.6883 | Train Top1: 0.3286 | Train Top5: 0.7128 | Val Loss: nan | Val Top1: nan | Val Top5: nan | LR: 2.00e-04 | Train Time: 432.546s | Val Time: 0.000s | Epoch Time: 432.546s

===== Epoch 4/100 (LR: 2.00e-04) =====
WS-DAN Active: False (start_epoch=5)
  Train Batch [25/2301] | Loss: 3.0283 | Top1: 0.4333 | Top5: 0.8050
  Train Batch [50/2301] | Loss: 2.9856 | Top1: 0.4450 | Top5: 0.8117
  Train Batch [75/2301] | Loss: 2.9858 | Top1: 0.4328 | Top5: 0.8067
  Train Batch [100/2301] | Loss: 2.9899 | Top1: 0.4246 | Top5: 0.8050
  Train Batch [125/2301] | Loss: 2.9612 | Top1: 0.4330 | Top5: 0.8093
  Train Batch [150/2301] | Loss: 2.9366 | Top1: 0.4386 | Top5: 0.8114
  Train Batch [175/2301] | Loss: 2.9330 | Top1: 0.4326 | Top5: 0.8117
  Train Batch [200/2301] | Loss: 2.9225 | Top1: 0.4344 | Top5: 0.8131
  Train Batch [225/2301] | Loss: 2.9084 | Top1: 0.4409 | Top5: 0.8169
  Train Batch [250/2301] | Loss: 2.9063 | Top1: 0.4405 | Top5: 0.8197
  Train Batch [275/2301] | Loss: 2.8978 | Top1: 0.4423 | Top5: 0.8211
  Train Batch [300/2301] | Loss: 2.8955 | Top1: 0.4437 | Top5: 0.8222
  Train Batch [325/2301] | Loss: 2.8853 | Top1: 0.4455 | Top5: 0.8246
  Train Batch [350/2301] | Loss: 2.8736 | Top1: 0.4473 | Top5: 0.8275
  Train Batch [375/2301] | Loss: 2.8723 | Top1: 0.4477 | Top5: 0.8274
  Train Batch [400/2301] | Loss: 2.8678 | Top1: 0.4496 | Top5: 0.8279
  Train Batch [425/2301] | Loss: 2.8607 | Top1: 0.4505 | Top5: 0.8277
  Train Batch [450/2301] | Loss: 2.8575 | Top1: 0.4499 | Top5: 0.8291
  Train Batch [475/2301] | Loss: 2.8533 | Top1: 0.4493 | Top5: 0.8291
  Train Batch [500/2301] | Loss: 2.8513 | Top1: 0.4495 | Top5: 0.8287
  Train Batch [525/2301] | Loss: 2.8521 | Top1: 0.4497 | Top5: 0.8298
  Train Batch [550/2301] | Loss: 2.8476 | Top1: 0.4501 | Top5: 0.8312
  Train Batch [575/2301] | Loss: 2.8452 | Top1: 0.4508 | Top5: 0.8313
  Train Batch [600/2301] | Loss: 2.8408 | Top1: 0.4516 | Top5: 0.8321
  Train Batch [625/2301] | Loss: 2.8378 | Top1: 0.4516 | Top5: 0.8319
  Train Batch [650/2301] | Loss: 2.8354 | Top1: 0.4522 | Top5: 0.8317
  Train Batch [675/2301] | Loss: 2.8316 | Top1: 0.4526 | Top5: 0.8327
  Train Batch [700/2301] | Loss: 2.8281 | Top1: 0.4537 | Top5: 0.8331
  Train Batch [725/2301] | Loss: 2.8250 | Top1: 0.4556 | Top5: 0.8334
  Train Batch [750/2301] | Loss: 2.8213 | Top1: 0.4559 | Top5: 0.8336
  Train Batch [775/2301] | Loss: 2.8199 | Top1: 0.4567 | Top5: 0.8342
  Train Batch [800/2301] | Loss: 2.8168 | Top1: 0.4573 | Top5: 0.8342
  Train Batch [825/2301] | Loss: 2.8129 | Top1: 0.4580 | Top5: 0.8352
  Train Batch [850/2301] | Loss: 2.8084 | Top1: 0.4590 | Top5: 0.8356
  Train Batch [875/2301] | Loss: 2.8047 | Top1: 0.4600 | Top5: 0.8358
  Train Batch [900/2301] | Loss: 2.8016 | Top1: 0.4599 | Top5: 0.8360
  Train Batch [925/2301] | Loss: 2.7979 | Top1: 0.4606 | Top5: 0.8367
  Train Batch [950/2301] | Loss: 2.7953 | Top1: 0.4613 | Top5: 0.8374
  Train Batch [975/2301] | Loss: 2.7911 | Top1: 0.4618 | Top5: 0.8383
  Train Batch [1000/2301] | Loss: 2.7866 | Top1: 0.4627 | Top5: 0.8390
  Train Batch [1025/2301] | Loss: 2.7825 | Top1: 0.4644 | Top5: 0.8398
  Train Batch [1050/2301] | Loss: 2.7801 | Top1: 0.4648 | Top5: 0.8398
  Train Batch [1075/2301] | Loss: 2.7787 | Top1: 0.4653 | Top5: 0.8398
  Train Batch [1100/2301] | Loss: 2.7752 | Top1: 0.4658 | Top5: 0.8399
  Train Batch [1125/2301] | Loss: 2.7732 | Top1: 0.4663 | Top5: 0.8403
  Train Batch [1150/2301] | Loss: 2.7736 | Top1: 0.4658 | Top5: 0.8397
  Train Batch [1175/2301] | Loss: 2.7710 | Top1: 0.4669 | Top5: 0.8396
  Train Batch [1200/2301] | Loss: 2.7688 | Top1: 0.4675 | Top5: 0.8399
  Train Batch [1225/2301] | Loss: 2.7674 | Top1: 0.4678 | Top5: 0.8401
  Train Batch [1250/2301] | Loss: 2.7638 | Top1: 0.4685 | Top5: 0.8407
  Train Batch [1275/2301] | Loss: 2.7604 | Top1: 0.4697 | Top5: 0.8410
  Train Batch [1300/2301] | Loss: 2.7569 | Top1: 0.4706 | Top5: 0.8417
  Train Batch [1325/2301] | Loss: 2.7517 | Top1: 0.4715 | Top5: 0.8425
  Train Batch [1350/2301] | Loss: 2.7496 | Top1: 0.4723 | Top5: 0.8425
  Train Batch [1375/2301] | Loss: 2.7472 | Top1: 0.4727 | Top5: 0.8423
  Train Batch [1400/2301] | Loss: 2.7434 | Top1: 0.4732 | Top5: 0.8428
  Train Batch [1425/2301] | Loss: 2.7407 | Top1: 0.4740 | Top5: 0.8428
  Train Batch [1450/2301] | Loss: 2.7377 | Top1: 0.4750 | Top5: 0.8431
  Train Batch [1475/2301] | Loss: 2.7349 | Top1: 0.4761 | Top5: 0.8434
  Train Batch [1500/2301] | Loss: 2.7306 | Top1: 0.4768 | Top5: 0.8440
  Train Batch [1525/2301] | Loss: 2.7286 | Top1: 0.4767 | Top5: 0.8442
  Train Batch [1550/2301] | Loss: 2.7261 | Top1: 0.4769 | Top5: 0.8445
  Train Batch [1575/2301] | Loss: 2.7233 | Top1: 0.4773 | Top5: 0.8449
  Train Batch [1600/2301] | Loss: 2.7204 | Top1: 0.4779 | Top5: 0.8453
  Train Batch [1625/2301] | Loss: 2.7189 | Top1: 0.4777 | Top5: 0.8453
  Train Batch [1650/2301] | Loss: 2.7162 | Top1: 0.4786 | Top5: 0.8456
  Train Batch [1675/2301] | Loss: 2.7133 | Top1: 0.4792 | Top5: 0.8461
  Train Batch [1700/2301] | Loss: 2.7108 | Top1: 0.4799 | Top5: 0.8465
  Train Batch [1725/2301] | Loss: 2.7088 | Top1: 0.4803 | Top5: 0.8464
  Train Batch [1750/2301] | Loss: 2.7052 | Top1: 0.4813 | Top5: 0.8468
  Train Batch [1775/2301] | Loss: 2.7026 | Top1: 0.4820 | Top5: 0.8472
  Train Batch [1800/2301] | Loss: 2.7005 | Top1: 0.4823 | Top5: 0.8473
  Train Batch [1825/2301] | Loss: 2.6982 | Top1: 0.4828 | Top5: 0.8475
  Train Batch [1850/2301] | Loss: 2.6954 | Top1: 0.4835 | Top5: 0.8478
  Train Batch [1875/2301] | Loss: 2.6944 | Top1: 0.4836 | Top5: 0.8479
  Train Batch [1900/2301] | Loss: 2.6922 | Top1: 0.4843 | Top5: 0.8481
  Train Batch [1925/2301] | Loss: 2.6904 | Top1: 0.4846 | Top5: 0.8482
  Train Batch [1950/2301] | Loss: 2.6878 | Top1: 0.4853 | Top5: 0.8486
  Train Batch [1975/2301] | Loss: 2.6854 | Top1: 0.4858 | Top5: 0.8489
  Train Batch [2000/2301] | Loss: 2.6831 | Top1: 0.4865 | Top5: 0.8492
  Train Batch [2025/2301] | Loss: 2.6802 | Top1: 0.4867 | Top5: 0.8494
  Train Batch [2050/2301] | Loss: 2.6772 | Top1: 0.4874 | Top5: 0.8498
  Train Batch [2075/2301] | Loss: 2.6750 | Top1: 0.4878 | Top5: 0.8500
  Train Batch [2100/2301] | Loss: 2.6727 | Top1: 0.4882 | Top5: 0.8503
  Train Batch [2125/2301] | Loss: 2.6700 | Top1: 0.4890 | Top5: 0.8506
  Train Batch [2150/2301] | Loss: 2.6672 | Top1: 0.4899 | Top5: 0.8510
  Train Batch [2175/2301] | Loss: 2.6657 | Top1: 0.4901 | Top5: 0.8510
  Train Batch [2200/2301] | Loss: 2.6624 | Top1: 0.4909 | Top5: 0.8515
  Train Batch [2225/2301] | Loss: 2.6603 | Top1: 0.4916 | Top5: 0.8516
  Train Batch [2250/2301] | Loss: 2.6579 | Top1: 0.4922 | Top5: 0.8519
  Train Batch [2275/2301] | Loss: 2.6569 | Top1: 0.4925 | Top5: 0.8519
  Train Batch [2300/2301] | Loss: 2.6542 | Top1: 0.4931 | Top5: 0.8522
  Train Batch [2301/2301] | Loss: 2.6542 | Top1: 0.4931 | Top5: 0.8522
  Train Epoch Time: 432.250s
  Val Batch [25/406] | Loss: 2.5734 | Top1: 0.5333 | Top5: 0.8350
  Val Batch [50/406] | Loss: 2.5290 | Top1: 0.5383 | Top5: 0.8542
  Val Batch [75/406] | Loss: 2.5563 | Top1: 0.5333 | Top5: 0.8511
  Val Batch [100/406] | Loss: 2.5897 | Top1: 0.5242 | Top5: 0.8450
  Val Batch [125/406] | Loss: 2.5953 | Top1: 0.5267 | Top5: 0.8437
  Val Batch [150/406] | Loss: 2.5955 | Top1: 0.5292 | Top5: 0.8456
  Val Batch [175/406] | Loss: 2.5925 | Top1: 0.5307 | Top5: 0.8448
  Val Batch [200/406] | Loss: 2.5717 | Top1: 0.5337 | Top5: 0.8498
  Val Batch [225/406] | Loss: 2.5802 | Top1: 0.5326 | Top5: 0.8472
  Val Batch [250/406] | Loss: 2.5789 | Top1: 0.5338 | Top5: 0.8475
  Val Batch [275/406] | Loss: 2.5717 | Top1: 0.5356 | Top5: 0.8502
  Val Batch [300/406] | Loss: 2.5805 | Top1: 0.5356 | Top5: 0.8490
  Val Batch [325/406] | Loss: 2.5809 | Top1: 0.5363 | Top5: 0.8483
  Val Batch [350/406] | Loss: 2.5814 | Top1: 0.5376 | Top5: 0.8483
  Val Batch [375/406] | Loss: 2.5751 | Top1: 0.5408 | Top5: 0.8502
  Val Batch [400/406] | Loss: 2.5744 | Top1: 0.5426 | Top5: 0.8501
  Val Batch [406/406] | Loss: 2.5751 | Top1: 0.5423 | Top5: 0.8499
  Val Epoch Time: 24.836s
Epoch [4/100] | Train Loss: 2.6542 | Train Top1: 0.4931 | Train Top5: 0.8522 | Val Loss: 2.5751 | Val Top1: 0.5423 | Val Top5: 0.8499 | LR: 2.00e-04 | Train Time: 432.250s | Val Time: 24.836s | Epoch Time: 457.086s
Saved best checkpoint to: /home/blue-lobster/PycharmProjects/Model_California_Birds/outputs/output_20260314_164102/checkpoints/convnext_base.fb_in22k_ft_in1k_best.pth

===== Epoch 5/100 (LR: 2.00e-04) =====
WS-DAN Active: False (start_epoch=5)
  Train Batch [25/2301] | Loss: 2.2835 | Top1: 0.5817 | Top5: 0.9150
  Train Batch [50/2301] | Loss: 2.2739 | Top1: 0.5933 | Top5: 0.9200
  Train Batch [75/2301] | Loss: 2.2867 | Top1: 0.5956 | Top5: 0.9150
  Train Batch [100/2301] | Loss: 2.3037 | Top1: 0.5792 | Top5: 0.9108
  Train Batch [125/2301] | Loss: 2.2979 | Top1: 0.5860 | Top5: 0.9097
  Train Batch [150/2301] | Loss: 2.2905 | Top1: 0.5869 | Top5: 0.9097
  Train Batch [175/2301] | Loss: 2.2873 | Top1: 0.5898 | Top5: 0.9095
  Train Batch [200/2301] | Loss: 2.2819 | Top1: 0.5871 | Top5: 0.9129
  Train Batch [225/2301] | Loss: 2.2780 | Top1: 0.5863 | Top5: 0.9130
  Train Batch [250/2301] | Loss: 2.2724 | Top1: 0.5862 | Top5: 0.9133
  Train Batch [275/2301] | Loss: 2.2703 | Top1: 0.5859 | Top5: 0.9126
  Train Batch [300/2301] | Loss: 2.2681 | Top1: 0.5865 | Top5: 0.9133
  Train Batch [325/2301] | Loss: 2.2679 | Top1: 0.5860 | Top5: 0.9129
  Train Batch [350/2301] | Loss: 2.2659 | Top1: 0.5893 | Top5: 0.9132
  Train Batch [375/2301] | Loss: 2.2617 | Top1: 0.5909 | Top5: 0.9141
  Train Batch [400/2301] | Loss: 2.2619 | Top1: 0.5910 | Top5: 0.9150
  Train Batch [425/2301] | Loss: 2.2639 | Top1: 0.5919 | Top5: 0.9131
  Train Batch [450/2301] | Loss: 2.2628 | Top1: 0.5931 | Top5: 0.9132
  Train Batch [475/2301] | Loss: 2.2587 | Top1: 0.5930 | Top5: 0.9137
  Train Batch [500/2301] | Loss: 2.2571 | Top1: 0.5934 | Top5: 0.9133
  Train Batch [525/2301] | Loss: 2.2516 | Top1: 0.5959 | Top5: 0.9134
  Train Batch [550/2301] | Loss: 2.2491 | Top1: 0.5961 | Top5: 0.9137
  Train Batch [575/2301] | Loss: 2.2462 | Top1: 0.5978 | Top5: 0.9140
  Train Batch [600/2301] | Loss: 2.2468 | Top1: 0.5990 | Top5: 0.9144
  Train Batch [625/2301] | Loss: 2.2459 | Top1: 0.5993 | Top5: 0.9144
  Train Batch [650/2301] | Loss: 2.2467 | Top1: 0.5985 | Top5: 0.9141
  Train Batch [675/2301] | Loss: 2.2497 | Top1: 0.5988 | Top5: 0.9135
  Train Batch [700/2301] | Loss: 2.2454 | Top1: 0.6006 | Top5: 0.9143
  Train Batch [725/2301] | Loss: 2.2435 | Top1: 0.6013 | Top5: 0.9148
  Train Batch [750/2301] | Loss: 2.2424 | Top1: 0.6012 | Top5: 0.9146
  Train Batch [775/2301] | Loss: 2.2423 | Top1: 0.6018 | Top5: 0.9142
  Train Batch [800/2301] | Loss: 2.2409 | Top1: 0.6023 | Top5: 0.9139
  Train Batch [825/2301] | Loss: 2.2417 | Top1: 0.6025 | Top5: 0.9138
  Train Batch [850/2301] | Loss: 2.2400 | Top1: 0.6035 | Top5: 0.9138
  Train Batch [875/2301] | Loss: 2.2381 | Top1: 0.6044 | Top5: 0.9141
  Train Batch [900/2301] | Loss: 2.2366 | Top1: 0.6042 | Top5: 0.9143
  Train Batch [925/2301] | Loss: 2.2345 | Top1: 0.6048 | Top5: 0.9143
  Train Batch [950/2301] | Loss: 2.2340 | Top1: 0.6048 | Top5: 0.9144
  Train Batch [975/2301] | Loss: 2.2316 | Top1: 0.6059 | Top5: 0.9148
  Train Batch [1000/2301] | Loss: 2.2300 | Top1: 0.6066 | Top5: 0.9147
  Train Batch [1025/2301] | Loss: 2.2286 | Top1: 0.6067 | Top5: 0.9148
  Train Batch [1050/2301] | Loss: 2.2282 | Top1: 0.6069 | Top5: 0.9145
  Train Batch [1075/2301] | Loss: 2.2265 | Top1: 0.6074 | Top5: 0.9148
  Train Batch [1100/2301] | Loss: 2.2279 | Top1: 0.6069 | Top5: 0.9143
  Train Batch [1125/2301] | Loss: 2.2257 | Top1: 0.6067 | Top5: 0.9147
  Train Batch [1150/2301] | Loss: 2.2253 | Top1: 0.6066 | Top5: 0.9146
  Train Batch [1175/2301] | Loss: 2.2241 | Top1: 0.6073 | Top5: 0.9146
  Train Batch [1200/2301] | Loss: 2.2207 | Top1: 0.6083 | Top5: 0.9151
  Train Batch [1225/2301] | Loss: 2.2196 | Top1: 0.6093 | Top5: 0.9148
  Train Batch [1250/2301] | Loss: 2.2184 | Top1: 0.6099 | Top5: 0.9149
  Train Batch [1275/2301] | Loss: 2.2168 | Top1: 0.6106 | Top5: 0.9151
  Train Batch [1300/2301] | Loss: 2.2154 | Top1: 0.6108 | Top5: 0.9154
  Train Batch [1325/2301] | Loss: 2.2155 | Top1: 0.6107 | Top5: 0.9151
  Train Batch [1350/2301] | Loss: 2.2147 | Top1: 0.6114 | Top5: 0.9149
  Train Batch [1375/2301] | Loss: 2.2147 | Top1: 0.6115 | Top5: 0.9146
  Train Batch [1400/2301] | Loss: 2.2136 | Top1: 0.6121 | Top5: 0.9147
  Train Batch [1425/2301] | Loss: 2.2127 | Top1: 0.6124 | Top5: 0.9144
  Train Batch [1450/2301] | Loss: 2.2124 | Top1: 0.6124 | Top5: 0.9143
  Train Batch [1475/2301] | Loss: 2.2120 | Top1: 0.6121 | Top5: 0.9142
  Train Batch [1500/2301] | Loss: 2.2107 | Top1: 0.6123 | Top5: 0.9143
  Train Batch [1525/2301] | Loss: 2.2097 | Top1: 0.6125 | Top5: 0.9145
  Train Batch [1550/2301] | Loss: 2.2078 | Top1: 0.6128 | Top5: 0.9146
  Train Batch [1575/2301] | Loss: 2.2071 | Top1: 0.6128 | Top5: 0.9147
  Train Batch [1600/2301] | Loss: 2.2056 | Top1: 0.6135 | Top5: 0.9146
  Train Batch [1625/2301] | Loss: 2.2037 | Top1: 0.6142 | Top5: 0.9149
  Train Batch [1650/2301] | Loss: 2.2025 | Top1: 0.6141 | Top5: 0.9151
  Train Batch [1675/2301] | Loss: 2.2017 | Top1: 0.6148 | Top5: 0.9150
  Train Batch [1700/2301] | Loss: 2.2007 | Top1: 0.6151 | Top5: 0.9150
  Train Batch [1725/2301] | Loss: 2.1996 | Top1: 0.6155 | Top5: 0.9150
  Train Batch [1750/2301] | Loss: 2.1982 | Top1: 0.6158 | Top5: 0.9150
  Train Batch [1775/2301] | Loss: 2.1975 | Top1: 0.6158 | Top5: 0.9149
  Train Batch [1800/2301] | Loss: 2.1973 | Top1: 0.6161 | Top5: 0.9147
  Train Batch [1825/2301] | Loss: 2.1948 | Top1: 0.6168 | Top5: 0.9149
  Train Batch [1850/2301] | Loss: 2.1934 | Top1: 0.6172 | Top5: 0.9149
  Train Batch [1875/2301] | Loss: 2.1912 | Top1: 0.6178 | Top5: 0.9152
  Train Batch [1900/2301] | Loss: 2.1896 | Top1: 0.6180 | Top5: 0.9153
  Train Batch [1925/2301] | Loss: 2.1882 | Top1: 0.6185 | Top5: 0.9155
  Train Batch [1950/2301] | Loss: 2.1876 | Top1: 0.6184 | Top5: 0.9153
  Train Batch [1975/2301] | Loss: 2.1862 | Top1: 0.6186 | Top5: 0.9153
  Train Batch [2000/2301] | Loss: 2.1851 | Top1: 0.6189 | Top5: 0.9154
  Train Batch [2025/2301] | Loss: 2.1837 | Top1: 0.6194 | Top5: 0.9153
  Train Batch [2050/2301] | Loss: 2.1839 | Top1: 0.6192 | Top5: 0.9151
  Train Batch [2075/2301] | Loss: 2.1825 | Top1: 0.6194 | Top5: 0.9153
  Train Batch [2100/2301] | Loss: 2.1815 | Top1: 0.6196 | Top5: 0.9153
  Train Batch [2125/2301] | Loss: 2.1809 | Top1: 0.6197 | Top5: 0.9153
  Train Batch [2150/2301] | Loss: 2.1800 | Top1: 0.6201 | Top5: 0.9154
  Train Batch [2175/2301] | Loss: 2.1779 | Top1: 0.6208 | Top5: 0.9157
  Train Batch [2200/2301] | Loss: 2.1772 | Top1: 0.6210 | Top5: 0.9157
  Train Batch [2225/2301] | Loss: 2.1769 | Top1: 0.6211 | Top5: 0.9158
  Train Batch [2250/2301] | Loss: 2.1764 | Top1: 0.6217 | Top5: 0.9156
  Train Batch [2275/2301] | Loss: 2.1756 | Top1: 0.6219 | Top5: 0.9155
  Train Batch [2300/2301] | Loss: 2.1740 | Top1: 0.6226 | Top5: 0.9158
  Train Batch [2301/2301] | Loss: 2.1739 | Top1: 0.6226 | Top5: 0.9158
  Train Epoch Time: 433.255s
  Skipping validation on epoch 5; val_interval=2
Epoch [5/100] | Train Loss: 2.1739 | Train Top1: 0.6226 | Train Top5: 0.9158 | Val Loss: nan | Val Top1: nan | Val Top5: nan | LR: 2.00e-04 | Train Time: 433.255s | Val Time: 0.000s | Epoch Time: 433.255s

===== Epoch 6/100 (LR: 2.00e-04) =====
WS-DAN Active: True (start_epoch=5)
Traceback (most recent call last):
  File "/home/blue-lobster/PycharmProjects/Model_California_Birds/src/./train.py", line 898, in <module>
    main()
  File "/home/blue-lobster/PycharmProjects/Model_California_Birds/src/./train.py", line 858, in main
    best_epoch, best_val_top1, best_val_top5, last_metrics = run_training_loop(
                                                             ^^^^^^^^^^^^^^^^^^
  File "/home/blue-lobster/PycharmProjects/Model_California_Birds/src/./train.py", line 675, in run_training_loop
    train_loss, train_top1, train_top5, train_time, global_step = train_one_epoch(
                                                                  ^^^^^^^^^^^^^^^^
  File "/home/blue-lobster/PycharmProjects/Model_California_Birds/src/./train.py", line 148, in train_one_epoch
    crop_logits = get_logits_from_output(model(crop_images))
                                         ^^^^^^^^^^^^^^^^^^
  File "/home/blue-lobster/PycharmProjects/Model_California_Birds/.venv/lib/python3.12/site-packages/torch/nn/modules/module.py", line 1776, in _wrapped_call_impl
    return self._call_impl(*args, **kwargs)
           ^^^^^^^^^^^^^^^^^^^^^^^^^^^^^^^^
  File "/home/blue-lobster/PycharmProjects/Model_California_Birds/.venv/lib/python3.12/site-packages/torch/nn/modules/module.py", line 1787, in _call_impl
    return forward_call(*args, **kwargs)
           ^^^^^^^^^^^^^^^^^^^^^^^^^^^^^
  File "/home/blue-lobster/PycharmProjects/Model_California_Birds/src/wsdan.py", line 385, in forward
    feature_maps = self.backbone(images)
                   ^^^^^^^^^^^^^^^^^^^^^
  File "/home/blue-lobster/PycharmProjects/Model_California_Birds/.venv/lib/python3.12/site-packages/torch/nn/modules/module.py", line 1776, in _wrapped_call_impl
    return self._call_impl(*args, **kwargs)
           ^^^^^^^^^^^^^^^^^^^^^^^^^^^^^^^^
  File "/home/blue-lobster/PycharmProjects/Model_California_Birds/.venv/lib/python3.12/site-packages/torch/nn/modules/module.py", line 1787, in _call_impl
    return forward_call(*args, **kwargs)
           ^^^^^^^^^^^^^^^^^^^^^^^^^^^^^
  File "/home/blue-lobster/PycharmProjects/Model_California_Birds/src/wsdan.py", line 227, in forward
    features = self.backbone(images)
               ^^^^^^^^^^^^^^^^^^^^^
  File "/home/blue-lobster/PycharmProjects/Model_California_Birds/.venv/lib/python3.12/site-packages/torch/nn/modules/module.py", line 1776, in _wrapped_call_impl
    return self._call_impl(*args, **kwargs)
           ^^^^^^^^^^^^^^^^^^^^^^^^^^^^^^^^
  File "/home/blue-lobster/PycharmProjects/Model_California_Birds/.venv/lib/python3.12/site-packages/torch/nn/modules/module.py", line 1787, in _call_impl
    return forward_call(*args, **kwargs)
           ^^^^^^^^^^^^^^^^^^^^^^^^^^^^^
  File "/home/blue-lobster/PycharmProjects/Model_California_Birds/.venv/lib/python3.12/site-packages/timm/models/_features.py", line 345, in forward
    return list(self._collect(x).values())
                ^^^^^^^^^^^^^^^^
  File "/home/blue-lobster/PycharmProjects/Model_California_Birds/.venv/lib/python3.12/site-packages/timm/models/_features.py", line 299, in _collect
    x = module(x)
        ^^^^^^^^^
  File "/home/blue-lobster/PycharmProjects/Model_California_Birds/.venv/lib/python3.12/site-packages/torch/nn/modules/module.py", line 1776, in _wrapped_call_impl
    return self._call_impl(*args, **kwargs)
           ^^^^^^^^^^^^^^^^^^^^^^^^^^^^^^^^
  File "/home/blue-lobster/PycharmProjects/Model_California_Birds/.venv/lib/python3.12/site-packages/torch/nn/modules/module.py", line 1787, in _call_impl
    return forward_call(*args, **kwargs)
           ^^^^^^^^^^^^^^^^^^^^^^^^^^^^^
  File "/home/blue-lobster/PycharmProjects/Model_California_Birds/.venv/lib/python3.12/site-packages/timm/models/convnext.py", line 306, in forward
    x = self.blocks(x)
        ^^^^^^^^^^^^^^
  File "/home/blue-lobster/PycharmProjects/Model_California_Birds/.venv/lib/python3.12/site-packages/torch/nn/modules/module.py", line 1776, in _wrapped_call_impl
    return self._call_impl(*args, **kwargs)
           ^^^^^^^^^^^^^^^^^^^^^^^^^^^^^^^^
  File "/home/blue-lobster/PycharmProjects/Model_California_Birds/.venv/lib/python3.12/site-packages/torch/nn/modules/module.py", line 1787, in _call_impl
    return forward_call(*args, **kwargs)
           ^^^^^^^^^^^^^^^^^^^^^^^^^^^^^
  File "/home/blue-lobster/PycharmProjects/Model_California_Birds/.venv/lib/python3.12/site-packages/torch/nn/modules/container.py", line 253, in forward
    input = module(input)
            ^^^^^^^^^^^^^
  File "/home/blue-lobster/PycharmProjects/Model_California_Birds/.venv/lib/python3.12/site-packages/torch/nn/modules/module.py", line 1776, in _wrapped_call_impl
    return self._call_impl(*args, **kwargs)
           ^^^^^^^^^^^^^^^^^^^^^^^^^^^^^^^^
  File "/home/blue-lobster/PycharmProjects/Model_California_Birds/.venv/lib/python3.12/site-packages/torch/nn/modules/module.py", line 1787, in _call_impl
    return forward_call(*args, **kwargs)
           ^^^^^^^^^^^^^^^^^^^^^^^^^^^^^
  File "/home/blue-lobster/PycharmProjects/Model_California_Birds/.venv/lib/python3.12/site-packages/timm/models/convnext.py", line 212, in forward
    x = self.drop_path(x) + self.shortcut(shortcut)
        ~~~~~~~~~~~~~~~~~~^~~~~~~~~~~~~~~~~~~~~~~~~
torch.OutOfMemoryError: CUDA out of memory. Tried to allocate 76.00 MiB. GPU 0 has a total capacity of 9.61 GiB of which 43.12 MiB is free. Including non-PyTorch memory, this process has 9.29 GiB memory in use. Of the allocated memory 8.48 GiB is allocated by PyTorch, and 146.91 MiB is reserved by PyTorch but unallocated. If reserved but unallocated memory is large try setting PYTORCH_ALLOC_CONF=expandable_segments:True to avoid fragmentation.  See documentation for Memory Management  (https://pytorch.org/docs/stable/notes/cuda.html#environment-variables)
