Device: cuda
Num classes: 657
Model: convnext_base.fb_in22k_ft_in1k

AMP Enabled: True
Compile Enabled: True
CUDNN Benchmark: True
Freeze Backbone: False
Validation Interval: 2
Weight Decay: 0.05
Layerwise LR Enabled: False
Label Smoothing: 0.1
Dropout Rate: 0.2
Early Stopping Patience: 10
Scheduler: CosineAnnealingLR (T_max=100, eta_min=1e-6)
Warmup Epochs: 2
Mixup Alpha: 0.0
CutMix Alpha: 0.0
WS-DAN Enabled: True
WS-DAN Start Epoch: 5
WS-DAN Attention Maps: 8
WS-DAN Crop Threshold: 0.5
WS-DAN Drop Threshold: 0.4
WS-DAN Base Weight: 1.0
WS-DAN Crop Weight: 0.5
WS-DAN Drop Weight: 0.0
WS-DAN BBox Padding Ratio: 0.1

Epoch [1/100] | Train Loss: 6.4714 | Train Top1: 0.1054 | Train Top5: 0.2457 | Val Loss: nan | Val Top1: nan | Val Top5: nan | LR: 2.00e-06 | Train Time: 505.230s | Val Time: 0.000s | Epoch Time: 505.230s
Epoch [2/100] | Train Loss: 5.3189 | Train Top1: 0.2156 | Train Top5: 0.5325 | Val Loss: 4.3208 | Val Top1: 0.3084 | Val Top5: 0.6870 | LR: 1.01e-04 | Train Time: 389.794s | Val Time: 42.765s | Epoch Time: 432.559s
Epoch [3/100] | Train Loss: 3.4798 | Train Top1: 0.3453 | Train Top5: 0.7271 | Val Loss: nan | Val Top1: nan | Val Top5: nan | LR: 2.00e-04 | Train Time: 390.437s | Val Time: 0.000s | Epoch Time: 390.437s
Epoch [4/100] | Train Loss: 2.5567 | Train Top1: 0.5136 | Train Top5: 0.8597 | Val Loss: 2.5029 | Val Top1: 0.5511 | Val Top5: 0.8554 | LR: 2.00e-04 | Train Time: 389.828s | Val Time: 19.086s | Epoch Time: 408.914s
Epoch [5/100] | Train Loss: 2.1213 | Train Top1: 0.6362 | Train Top5: 0.9166 | Val Loss: nan | Val Top1: nan | Val Top5: nan | LR: 2.00e-04 | Train Time: 389.567s | Val Time: 0.000s | Epoch Time: 389.567s
