Device: cuda
Num classes: 657
Model: vit_base

AMP Enabled: True
Compile Enabled: False
CUDNN Benchmark: True
Freeze Backbone: False
Validation Interval: 1
Weight Decay: 0.01
Label Smoothing: 0.05
Dropout Rate: 0.2
Early Stopping Patience: 12
Scheduler: OneCycleLR (max_lr=0.0007, pct_start=0.1)
Mixup Alpha: 0.2
CutMix Alpha: 0.5

Epoch [1/72] | Train Loss: 5.6017 | Train Top1: 0.0725 | Train Top5: 0.1750 | Val Loss: 4.1152 | Val Top1: 0.2907 | Val Top5: 0.5851 | LR: 2.80e-05 | Train Time: 375.622s | Val Time: 19.649s | Epoch Time: 395.270s
Epoch [2/72] | Train Loss: 4.2067 | Train Top1: 0.1839 | Train Top5: 0.3448 | Val Loss: 3.0383 | Val Top1: 0.4265 | Val Top5: 0.7116 | LR: 5.95e-05 | Train Time: 371.640s | Val Time: 19.596s | Epoch Time: 391.236s
Epoch [3/72] | Train Loss: 3.8259 | Train Top1: 0.2288 | Train Top5: 0.3983 | Val Loss: 2.8388 | Val Top1: 0.4434 | Val Top5: 0.7143 | LR: 1.48e-04 | Train Time: 370.973s | Val Time: 18.627s | Epoch Time: 389.599s
Epoch [4/72] | Train Loss: 3.8630 | Train Top1: 0.2193 | Train Top5: 0.3833 | Val Loss: 3.0003 | Val Top1: 0.4013 | Val Top5: 0.6799 | LR: 2.77e-04 | Train Time: 358.471s | Val Time: 17.128s | Epoch Time: 375.599s
Epoch [5/72] | Train Loss: 3.9296 | Train Top1: 0.2162 | Train Top5: 0.3841 | Val Loss: 3.0821 | Val Top1: 0.3868 | Val Top5: 0.6667 | LR: 4.22e-04 | Train Time: 352.503s | Val Time: 19.609s | Epoch Time: 372.112s
Epoch [6/72] | Train Loss: 3.9554 | Train Top1: 0.2143 | Train Top5: 0.3787 | Val Loss: 3.0408 | Val Top1: 0.4011 | Val Top5: 0.6678 | LR: 5.57e-04 | Train Time: 360.759s | Val Time: 19.637s | Epoch Time: 380.396s
Epoch [7/72] | Train Loss: 3.9110 | Train Top1: 0.2177 | Train Top5: 0.3765 | Val Loss: 2.9068 | Val Top1: 0.4329 | Val Top5: 0.6927 | LR: 6.55e-04 | Train Time: 372.977s | Val Time: 19.754s | Epoch Time: 392.731s
Epoch [8/72] | Train Loss: 3.7518 | Train Top1: 0.2442 | Train Top5: 0.4057 | Val Loss: 2.9316 | Val Top1: 0.4261 | Val Top5: 0.6827 | LR: 6.99e-04 | Train Time: 372.604s | Val Time: 19.767s | Epoch Time: 392.372s
Epoch [9/72] | Train Loss: 3.6789 | Train Top1: 0.2335 | Train Top5: 0.3872 | Val Loss: 2.7702 | Val Top1: 0.4577 | Val Top5: 0.7181 | LR: 7.00e-04 | Train Time: 350.500s | Val Time: 18.510s | Epoch Time: 369.010s
Epoch [10/72] | Train Loss: 3.5632 | Train Top1: 0.2722 | Train Top5: 0.4358 | Val Loss: 2.6814 | Val Top1: 0.4794 | Val Top5: 0.7304 | LR: 6.99e-04 | Train Time: 350.210s | Val Time: 18.538s | Epoch Time: 368.748s
Epoch [11/72] | Train Loss: 3.4091 | Train Top1: 0.2885 | Train Top5: 0.4461 | Val Loss: 2.6338 | Val Top1: 0.4902 | Val Top5: 0.7411 | LR: 6.97e-04 | Train Time: 351.540s | Val Time: 17.317s | Epoch Time: 368.857s
Epoch [12/72] | Train Loss: 3.3711 | Train Top1: 0.3011 | Train Top5: 0.4577 | Val Loss: 2.5542 | Val Top1: 0.5090 | Val Top5: 0.7598 | LR: 6.94e-04 | Train Time: 321.326s | Val Time: 17.047s | Epoch Time: 338.374s
Epoch [13/72] | Train Loss: 3.2149 | Train Top1: 0.3195 | Train Top5: 0.4747 | Val Loss: 2.5657 | Val Top1: 0.5107 | Val Top5: 0.7546 | LR: 6.91e-04 | Train Time: 321.484s | Val Time: 16.974s | Epoch Time: 338.458s
Epoch [14/72] | Train Loss: 3.1787 | Train Top1: 0.3314 | Train Top5: 0.4878 | Val Loss: 2.4722 | Val Top1: 0.5316 | Val Top5: 0.7696 | LR: 6.86e-04 | Train Time: 321.650s | Val Time: 17.037s | Epoch Time: 338.686s
Epoch [15/72] | Train Loss: 3.0188 | Train Top1: 0.3481 | Train Top5: 0.5032 | Val Loss: 2.4869 | Val Top1: 0.5345 | Val Top5: 0.7732 | LR: 6.81e-04 | Train Time: 325.662s | Val Time: 17.086s | Epoch Time: 342.748s
Epoch [16/72] | Train Loss: 2.9986 | Train Top1: 0.3347 | Train Top5: 0.4803 | Val Loss: 2.4758 | Val Top1: 0.5359 | Val Top5: 0.7766 | LR: 6.75e-04 | Train Time: 321.510s | Val Time: 17.007s | Epoch Time: 338.517s
Epoch [17/72] | Train Loss: 2.9330 | Train Top1: 0.3804 | Train Top5: 0.5315 | Val Loss: 2.4264 | Val Top1: 0.5459 | Val Top5: 0.7858 | LR: 6.69e-04 | Train Time: 321.626s | Val Time: 17.018s | Epoch Time: 338.644s
Epoch [18/72] | Train Loss: 2.8706 | Train Top1: 0.3751 | Train Top5: 0.5223 | Val Loss: 2.4817 | Val Top1: 0.5521 | Val Top5: 0.7767 | LR: 6.61e-04 | Train Time: 327.066s | Val Time: 16.991s | Epoch Time: 344.058s
Epoch [19/72] | Train Loss: 2.7700 | Train Top1: 0.3764 | Train Top5: 0.5188 | Val Loss: 2.4008 | Val Top1: 0.5621 | Val Top5: 0.7870 | LR: 6.53e-04 | Train Time: 369.742s | Val Time: 19.569s | Epoch Time: 389.311s
Epoch [20/72] | Train Loss: 2.7257 | Train Top1: 0.3940 | Train Top5: 0.5326 | Val Loss: 2.3754 | Val Top1: 0.5627 | Val Top5: 0.7902 | LR: 6.44e-04 | Train Time: 369.832s | Val Time: 18.807s | Epoch Time: 388.638s
Epoch [21/72] | Train Loss: 2.6554 | Train Top1: 0.4019 | Train Top5: 0.5359 | Val Loss: 2.3874 | Val Top1: 0.5639 | Val Top5: 0.7915 | LR: 6.35e-04 | Train Time: 357.044s | Val Time: 18.801s | Epoch Time: 375.846s
Epoch [22/72] | Train Loss: 2.6245 | Train Top1: 0.4270 | Train Top5: 0.5625 | Val Loss: 2.3735 | Val Top1: 0.5737 | Val Top5: 0.7970 | LR: 6.25e-04 | Train Time: 357.911s | Val Time: 18.837s | Epoch Time: 376.748s
Epoch [23/72] | Train Loss: 2.5263 | Train Top1: 0.4084 | Train Top5: 0.5341 | Val Loss: 2.3584 | Val Top1: 0.5726 | Val Top5: 0.7950 | LR: 6.14e-04 | Train Time: 356.939s | Val Time: 18.808s | Epoch Time: 375.746s
Epoch [24/72] | Train Loss: 2.5273 | Train Top1: 0.4435 | Train Top5: 0.5727 | Val Loss: 2.3897 | Val Top1: 0.5736 | Val Top5: 0.7934 | LR: 6.02e-04 | Train Time: 357.295s | Val Time: 18.781s | Epoch Time: 376.075s
Epoch [25/72] | Train Loss: 2.4161 | Train Top1: 0.4701 | Train Top5: 0.5940 | Val Loss: 2.3285 | Val Top1: 0.5833 | Val Top5: 0.8036 | LR: 5.90e-04 | Train Time: 328.682s | Val Time: 17.267s | Epoch Time: 345.949s
Epoch [26/72] | Train Loss: 2.4237 | Train Top1: 0.4612 | Train Top5: 0.5847 | Val Loss: 2.3400 | Val Top1: 0.5844 | Val Top5: 0.7994 | LR: 5.78e-04 | Train Time: 327.467s | Val Time: 17.255s | Epoch Time: 344.722s
Epoch [27/72] | Train Loss: 2.3552 | Train Top1: 0.4805 | Train Top5: 0.6014 | Val Loss: 2.3167 | Val Top1: 0.5905 | Val Top5: 0.8046 | LR: 5.64e-04 | Train Time: 327.453s | Val Time: 17.234s | Epoch Time: 344.686s
Epoch [28/72] | Train Loss: 2.3319 | Train Top1: 0.4671 | Train Top5: 0.5838 | Val Loss: 2.3014 | Val Top1: 0.5988 | Val Top5: 0.8100 | LR: 5.51e-04 | Train Time: 327.290s | Val Time: 17.237s | Epoch Time: 344.527s
Epoch [29/72] | Train Loss: 2.2837 | Train Top1: 0.4856 | Train Top5: 0.6001 | Val Loss: 2.3443 | Val Top1: 0.5945 | Val Top5: 0.8036 | LR: 5.37e-04 | Train Time: 335.334s | Val Time: 17.735s | Epoch Time: 353.069s
Epoch [30/72] | Train Loss: 2.2299 | Train Top1: 0.5037 | Train Top5: 0.6170 | Val Loss: 2.2814 | Val Top1: 0.6052 | Val Top5: 0.8111 | LR: 5.22e-04 | Train Time: 358.408s | Val Time: 19.539s | Epoch Time: 377.947s
Epoch [31/72] | Train Loss: 2.2329 | Train Top1: 0.4908 | Train Top5: 0.6055 | Val Loss: 2.2625 | Val Top1: 0.6066 | Val Top5: 0.8158 | LR: 5.07e-04 | Train Time: 370.611s | Val Time: 19.667s | Epoch Time: 390.278s
Epoch [32/72] | Train Loss: 2.1782 | Train Top1: 0.4966 | Train Top5: 0.6030 | Val Loss: 2.2724 | Val Top1: 0.6125 | Val Top5: 0.8118 | LR: 4.92e-04 | Train Time: 359.391s | Val Time: 18.818s | Epoch Time: 378.209s
Epoch [33/72] | Train Loss: 2.2016 | Train Top1: 0.4880 | Train Top5: 0.6005 | Val Loss: 2.2723 | Val Top1: 0.6088 | Val Top5: 0.8144 | LR: 4.76e-04 | Train Time: 360.835s | Val Time: 18.495s | Epoch Time: 379.330s
Epoch [34/72] | Train Loss: 2.1980 | Train Top1: 0.5207 | Train Top5: 0.6353 | Val Loss: 2.2546 | Val Top1: 0.6126 | Val Top5: 0.8128 | LR: 4.60e-04 | Train Time: 351.707s | Val Time: 19.532s | Epoch Time: 371.240s
Epoch [35/72] | Train Loss: 2.0629 | Train Top1: 0.5384 | Train Top5: 0.6436 | Val Loss: 2.2509 | Val Top1: 0.6189 | Val Top5: 0.8119 | LR: 4.44e-04 | Train Time: 370.577s | Val Time: 19.536s | Epoch Time: 390.114s
Epoch [36/72] | Train Loss: 2.0957 | Train Top1: 0.5305 | Train Top5: 0.6401 | Val Loss: 2.2389 | Val Top1: 0.6208 | Val Top5: 0.8166 | LR: 4.27e-04 | Train Time: 370.604s | Val Time: 19.446s | Epoch Time: 390.049s
Epoch [37/72] | Train Loss: 2.0799 | Train Top1: 0.4952 | Train Top5: 0.6066 | Val Loss: 2.2376 | Val Top1: 0.6173 | Val Top5: 0.8171 | LR: 4.11e-04 | Train Time: 361.856s | Val Time: 18.393s | Epoch Time: 380.249s
Epoch [38/72] | Train Loss: 2.0987 | Train Top1: 0.5291 | Train Top5: 0.6403 | Val Loss: 2.2095 | Val Top1: 0.6225 | Val Top5: 0.8236 | LR: 3.94e-04 | Train Time: 347.521s | Val Time: 16.986s | Epoch Time: 364.508s
Epoch [39/72] | Train Loss: 1.9442 | Train Top1: 0.5335 | Train Top5: 0.6318 | Val Loss: 2.2234 | Val Top1: 0.6256 | Val Top5: 0.8227 | LR: 3.77e-04 | Train Time: 321.696s | Val Time: 16.993s | Epoch Time: 338.690s
Epoch [40/72] | Train Loss: 2.0317 | Train Top1: 0.5400 | Train Top5: 0.6517 | Val Loss: 2.2190 | Val Top1: 0.6292 | Val Top5: 0.8223 | LR: 3.60e-04 | Train Time: 326.606s | Val Time: 17.284s | Epoch Time: 343.890s
Epoch [41/72] | Train Loss: 1.9531 | Train Top1: 0.5296 | Train Top5: 0.6330 | Val Loss: 2.1867 | Val Top1: 0.6280 | Val Top5: 0.8240 | LR: 3.43e-04 | Train Time: 328.095s | Val Time: 17.285s | Epoch Time: 345.380s
Epoch [42/72] | Train Loss: 1.9599 | Train Top1: 0.5337 | Train Top5: 0.6428 | Val Loss: 2.1638 | Val Top1: 0.6363 | Val Top5: 0.8251 | LR: 3.26e-04 | Train Time: 327.870s | Val Time: 17.288s | Epoch Time: 345.159s
Epoch [43/72] | Train Loss: 1.8881 | Train Top1: 0.5585 | Train Top5: 0.6629 | Val Loss: 2.1880 | Val Top1: 0.6343 | Val Top5: 0.8247 | LR: 3.09e-04 | Train Time: 327.803s | Val Time: 17.290s | Epoch Time: 345.093s
Epoch [44/72] | Train Loss: 1.9260 | Train Top1: 0.5408 | Train Top5: 0.6527 | Val Loss: 2.1616 | Val Top1: 0.6402 | Val Top5: 0.8288 | LR: 2.93e-04 | Train Time: 327.846s | Val Time: 17.310s | Epoch Time: 345.155s
Epoch [45/72] | Train Loss: 1.8684 | Train Top1: 0.5527 | Train Top5: 0.6613 | Val Loss: 2.1544 | Val Top1: 0.6421 | Val Top5: 0.8293 | LR: 2.76e-04 | Train Time: 327.853s | Val Time: 17.301s | Epoch Time: 345.153s
Epoch [46/72] | Train Loss: 1.9018 | Train Top1: 0.5187 | Train Top5: 0.6347 | Val Loss: 2.1310 | Val Top1: 0.6454 | Val Top5: 0.8338 | LR: 2.59e-04 | Train Time: 327.891s | Val Time: 17.261s | Epoch Time: 345.153s
Epoch [47/72] | Train Loss: 1.8674 | Train Top1: 0.5604 | Train Top5: 0.6737 | Val Loss: 2.1416 | Val Top1: 0.6436 | Val Top5: 0.8341 | LR: 2.43e-04 | Train Time: 327.485s | Val Time: 17.257s | Epoch Time: 344.742s
Epoch [48/72] | Train Loss: 1.7990 | Train Top1: 0.5136 | Train Top5: 0.6244 | Val Loss: 2.1082 | Val Top1: 0.6521 | Val Top5: 0.8356 | LR: 2.27e-04 | Train Time: 327.335s | Val Time: 17.287s | Epoch Time: 344.622s
Epoch [49/72] | Train Loss: 1.7802 | Train Top1: 0.5328 | Train Top5: 0.6459 | Val Loss: 2.1244 | Val Top1: 0.6537 | Val Top5: 0.8386 | LR: 2.11e-04 | Train Time: 327.340s | Val Time: 17.251s | Epoch Time: 344.591s
Epoch [50/72] | Train Loss: 1.7794 | Train Top1: 0.5512 | Train Top5: 0.6617 | Val Loss: 2.1196 | Val Top1: 0.6597 | Val Top5: 0.8368 | LR: 1.96e-04 | Train Time: 327.350s | Val Time: 17.263s | Epoch Time: 344.613s
Epoch [51/72] | Train Loss: 1.7912 | Train Top1: 0.5679 | Train Top5: 0.6860 | Val Loss: 2.1084 | Val Top1: 0.6585 | Val Top5: 0.8345 | LR: 1.81e-04 | Train Time: 327.417s | Val Time: 17.228s | Epoch Time: 344.645s
Epoch [52/72] | Train Loss: 1.7682 | Train Top1: 0.5563 | Train Top5: 0.6740 | Val Loss: 2.0920 | Val Top1: 0.6614 | Val Top5: 0.8405 | LR: 1.66e-04 | Train Time: 327.281s | Val Time: 17.270s | Epoch Time: 344.551s
Epoch [53/72] | Train Loss: 1.7683 | Train Top1: 0.5632 | Train Top5: 0.6832 | Val Loss: 2.1122 | Val Top1: 0.6610 | Val Top5: 0.8378 | LR: 1.52e-04 | Train Time: 327.151s | Val Time: 17.218s | Epoch Time: 344.370s
Epoch [54/72] | Train Loss: 1.6543 | Train Top1: 0.5367 | Train Top5: 0.6441 | Val Loss: 2.0840 | Val Top1: 0.6621 | Val Top5: 0.8405 | LR: 1.38e-04 | Train Time: 327.179s | Val Time: 17.230s | Epoch Time: 344.410s
Epoch [55/72] | Train Loss: 1.7243 | Train Top1: 0.5486 | Train Top5: 0.6736 | Val Loss: 2.0920 | Val Top1: 0.6637 | Val Top5: 0.8402 | LR: 1.25e-04 | Train Time: 326.993s | Val Time: 17.213s | Epoch Time: 344.206s
Epoch [56/72] | Train Loss: 1.7167 | Train Top1: 0.5531 | Train Top5: 0.6754 | Val Loss: 2.0590 | Val Top1: 0.6684 | Val Top5: 0.8432 | LR: 1.12e-04 | Train Time: 327.187s | Val Time: 17.218s | Epoch Time: 344.405s
Epoch [57/72] | Train Loss: 1.6880 | Train Top1: 0.5697 | Train Top5: 0.6950 | Val Loss: 2.0557 | Val Top1: 0.6678 | Val Top5: 0.8439 | LR: 1.00e-04 | Train Time: 327.278s | Val Time: 17.218s | Epoch Time: 344.496s
Epoch [58/72] | Train Loss: 1.6400 | Train Top1: 0.5711 | Train Top5: 0.6882 | Val Loss: 2.0578 | Val Top1: 0.6690 | Val Top5: 0.8438 | LR: 8.85e-05 | Train Time: 327.021s | Val Time: 17.230s | Epoch Time: 344.251s
Epoch [59/72] | Train Loss: 1.6266 | Train Top1: 0.5616 | Train Top5: 0.6880 | Val Loss: 2.0726 | Val Top1: 0.6676 | Val Top5: 0.8405 | LR: 7.76e-05 | Train Time: 327.098s | Val Time: 17.213s | Epoch Time: 344.311s
Epoch [60/72] | Train Loss: 1.6150 | Train Top1: 0.5609 | Train Top5: 0.6827 | Val Loss: 2.0620 | Val Top1: 0.6684 | Val Top5: 0.8455 | LR: 6.72e-05 | Train Time: 326.921s | Val Time: 17.214s | Epoch Time: 344.135s
Epoch [61/72] | Train Loss: 1.6172 | Train Top1: 0.5790 | Train Top5: 0.6999 | Val Loss: 2.0780 | Val Top1: 0.6686 | Val Top5: 0.8443 | LR: 5.76e-05 | Train Time: 326.753s | Val Time: 17.210s | Epoch Time: 343.963s
Epoch [62/72] | Train Loss: 1.6158 | Train Top1: 0.5741 | Train Top5: 0.6992 | Val Loss: 2.0584 | Val Top1: 0.6722 | Val Top5: 0.8489 | LR: 4.86e-05 | Train Time: 326.741s | Val Time: 17.210s | Epoch Time: 343.951s
Epoch [63/72] | Train Loss: 1.6210 | Train Top1: 0.5480 | Train Top5: 0.6770 | Val Loss: 2.0610 | Val Top1: 0.6711 | Val Top5: 0.8491 | LR: 4.03e-05 | Train Time: 326.807s | Val Time: 17.213s | Epoch Time: 344.020s
Epoch [64/72] | Train Loss: 1.5588 | Train Top1: 0.5930 | Train Top5: 0.7057 | Val Loss: 2.0604 | Val Top1: 0.6728 | Val Top5: 0.8482 | LR: 3.28e-05 | Train Time: 326.904s | Val Time: 17.207s | Epoch Time: 344.111s
Epoch [65/72] | Train Loss: 1.6483 | Train Top1: 0.5658 | Train Top5: 0.6979 | Val Loss: 2.0505 | Val Top1: 0.6747 | Val Top5: 0.8470 | LR: 2.60e-05 | Train Time: 326.947s | Val Time: 17.201s | Epoch Time: 344.148s
Epoch [66/72] | Train Loss: 1.6427 | Train Top1: 0.5441 | Train Top5: 0.6754 | Val Loss: 2.0554 | Val Top1: 0.6749 | Val Top5: 0.8475 | LR: 2.00e-05 | Train Time: 327.059s | Val Time: 17.258s | Epoch Time: 344.317s
Epoch [67/72] | Train Loss: 1.6015 | Train Top1: 0.5459 | Train Top5: 0.6777 | Val Loss: 2.0531 | Val Top1: 0.6736 | Val Top5: 0.8477 | LR: 1.47e-05 | Train Time: 327.170s | Val Time: 17.210s | Epoch Time: 344.379s
Epoch [68/72] | Train Loss: 1.6054 | Train Top1: 0.5755 | Train Top5: 0.7089 | Val Loss: 2.0501 | Val Top1: 0.6748 | Val Top5: 0.8478 | LR: 1.02e-05 | Train Time: 327.052s | Val Time: 17.197s | Epoch Time: 344.249s
Epoch [69/72] | Train Loss: 1.6105 | Train Top1: 0.5655 | Train Top5: 0.6966 | Val Loss: 2.0535 | Val Top1: 0.6740 | Val Top5: 0.8469 | LR: 6.56e-06 | Train Time: 326.462s | Val Time: 17.196s | Epoch Time: 343.659s
Epoch [70/72] | Train Loss: 1.5894 | Train Top1: 0.5851 | Train Top5: 0.7107 | Val Loss: 2.0511 | Val Top1: 0.6742 | Val Top5: 0.8472 | LR: 3.70e-06 | Train Time: 326.314s | Val Time: 17.219s | Epoch Time: 343.533s
Epoch [71/72] | Train Loss: 1.6470 | Train Top1: 0.5509 | Train Top5: 0.6901 | Val Loss: 2.0517 | Val Top1: 0.6732 | Val Top5: 0.8471 | LR: 1.64e-06 | Train Time: 326.598s | Val Time: 17.223s | Epoch Time: 343.821s
Epoch [72/72] | Train Loss: 1.6035 | Train Top1: 0.5702 | Train Top5: 0.6996 | Val Loss: 2.0518 | Val Top1: 0.6730 | Val Top5: 0.8472 | LR: 4.13e-07 | Train Time: 326.515s | Val Time: 17.213s | Epoch Time: 343.728s

Best Epoch: 66 | Best Val Top1: 0.6749 | Best Val Top5: 0.8475
Total Train Time: 24432.639s | Total Val Time: 1283.918s | Total Runtime: 25735.921s
