TensorBoard logging to: /mnt/c/Users/ljh20/MCS/CS273P/Model_California_Birds/outputs/output_20260314_051815/logs/tensorboard
Official split: 5994 train images (out of 11796 total)
Number of classes: 200
Train batches: 433
Val batches: 67
AttributeWeightedCrossEntropy: loaded 200 classes x 312 attributes
Resuming from checkpoint: /mnt/c/Users/ljh20/MCS/CS273P/Model_California_Birds/outputs/output_20260314_031959/checkpoints/convnextv2_base_best_full.pth
/mnt/c/Users/ljh20/MCS/CS273P/Model_California_Birds/src/utils.py:67: FutureWarning: You are using `torch.load` with `weights_only=False` (the current default value), which uses the default pickle module implicitly. It is possible to construct malicious pickle data which will execute arbitrary code during unpickling (See https://github.com/pytorch/pytorch/blob/main/SECURITY.md#untrusted-models for more details). In a future release, the default value for `weights_only` will be flipped to `True`. This limits the functions that could be executed during unpickling. Arbitrary objects will no longer be allowed to be loaded via this mode unless they are explicitly allowlisted by the user via `torch.serialization.add_safe_globals`. We recommend you start setting `weights_only=True` for any use case where you don't have full control of the loaded file. Please open an issue on GitHub for any issues related to this experimental feature.
  state = torch.load(path, map_location=device)
Resumed at epoch 15, best val top1: 0.9087

===== Epoch 16/60 (LR: 1.00e-06) =====
  Train Batch [30/433] | Loss: 1.3500 | Top1: 0.5944 | Top5: 0.8278
  Train Batch [60/433] | Loss: 1.2421 | Top1: 0.5236 | Top5: 0.7500
  Train Batch [90/433] | Loss: 1.0856 | Top1: 0.5843 | Top5: 0.7759
  Train Batch [120/433] | Loss: 1.0495 | Top1: 0.5958 | Top5: 0.7750
  Train Batch [150/433] | Loss: 1.1171 | Top1: 0.5928 | Top5: 0.7856
  Train Batch [180/433] | Loss: 1.1314 | Top1: 0.6019 | Top5: 0.7991
  Train Batch [210/433] | Loss: 1.0965 | Top1: 0.6206 | Top5: 0.8091
  Train Batch [240/433] | Loss: 1.0856 | Top1: 0.6340 | Top5: 0.8142
  Train Batch [270/433] | Loss: 1.0951 | Top1: 0.6265 | Top5: 0.8111
  Train Batch [300/433] | Loss: 1.0911 | Top1: 0.6228 | Top5: 0.8081
  Train Batch [330/433] | Loss: 1.0774 | Top1: 0.6197 | Top5: 0.8015
  Train Batch [360/433] | Loss: 1.0714 | Top1: 0.6243 | Top5: 0.8039
  Train Batch [390/433] | Loss: 1.0619 | Top1: 0.6135 | Top5: 0.7949
  Train Batch [420/433] | Loss: 1.0619 | Top1: 0.6196 | Top5: 0.8016
  Train Batch [433/433] | Loss: 1.0619 | Top1: 0.6198 | Top5: 0.8007
  Train Epoch Time: 177.932s
  Val Batch [30/67] | Loss: 1.1647 | Top1: 0.9167 | Top5: 0.9972
  Val Batch [60/67] | Loss: 1.1628 | Top1: 0.9181 | Top5: 0.9931
  Val Batch [67/67] | Loss: 1.1909 | Top1: 0.9087 | Top5: 0.9888
  Val Epoch Time: 6.924s
Epoch [16/60] | Train Loss: 1.0619 | Train Top1: 0.6198 | Train Top5: 0.8007 | Val Loss: 1.1909 | Val Top1: 0.9087 | Val Top5: 0.9888 | LR: 1.00e-06 | Train Time: 177.932s | Val Time: 6.924s | Epoch Time: 184.855s

===== Epoch 17/60 (LR: 2.44e-06) =====
  Train Batch [30/433] | Loss: 1.1325 | Top1: 0.6444 | Top5: 0.8528
  Train Batch [60/433] | Loss: 0.9795 | Top1: 0.6042 | Top5: 0.8000
  Train Batch [90/433] | Loss: 0.9744 | Top1: 0.5880 | Top5: 0.7861
  Train Batch [120/433] | Loss: 0.9616 | Top1: 0.5722 | Top5: 0.7681
  Train Batch [150/433] | Loss: 0.9750 | Top1: 0.5667 | Top5: 0.7733
  Train Batch [180/433] | Loss: 1.0045 | Top1: 0.5519 | Top5: 0.7713
  Train Batch [210/433] | Loss: 0.9796 | Top1: 0.5639 | Top5: 0.7722
  Train Batch [240/433] | Loss: 0.9560 | Top1: 0.5622 | Top5: 0.7733
  Train Batch [270/433] | Loss: 0.9699 | Top1: 0.5772 | Top5: 0.7836
  Train Batch [300/433] | Loss: 0.9822 | Top1: 0.5722 | Top5: 0.7761
  Train Batch [330/433] | Loss: 0.9895 | Top1: 0.5755 | Top5: 0.7790
  Train Batch [360/433] | Loss: 0.9937 | Top1: 0.5713 | Top5: 0.7808
  Train Batch [390/433] | Loss: 0.9845 | Top1: 0.5793 | Top5: 0.7821
  Train Batch [420/433] | Loss: 0.9827 | Top1: 0.5756 | Top5: 0.7792
  Train Batch [433/433] | Loss: 0.9859 | Top1: 0.5759 | Top5: 0.7813
  Train Epoch Time: 161.008s
  Val Batch [30/67] | Loss: 1.1619 | Top1: 0.9167 | Top5: 0.9972
  Val Batch [60/67] | Loss: 1.1646 | Top1: 0.9194 | Top5: 0.9917
  Val Batch [67/67] | Loss: 1.1928 | Top1: 0.9125 | Top5: 0.9888
  Val Epoch Time: 5.542s
Epoch [17/60] | Train Loss: 0.9859 | Train Top1: 0.5759 | Train Top5: 0.7813 | Val Loss: 1.1928 | Val Top1: 0.9125 | Val Top5: 0.9888 | LR: 2.44e-06 | Train Time: 161.008s | Val Time: 5.542s | Epoch Time: 166.550s
Saved best checkpoint to: /mnt/c/Users/ljh20/MCS/CS273P/Model_California_Birds/outputs/output_20260314_051815/checkpoints/convnextv2_base_best.pth

===== Epoch 18/60 (LR: 6.67e-06) =====
  Train Batch [30/433] | Loss: 1.0962 | Top1: 0.4917 | Top5: 0.7639
  Train Batch [60/433] | Loss: 0.9774 | Top1: 0.5194 | Top5: 0.7569
  Train Batch [90/433] | Loss: 0.9995 | Top1: 0.5278 | Top5: 0.7750
  Train Batch [120/433] | Loss: 0.9637 | Top1: 0.5222 | Top5: 0.7604
  Train Batch [150/433] | Loss: 0.9705 | Top1: 0.5439 | Top5: 0.7744
  Train Batch [180/433] | Loss: 0.9598 | Top1: 0.5213 | Top5: 0.7500
  Train Batch [210/433] | Loss: 0.9440 | Top1: 0.5417 | Top5: 0.7651
  Train Batch [240/433] | Loss: 0.9545 | Top1: 0.5486 | Top5: 0.7747
  Train Batch [270/433] | Loss: 0.9484 | Top1: 0.5676 | Top5: 0.7818
  Train Batch [300/433] | Loss: 0.9648 | Top1: 0.5719 | Top5: 0.7850
  Train Batch [330/433] | Loss: 0.9530 | Top1: 0.5846 | Top5: 0.7899
  Train Batch [360/433] | Loss: 0.9779 | Top1: 0.5722 | Top5: 0.7894
  Train Batch [390/433] | Loss: 0.9827 | Top1: 0.5771 | Top5: 0.7981
  Train Batch [420/433] | Loss: 0.9757 | Top1: 0.5704 | Top5: 0.7893
  Train Batch [433/433] | Loss: 0.9702 | Top1: 0.5676 | Top5: 0.7890
  Train Epoch Time: 161.797s
  Val Batch [30/67] | Loss: 1.1864 | Top1: 0.9194 | Top5: 0.9917
  Val Batch [60/67] | Loss: 1.1942 | Top1: 0.9208 | Top5: 0.9903
  Val Batch [67/67] | Loss: 1.2254 | Top1: 0.9125 | Top5: 0.9850
  Val Epoch Time: 5.650s
Epoch [18/60] | Train Loss: 0.9702 | Train Top1: 0.5676 | Train Top5: 0.7890 | Val Loss: 1.2254 | Val Top1: 0.9125 | Val Top5: 0.9850 | LR: 6.67e-06 | Train Time: 161.797s | Val Time: 5.650s | Epoch Time: 167.447s

===== Epoch 19/60 (LR: 1.34e-05) =====
  Train Batch [30/433] | Loss: 0.8680 | Top1: 0.4639 | Top5: 0.6806
  Train Batch [60/433] | Loss: 0.8633 | Top1: 0.5361 | Top5: 0.7375
  Train Batch [90/433] | Loss: 0.8990 | Top1: 0.5213 | Top5: 0.7389
  Train Batch [120/433] | Loss: 0.8748 | Top1: 0.5090 | Top5: 0.7368
  Train Batch [150/433] | Loss: 0.8945 | Top1: 0.5250 | Top5: 0.7572
  Train Batch [180/433] | Loss: 0.8917 | Top1: 0.5454 | Top5: 0.7681
  Train Batch [210/433] | Loss: 0.8661 | Top1: 0.5476 | Top5: 0.7643
  Train Batch [240/433] | Loss: 0.8680 | Top1: 0.5639 | Top5: 0.7736
  Train Batch [270/433] | Loss: 0.8768 | Top1: 0.5617 | Top5: 0.7725
  Train Batch [300/433] | Loss: 0.8757 | Top1: 0.5675 | Top5: 0.7744
  Train Batch [330/433] | Loss: 0.8830 | Top1: 0.5652 | Top5: 0.7778
  Train Batch [360/433] | Loss: 0.8919 | Top1: 0.5625 | Top5: 0.7819
  Train Batch [390/433] | Loss: 0.8905 | Top1: 0.5620 | Top5: 0.7788
  Train Batch [420/433] | Loss: 0.8756 | Top1: 0.5696 | Top5: 0.7810
  Train Batch [433/433] | Loss: 0.8773 | Top1: 0.5695 | Top5: 0.7822
  Train Epoch Time: 161.683s
  Val Batch [30/67] | Loss: 1.1995 | Top1: 0.9306 | Top5: 0.9944
  Val Batch [60/67] | Loss: 1.2089 | Top1: 0.9250 | Top5: 0.9917
  Val Batch [67/67] | Loss: 1.2460 | Top1: 0.9137 | Top5: 0.9875
  Val Epoch Time: 5.828s
Epoch [19/60] | Train Loss: 0.8773 | Train Top1: 0.5695 | Train Top5: 0.7822 | Val Loss: 1.2460 | Val Top1: 0.9137 | Val Top5: 0.9875 | LR: 1.34e-05 | Train Time: 161.683s | Val Time: 5.828s | Epoch Time: 167.511s
Saved best checkpoint to: /mnt/c/Users/ljh20/MCS/CS273P/Model_California_Birds/outputs/output_20260314_051815/checkpoints/convnextv2_base_best.pth

===== Epoch 20/60 (LR: 2.24e-05) =====
  Train Batch [30/433] | Loss: 1.0230 | Top1: 0.6639 | Top5: 0.8472
  Train Batch [60/433] | Loss: 0.9594 | Top1: 0.5861 | Top5: 0.7903
  Train Batch [90/433] | Loss: 0.8956 | Top1: 0.5778 | Top5: 0.7593
  Train Batch [120/433] | Loss: 0.9246 | Top1: 0.5618 | Top5: 0.7500
  Train Batch [150/433] | Loss: 0.9437 | Top1: 0.5711 | Top5: 0.7661
  Train Batch [180/433] | Loss: 0.9326 | Top1: 0.5588 | Top5: 0.7639
  Train Batch [210/433] | Loss: 0.9312 | Top1: 0.5571 | Top5: 0.7671
  Train Batch [240/433] | Loss: 0.9209 | Top1: 0.5458 | Top5: 0.7573
  Train Batch [270/433] | Loss: 0.8948 | Top1: 0.5605 | Top5: 0.7670
  Train Batch [300/433] | Loss: 0.8778 | Top1: 0.5617 | Top5: 0.7614
  Train Batch [330/433] | Loss: 0.8987 | Top1: 0.5687 | Top5: 0.7765
  Train Batch [360/433] | Loss: 0.8859 | Top1: 0.5563 | Top5: 0.7662
  Train Batch [390/433] | Loss: 0.8735 | Top1: 0.5690 | Top5: 0.7786
  Train Batch [420/433] | Loss: 0.8804 | Top1: 0.5718 | Top5: 0.7810
  Train Batch [433/433] | Loss: 0.8821 | Top1: 0.5795 | Top5: 0.7871
  Train Epoch Time: 160.869s
  Val Batch [30/67] | Loss: 1.2677 | Top1: 0.9000 | Top5: 0.9944
  Val Batch [60/67] | Loss: 1.2790 | Top1: 0.9042 | Top5: 0.9917
  Val Batch [67/67] | Loss: 1.3066 | Top1: 0.8975 | Top5: 0.9875
  Val Epoch Time: 5.618s
Epoch [20/60] | Train Loss: 0.8821 | Train Top1: 0.5795 | Train Top5: 0.7871 | Val Loss: 1.3066 | Val Top1: 0.8975 | Val Top5: 0.9875 | LR: 2.24e-05 | Train Time: 160.869s | Val Time: 5.618s | Epoch Time: 166.487s

===== Epoch 21/60 (LR: 3.29e-05) =====
  Train Batch [30/433] | Loss: 0.9572 | Top1: 0.5000 | Top5: 0.7500
  Train Batch [60/433] | Loss: 0.8644 | Top1: 0.5319 | Top5: 0.7653
  Train Batch [90/433] | Loss: 0.8442 | Top1: 0.5750 | Top5: 0.7741
  Train Batch [120/433] | Loss: 0.8834 | Top1: 0.6215 | Top5: 0.8146
  Train Batch [150/433] | Loss: 0.9096 | Top1: 0.6167 | Top5: 0.8122
  Train Batch [180/433] | Loss: 0.8791 | Top1: 0.6236 | Top5: 0.8074
  Train Batch [210/433] | Loss: 0.9014 | Top1: 0.6290 | Top5: 0.8139
  Train Batch [240/433] | Loss: 0.9021 | Top1: 0.6233 | Top5: 0.8045
  Train Batch [270/433] | Loss: 0.9170 | Top1: 0.6219 | Top5: 0.8056
  Train Batch [300/433] | Loss: 0.9116 | Top1: 0.6242 | Top5: 0.8119
  Train Batch [330/433] | Loss: 0.9341 | Top1: 0.6187 | Top5: 0.8144
  Train Batch [360/433] | Loss: 0.9437 | Top1: 0.6144 | Top5: 0.8146
  Train Batch [390/433] | Loss: 0.9537 | Top1: 0.6139 | Top5: 0.8143
  Train Batch [420/433] | Loss: 0.9449 | Top1: 0.6165 | Top5: 0.8143
  Train Batch [433/433] | Loss: 0.9396 | Top1: 0.6092 | Top5: 0.8082
  Train Epoch Time: 162.183s
  Val Batch [30/67] | Loss: 1.2560 | Top1: 0.9083 | Top5: 0.9917
  Val Batch [60/67] | Loss: 1.2836 | Top1: 0.9056 | Top5: 0.9903
  Val Batch [67/67] | Loss: 1.3159 | Top1: 0.8962 | Top5: 0.9862
  Val Epoch Time: 5.536s
Epoch [21/60] | Train Loss: 0.9396 | Train Top1: 0.6092 | Train Top5: 0.8082 | Val Loss: 1.3159 | Val Top1: 0.8962 | Val Top5: 0.9862 | LR: 3.29e-05 | Train Time: 162.183s | Val Time: 5.536s | Epoch Time: 167.718s

===== Epoch 22/60 (LR: 4.45e-05) =====
  Train Batch [30/433] | Loss: 1.1221 | Top1: 0.6306 | Top5: 0.8861
  Train Batch [60/433] | Loss: 0.9643 | Top1: 0.6389 | Top5: 0.8417
  Train Batch [90/433] | Loss: 0.9121 | Top1: 0.6435 | Top5: 0.8444
  Train Batch [120/433] | Loss: 0.9054 | Top1: 0.6479 | Top5: 0.8431
  Train Batch [150/433] | Loss: 0.9459 | Top1: 0.6433 | Top5: 0.8406
  Train Batch [180/433] | Loss: 0.9234 | Top1: 0.6477 | Top5: 0.8384
  Train Batch [210/433] | Loss: 0.9119 | Top1: 0.6623 | Top5: 0.8464
  Train Batch [240/433] | Loss: 0.9086 | Top1: 0.6385 | Top5: 0.8236
  Train Batch [270/433] | Loss: 0.9136 | Top1: 0.6179 | Top5: 0.8059
  Train Batch [300/433] | Loss: 0.9313 | Top1: 0.6114 | Top5: 0.8042
  Train Batch [330/433] | Loss: 0.9318 | Top1: 0.6141 | Top5: 0.8086
  Train Batch [360/433] | Loss: 0.9319 | Top1: 0.6012 | Top5: 0.7963
  Train Batch [390/433] | Loss: 0.9287 | Top1: 0.6015 | Top5: 0.8000
  Train Batch [420/433] | Loss: 0.9098 | Top1: 0.6060 | Top5: 0.8000
  Train Batch [433/433] | Loss: 0.9084 | Top1: 0.6092 | Top5: 0.8025
  Train Epoch Time: 161.216s
  Val Batch [30/67] | Loss: 1.2995 | Top1: 0.8944 | Top5: 0.9889
  Val Batch [60/67] | Loss: 1.2964 | Top1: 0.9069 | Top5: 0.9875
  Val Batch [67/67] | Loss: 1.3217 | Top1: 0.8988 | Top5: 0.9850
  Val Epoch Time: 5.766s
Epoch [22/60] | Train Loss: 0.9084 | Train Top1: 0.6092 | Train Top5: 0.8025 | Val Loss: 1.3217 | Val Top1: 0.8988 | Val Top5: 0.9850 | LR: 4.45e-05 | Train Time: 161.216s | Val Time: 5.766s | Epoch Time: 166.981s

===== Epoch 23/60 (LR: 5.65e-05) =====
  Train Batch [30/433] | Loss: 0.9504 | Top1: 0.5944 | Top5: 0.7972
  Train Batch [60/433] | Loss: 0.9448 | Top1: 0.5875 | Top5: 0.7639
  Train Batch [90/433] | Loss: 0.9305 | Top1: 0.5639 | Top5: 0.7509
  Train Batch [120/433] | Loss: 0.9820 | Top1: 0.5944 | Top5: 0.7764
  Train Batch [150/433] | Loss: 0.9640 | Top1: 0.5667 | Top5: 0.7500
  Train Batch [180/433] | Loss: 0.9768 | Top1: 0.5685 | Top5: 0.7463
  Train Batch [210/433] | Loss: 0.9699 | Top1: 0.5679 | Top5: 0.7480
  Train Batch [240/433] | Loss: 0.9762 | Top1: 0.5736 | Top5: 0.7569
  Train Batch [270/433] | Loss: 0.9721 | Top1: 0.5855 | Top5: 0.7639
  Train Batch [300/433] | Loss: 0.9676 | Top1: 0.5964 | Top5: 0.7728
  Train Batch [330/433] | Loss: 0.9507 | Top1: 0.5859 | Top5: 0.7672
  Train Batch [360/433] | Loss: 0.9532 | Top1: 0.5748 | Top5: 0.7623
  Train Batch [390/433] | Loss: 0.9397 | Top1: 0.5776 | Top5: 0.7624
  Train Batch [420/433] | Loss: 0.9419 | Top1: 0.5813 | Top5: 0.7659
  Train Batch [433/433] | Loss: 0.9461 | Top1: 0.5876 | Top5: 0.7701
  Train Epoch Time: 161.848s
  Val Batch [30/67] | Loss: 1.3489 | Top1: 0.8917 | Top5: 0.9917
  Val Batch [60/67] | Loss: 1.3609 | Top1: 0.8972 | Top5: 0.9889
  Val Batch [67/67] | Loss: 1.3967 | Top1: 0.8875 | Top5: 0.9862
  Val Epoch Time: 5.624s
Epoch [23/60] | Train Loss: 0.9461 | Train Top1: 0.5876 | Train Top5: 0.7701 | Val Loss: 1.3967 | Val Top1: 0.8875 | Val Top5: 0.9862 | LR: 5.65e-05 | Train Time: 161.848s | Val Time: 5.624s | Epoch Time: 167.472s

===== Epoch 24/60 (LR: 6.81e-05) =====
  Train Batch [30/433] | Loss: 0.8774 | Top1: 0.6389 | Top5: 0.8056
  Train Batch [60/433] | Loss: 0.9263 | Top1: 0.6347 | Top5: 0.8125
  Train Batch [90/433] | Loss: 0.9673 | Top1: 0.6426 | Top5: 0.8306
  Train Batch [120/433] | Loss: 1.0234 | Top1: 0.6188 | Top5: 0.8153
  Train Batch [150/433] | Loss: 1.0329 | Top1: 0.5961 | Top5: 0.8022
  Train Batch [180/433] | Loss: 1.0451 | Top1: 0.5931 | Top5: 0.7968
  Train Batch [210/433] | Loss: 1.0440 | Top1: 0.6052 | Top5: 0.8052
  Train Batch [240/433] | Loss: 1.0437 | Top1: 0.5837 | Top5: 0.7892
  Train Batch [270/433] | Loss: 1.0442 | Top1: 0.6028 | Top5: 0.8003
  Train Batch [300/433] | Loss: 1.0379 | Top1: 0.5956 | Top5: 0.7919
  Train Batch [330/433] | Loss: 1.0549 | Top1: 0.5894 | Top5: 0.7886
  Train Batch [360/433] | Loss: 1.0629 | Top1: 0.5926 | Top5: 0.7894
  Train Batch [390/433] | Loss: 1.0431 | Top1: 0.5970 | Top5: 0.7900
  Train Batch [420/433] | Loss: 1.0439 | Top1: 0.5980 | Top5: 0.7905
  Train Batch [433/433] | Loss: 1.0394 | Top1: 0.6005 | Top5: 0.7919
  Train Epoch Time: 160.948s
  Val Batch [30/67] | Loss: 1.4169 | Top1: 0.8639 | Top5: 0.9917
  Val Batch [60/67] | Loss: 1.4063 | Top1: 0.8806 | Top5: 0.9861
  Val Batch [67/67] | Loss: 1.4384 | Top1: 0.8712 | Top5: 0.9825
  Val Epoch Time: 5.565s
Epoch [24/60] | Train Loss: 1.0394 | Train Top1: 0.6005 | Train Top5: 0.7919 | Val Loss: 1.4384 | Val Top1: 0.8712 | Val Top5: 0.9825 | LR: 6.81e-05 | Train Time: 160.948s | Val Time: 5.565s | Epoch Time: 166.513s

===== Epoch 25/60 (LR: 7.86e-05) =====
  Train Batch [30/433] | Loss: 1.0615 | Top1: 0.5639 | Top5: 0.7833
  Train Batch [60/433] | Loss: 1.0210 | Top1: 0.5500 | Top5: 0.7611
  Train Batch [90/433] | Loss: 1.0594 | Top1: 0.5870 | Top5: 0.7898
  Train Batch [120/433] | Loss: 1.0525 | Top1: 0.5708 | Top5: 0.7743
  Train Batch [150/433] | Loss: 1.0545 | Top1: 0.5550 | Top5: 0.7728
  Train Batch [180/433] | Loss: 1.0317 | Top1: 0.5509 | Top5: 0.7648
  Train Batch [210/433] | Loss: 1.0049 | Top1: 0.5552 | Top5: 0.7615
  Train Batch [240/433] | Loss: 0.9902 | Top1: 0.5622 | Top5: 0.7611
  Train Batch [270/433] | Loss: 1.0093 | Top1: 0.5642 | Top5: 0.7654
  Train Batch [300/433] | Loss: 1.0033 | Top1: 0.5653 | Top5: 0.7639
  Train Batch [330/433] | Loss: 1.0103 | Top1: 0.5639 | Top5: 0.7598
  Train Batch [360/433] | Loss: 1.0186 | Top1: 0.5697 | Top5: 0.7688
  Train Batch [390/433] | Loss: 1.0151 | Top1: 0.5641 | Top5: 0.7626
  Train Batch [420/433] | Loss: 1.0172 | Top1: 0.5692 | Top5: 0.7653
  Train Batch [433/433] | Loss: 1.0198 | Top1: 0.5670 | Top5: 0.7640
  Train Epoch Time: 161.525s
  Val Batch [30/67] | Loss: 1.2778 | Top1: 0.8917 | Top5: 0.9861
  Val Batch [60/67] | Loss: 1.3197 | Top1: 0.8861 | Top5: 0.9875
  Val Batch [67/67] | Loss: 1.3573 | Top1: 0.8788 | Top5: 0.9838
  Val Epoch Time: 5.600s
Epoch [25/60] | Train Loss: 1.0198 | Train Top1: 0.5670 | Train Top5: 0.7640 | Val Loss: 1.3573 | Val Top1: 0.8788 | Val Top5: 0.9838 | LR: 7.86e-05 | Train Time: 161.525s | Val Time: 5.600s | Epoch Time: 167.126s

===== Epoch 26/60 (LR: 8.76e-05) =====
