TensorBoard log directory: /home/blue-lobster/PycharmProjects/Model_California_Birds/outputs/output_20260314_200940/tensorboard
Launch with: tensorboard --logdir /home/blue-lobster/PycharmProjects/Model_California_Birds/outputs/output_20260314_200940/tensorboard
Number of classes: 657
Train batches: 3944
Val batches: 695

===== Epoch 1/100 (LR: 2.00e-06) =====
WS-DAN Active: False (start_epoch=5)
  Train Batch [25/3944] | Loss: 6.4876 | Top1: 0.0000 | Top5: 0.0086
  Train Batch [50/3944] | Loss: 6.4876 | Top1: 0.0000 | Top5: 0.0086
  Train Batch [75/3944] | Loss: 6.4874 | Top1: 0.0000 | Top5: 0.0105
  Train Batch [100/3944] | Loss: 6.4874 | Top1: 0.0000 | Top5: 0.0086
  Train Batch [125/3944] | Loss: 6.4874 | Top1: 0.0006 | Top5: 0.0091
  Train Batch [150/3944] | Loss: 6.4876 | Top1: 0.0005 | Top5: 0.0076
  Train Batch [175/3944] | Loss: 6.4874 | Top1: 0.0004 | Top5: 0.0082
  Train Batch [200/3944] | Loss: 6.4874 | Top1: 0.0007 | Top5: 0.0086
  Train Batch [225/3944] | Loss: 6.4873 | Top1: 0.0010 | Top5: 0.0089
  Train Batch [250/3944] | Loss: 6.4872 | Top1: 0.0014 | Top5: 0.0094
  Train Batch [275/3944] | Loss: 6.4871 | Top1: 0.0016 | Top5: 0.0088
  Train Batch [300/3944] | Loss: 6.4870 | Top1: 0.0017 | Top5: 0.0088
  Train Batch [325/3944] | Loss: 6.4868 | Top1: 0.0022 | Top5: 0.0099
  Train Batch [350/3944] | Loss: 6.4868 | Top1: 0.0020 | Top5: 0.0104
  Train Batch [375/3944] | Loss: 6.4867 | Top1: 0.0021 | Top5: 0.0103
  Train Batch [400/3944] | Loss: 6.4866 | Top1: 0.0027 | Top5: 0.0109
  Train Batch [425/3944] | Loss: 6.4865 | Top1: 0.0029 | Top5: 0.0116
  Train Batch [450/3944] | Loss: 6.4864 | Top1: 0.0030 | Top5: 0.0119
  Train Batch [475/3944] | Loss: 6.4863 | Top1: 0.0032 | Top5: 0.0131
  Train Batch [500/3944] | Loss: 6.4863 | Top1: 0.0030 | Top5: 0.0134
  Train Batch [525/3944] | Loss: 6.4862 | Top1: 0.0030 | Top5: 0.0137
  Train Batch [550/3944] | Loss: 6.4861 | Top1: 0.0031 | Top5: 0.0134
  Train Batch [575/3944] | Loss: 6.4860 | Top1: 0.0031 | Top5: 0.0135
  Train Batch [600/3944] | Loss: 6.4860 | Top1: 0.0030 | Top5: 0.0138
  Train Batch [625/3944] | Loss: 6.4859 | Top1: 0.0030 | Top5: 0.0142
  Train Batch [650/3944] | Loss: 6.4858 | Top1: 0.0032 | Top5: 0.0147
  Train Batch [675/3944] | Loss: 6.4857 | Top1: 0.0033 | Top5: 0.0161
  Train Batch [700/3944] | Loss: 6.4856 | Top1: 0.0036 | Top5: 0.0173
  Train Batch [725/3944] | Loss: 6.4855 | Top1: 0.0038 | Top5: 0.0184
  Train Batch [750/3944] | Loss: 6.4854 | Top1: 0.0040 | Top5: 0.0188
  Train Batch [775/3944] | Loss: 6.4853 | Top1: 0.0043 | Top5: 0.0198
  Train Batch [800/3944] | Loss: 6.4852 | Top1: 0.0048 | Top5: 0.0205
  Train Batch [825/3944] | Loss: 6.4851 | Top1: 0.0049 | Top5: 0.0207
  Train Batch [850/3944] | Loss: 6.4849 | Top1: 0.0052 | Top5: 0.0218
  Train Batch [875/3944] | Loss: 6.4848 | Top1: 0.0054 | Top5: 0.0221
  Train Batch [900/3944] | Loss: 6.4848 | Top1: 0.0056 | Top5: 0.0229
  Train Batch [925/3944] | Loss: 6.4846 | Top1: 0.0061 | Top5: 0.0236
  Train Batch [950/3944] | Loss: 6.4846 | Top1: 0.0064 | Top5: 0.0247
  Train Batch [975/3944] | Loss: 6.4845 | Top1: 0.0072 | Top5: 0.0262
  Train Batch [1000/3944] | Loss: 6.4844 | Top1: 0.0071 | Top5: 0.0264
  Train Batch [1025/3944] | Loss: 6.4843 | Top1: 0.0072 | Top5: 0.0270
  Train Batch [1050/3944] | Loss: 6.4842 | Top1: 0.0077 | Top5: 0.0278
  Train Batch [1075/3944] | Loss: 6.4841 | Top1: 0.0080 | Top5: 0.0290
  Train Batch [1100/3944] | Loss: 6.4840 | Top1: 0.0081 | Top5: 0.0296
  Train Batch [1125/3944] | Loss: 6.4839 | Top1: 0.0083 | Top5: 0.0305
  Train Batch [1150/3944] | Loss: 6.4838 | Top1: 0.0086 | Top5: 0.0315
  Train Batch [1175/3944] | Loss: 6.4837 | Top1: 0.0089 | Top5: 0.0328
  Train Batch [1200/3944] | Loss: 6.4836 | Top1: 0.0093 | Top5: 0.0340
  Train Batch [1225/3944] | Loss: 6.4835 | Top1: 0.0096 | Top5: 0.0356
  Train Batch [1250/3944] | Loss: 6.4834 | Top1: 0.0101 | Top5: 0.0367
  Train Batch [1275/3944] | Loss: 6.4833 | Top1: 0.0107 | Top5: 0.0383
  Train Batch [1300/3944] | Loss: 6.4831 | Top1: 0.0112 | Top5: 0.0396
  Train Batch [1325/3944] | Loss: 6.4830 | Top1: 0.0116 | Top5: 0.0408
  Train Batch [1350/3944] | Loss: 6.4829 | Top1: 0.0122 | Top5: 0.0423
  Train Batch [1375/3944] | Loss: 6.4828 | Top1: 0.0127 | Top5: 0.0434
  Train Batch [1400/3944] | Loss: 6.4827 | Top1: 0.0133 | Top5: 0.0452
  Train Batch [1425/3944] | Loss: 6.4826 | Top1: 0.0136 | Top5: 0.0469
  Train Batch [1450/3944] | Loss: 6.4825 | Top1: 0.0145 | Top5: 0.0486
  Train Batch [1475/3944] | Loss: 6.4824 | Top1: 0.0151 | Top5: 0.0503
  Train Batch [1500/3944] | Loss: 6.4823 | Top1: 0.0157 | Top5: 0.0517
  Train Batch [1525/3944] | Loss: 6.4821 | Top1: 0.0168 | Top5: 0.0537
  Train Batch [1550/3944] | Loss: 6.4820 | Top1: 0.0173 | Top5: 0.0552
  Train Batch [1575/3944] | Loss: 6.4819 | Top1: 0.0183 | Top5: 0.0571
  Train Batch [1600/3944] | Loss: 6.4818 | Top1: 0.0192 | Top5: 0.0585
  Train Batch [1625/3944] | Loss: 6.4817 | Top1: 0.0198 | Top5: 0.0600
  Train Batch [1650/3944] | Loss: 6.4816 | Top1: 0.0204 | Top5: 0.0615
  Train Batch [1675/3944] | Loss: 6.4815 | Top1: 0.0209 | Top5: 0.0630
  Train Batch [1700/3944] | Loss: 6.4814 | Top1: 0.0221 | Top5: 0.0652
  Train Batch [1725/3944] | Loss: 6.4812 | Top1: 0.0231 | Top5: 0.0673
  Train Batch [1750/3944] | Loss: 6.4811 | Top1: 0.0238 | Top5: 0.0688
  Train Batch [1775/3944] | Loss: 6.4810 | Top1: 0.0248 | Top5: 0.0710
  Train Batch [1800/3944] | Loss: 6.4809 | Top1: 0.0255 | Top5: 0.0729
  Train Batch [1825/3944] | Loss: 6.4808 | Top1: 0.0263 | Top5: 0.0746
  Train Batch [1850/3944] | Loss: 6.4806 | Top1: 0.0272 | Top5: 0.0771
  Train Batch [1875/3944] | Loss: 6.4805 | Top1: 0.0282 | Top5: 0.0794
  Train Batch [1900/3944] | Loss: 6.4804 | Top1: 0.0291 | Top5: 0.0814
  Train Batch [1925/3944] | Loss: 6.4803 | Top1: 0.0297 | Top5: 0.0831
  Train Batch [1950/3944] | Loss: 6.4802 | Top1: 0.0306 | Top5: 0.0856
  Train Batch [1975/3944] | Loss: 6.4801 | Top1: 0.0314 | Top5: 0.0878
  Train Batch [2000/3944] | Loss: 6.4800 | Top1: 0.0326 | Top5: 0.0902
  Train Batch [2025/3944] | Loss: 6.4798 | Top1: 0.0337 | Top5: 0.0926
  Train Batch [2050/3944] | Loss: 6.4797 | Top1: 0.0348 | Top5: 0.0952
  Train Batch [2075/3944] | Loss: 6.4796 | Top1: 0.0357 | Top5: 0.0977
  Train Batch [2100/3944] | Loss: 6.4795 | Top1: 0.0365 | Top5: 0.0996
  Train Batch [2125/3944] | Loss: 6.4793 | Top1: 0.0375 | Top5: 0.1022
  Train Batch [2150/3944] | Loss: 6.4792 | Top1: 0.0389 | Top5: 0.1047
  Train Batch [2175/3944] | Loss: 6.4791 | Top1: 0.0401 | Top5: 0.1071
  Train Batch [2200/3944] | Loss: 6.4790 | Top1: 0.0409 | Top5: 0.1094
  Train Batch [2225/3944] | Loss: 6.4788 | Top1: 0.0420 | Top5: 0.1121
  Train Batch [2250/3944] | Loss: 6.4787 | Top1: 0.0432 | Top5: 0.1146
  Train Batch [2275/3944] | Loss: 6.4786 | Top1: 0.0441 | Top5: 0.1171
  Train Batch [2300/3944] | Loss: 6.4785 | Top1: 0.0450 | Top5: 0.1195
  Train Batch [2325/3944] | Loss: 6.4783 | Top1: 0.0459 | Top5: 0.1219
  Train Batch [2350/3944] | Loss: 6.4782 | Top1: 0.0467 | Top5: 0.1239
  Train Batch [2375/3944] | Loss: 6.4781 | Top1: 0.0476 | Top5: 0.1262
  Train Batch [2400/3944] | Loss: 6.4780 | Top1: 0.0484 | Top5: 0.1283
  Train Batch [2425/3944] | Loss: 6.4779 | Top1: 0.0493 | Top5: 0.1305
  Train Batch [2450/3944] | Loss: 6.4777 | Top1: 0.0504 | Top5: 0.1331
  Train Batch [2475/3944] | Loss: 6.4776 | Top1: 0.0516 | Top5: 0.1353
  Train Batch [2500/3944] | Loss: 6.4775 | Top1: 0.0525 | Top5: 0.1374
  Train Batch [2525/3944] | Loss: 6.4774 | Top1: 0.0533 | Top5: 0.1398
  Train Batch [2550/3944] | Loss: 6.4773 | Top1: 0.0546 | Top5: 0.1425
  Train Batch [2575/3944] | Loss: 6.4771 | Top1: 0.0557 | Top5: 0.1451
  Train Batch [2600/3944] | Loss: 6.4770 | Top1: 0.0568 | Top5: 0.1470
  Train Batch [2625/3944] | Loss: 6.4769 | Top1: 0.0580 | Top5: 0.1495
  Train Batch [2650/3944] | Loss: 6.4768 | Top1: 0.0592 | Top5: 0.1518
  Train Batch [2675/3944] | Loss: 6.4766 | Top1: 0.0605 | Top5: 0.1541
  Train Batch [2700/3944] | Loss: 6.4765 | Top1: 0.0619 | Top5: 0.1567
  Train Batch [2725/3944] | Loss: 6.4764 | Top1: 0.0628 | Top5: 0.1587
  Train Batch [2750/3944] | Loss: 6.4763 | Top1: 0.0641 | Top5: 0.1614
  Train Batch [2775/3944] | Loss: 6.4762 | Top1: 0.0650 | Top5: 0.1634
  Train Batch [2800/3944] | Loss: 6.4760 | Top1: 0.0664 | Top5: 0.1660
  Train Batch [2825/3944] | Loss: 6.4759 | Top1: 0.0676 | Top5: 0.1682
  Train Batch [2850/3944] | Loss: 6.4758 | Top1: 0.0688 | Top5: 0.1712
  Train Batch [2875/3944] | Loss: 6.4756 | Top1: 0.0701 | Top5: 0.1736
  Train Batch [2900/3944] | Loss: 6.4755 | Top1: 0.0716 | Top5: 0.1761
  Train Batch [2925/3944] | Loss: 6.4754 | Top1: 0.0726 | Top5: 0.1784
  Train Batch [2950/3944] | Loss: 6.4752 | Top1: 0.0739 | Top5: 0.1813
  Train Batch [2975/3944] | Loss: 6.4751 | Top1: 0.0752 | Top5: 0.1841
  Train Batch [3000/3944] | Loss: 6.4750 | Top1: 0.0765 | Top5: 0.1866
  Train Batch [3025/3944] | Loss: 6.4748 | Top1: 0.0779 | Top5: 0.1894
  Train Batch [3050/3944] | Loss: 6.4747 | Top1: 0.0791 | Top5: 0.1919
  Train Batch [3075/3944] | Loss: 6.4746 | Top1: 0.0803 | Top5: 0.1942
  Train Batch [3100/3944] | Loss: 6.4744 | Top1: 0.0813 | Top5: 0.1961
  Train Batch [3125/3944] | Loss: 6.4743 | Top1: 0.0825 | Top5: 0.1984
  Train Batch [3150/3944] | Loss: 6.4742 | Top1: 0.0838 | Top5: 0.2007
  Train Batch [3175/3944] | Loss: 6.4740 | Top1: 0.0848 | Top5: 0.2029
  Train Batch [3200/3944] | Loss: 6.4739 | Top1: 0.0861 | Top5: 0.2054
  Train Batch [3225/3944] | Loss: 6.4738 | Top1: 0.0874 | Top5: 0.2079
  Train Batch [3250/3944] | Loss: 6.4736 | Top1: 0.0884 | Top5: 0.2102
  Train Batch [3275/3944] | Loss: 6.4735 | Top1: 0.0896 | Top5: 0.2125
  Train Batch [3300/3944] | Loss: 6.4734 | Top1: 0.0906 | Top5: 0.2147
  Train Batch [3325/3944] | Loss: 6.4732 | Top1: 0.0917 | Top5: 0.2172
  Train Batch [3350/3944] | Loss: 6.4731 | Top1: 0.0927 | Top5: 0.2195
  Train Batch [3375/3944] | Loss: 6.4730 | Top1: 0.0936 | Top5: 0.2215
  Train Batch [3400/3944] | Loss: 6.4728 | Top1: 0.0947 | Top5: 0.2238
  Train Batch [3425/3944] | Loss: 6.4727 | Top1: 0.0960 | Top5: 0.2259
  Train Batch [3450/3944] | Loss: 6.4726 | Top1: 0.0969 | Top5: 0.2280
  Train Batch [3475/3944] | Loss: 6.4724 | Top1: 0.0982 | Top5: 0.2303
  Train Batch [3500/3944] | Loss: 6.4723 | Top1: 0.0991 | Top5: 0.2322
  Train Batch [3525/3944] | Loss: 6.4722 | Top1: 0.1001 | Top5: 0.2343
  Train Batch [3550/3944] | Loss: 6.4720 | Top1: 0.1013 | Top5: 0.2367
  Train Batch [3575/3944] | Loss: 6.4719 | Top1: 0.1024 | Top5: 0.2388
  Train Batch [3600/3944] | Loss: 6.4717 | Top1: 0.1035 | Top5: 0.2408
  Train Batch [3625/3944] | Loss: 6.4716 | Top1: 0.1044 | Top5: 0.2432
  Train Batch [3650/3944] | Loss: 6.4715 | Top1: 0.1054 | Top5: 0.2453
  Train Batch [3675/3944] | Loss: 6.4713 | Top1: 0.1064 | Top5: 0.2474
  Train Batch [3700/3944] | Loss: 6.4712 | Top1: 0.1070 | Top5: 0.2490
  Train Batch [3725/3944] | Loss: 6.4711 | Top1: 0.1076 | Top5: 0.2508
  Train Batch [3750/3944] | Loss: 6.4710 | Top1: 0.1086 | Top5: 0.2527
  Train Batch [3775/3944] | Loss: 6.4708 | Top1: 0.1097 | Top5: 0.2546
  Train Batch [3800/3944] | Loss: 6.4707 | Top1: 0.1105 | Top5: 0.2566
  Train Batch [3825/3944] | Loss: 6.4705 | Top1: 0.1114 | Top5: 0.2583
  Train Batch [3850/3944] | Loss: 6.4704 | Top1: 0.1124 | Top5: 0.2604
  Train Batch [3875/3944] | Loss: 6.4703 | Top1: 0.1133 | Top5: 0.2624
  Train Batch [3900/3944] | Loss: 6.4701 | Top1: 0.1140 | Top5: 0.2643
  Train Batch [3925/3944] | Loss: 6.4700 | Top1: 0.1151 | Top5: 0.2662
  Train Batch [3944/3944] | Loss: 6.4699 | Top1: 0.1159 | Top5: 0.2676
  Train Epoch Time: 467.324s
  Skipping validation on epoch 1; val_interval=2
Epoch [1/100] | Train Loss: 6.4699 | Train Top1: 0.1159 | Train Top5: 0.2676 | Val Loss: nan | Val Top1: nan | Val Top5: nan | LR: 2.00e-06 | Train Time: 467.324s | Val Time: 0.000s | Epoch Time: 467.324s

===== Epoch 2/100 (LR: 1.01e-04) =====
WS-DAN Active: False (start_epoch=5)
  Train Batch [25/3944] | Loss: 6.4431 | Top1: 0.1886 | Top5: 0.4400
  Train Batch [50/3944] | Loss: 6.4356 | Top1: 0.1757 | Top5: 0.4429
  Train Batch [75/3944] | Loss: 6.4301 | Top1: 0.1648 | Top5: 0.4190
  Train Batch [100/3944] | Loss: 6.4211 | Top1: 0.1707 | Top5: 0.4207
  Train Batch [125/3944] | Loss: 6.4134 | Top1: 0.1623 | Top5: 0.4223
  Train Batch [150/3944] | Loss: 6.4056 | Top1: 0.1633 | Top5: 0.4167
  Train Batch [175/3944] | Loss: 6.3971 | Top1: 0.1629 | Top5: 0.4167
  Train Batch [200/3944] | Loss: 6.3890 | Top1: 0.1614 | Top5: 0.4168
  Train Batch [225/3944] | Loss: 6.3816 | Top1: 0.1632 | Top5: 0.4133
  Train Batch [250/3944] | Loss: 6.3732 | Top1: 0.1626 | Top5: 0.4146
  Train Batch [275/3944] | Loss: 6.3643 | Top1: 0.1626 | Top5: 0.4145
  Train Batch [300/3944] | Loss: 6.3551 | Top1: 0.1643 | Top5: 0.4131
  Train Batch [325/3944] | Loss: 6.3476 | Top1: 0.1642 | Top5: 0.4090
  Train Batch [350/3944] | Loss: 6.3396 | Top1: 0.1618 | Top5: 0.4061
  Train Batch [375/3944] | Loss: 6.3314 | Top1: 0.1613 | Top5: 0.4034
  Train Batch [400/3944] | Loss: 6.3231 | Top1: 0.1620 | Top5: 0.4023
  Train Batch [425/3944] | Loss: 6.3150 | Top1: 0.1618 | Top5: 0.4017
  Train Batch [450/3944] | Loss: 6.3068 | Top1: 0.1613 | Top5: 0.4013
  Train Batch [475/3944] | Loss: 6.2984 | Top1: 0.1618 | Top5: 0.4015
  Train Batch [500/3944] | Loss: 6.2898 | Top1: 0.1637 | Top5: 0.4037
  Train Batch [525/3944] | Loss: 6.2811 | Top1: 0.1649 | Top5: 0.4056
  Train Batch [550/3944] | Loss: 6.2726 | Top1: 0.1649 | Top5: 0.4057
  Train Batch [575/3944] | Loss: 6.2645 | Top1: 0.1648 | Top5: 0.4072
  Train Batch [600/3944] | Loss: 6.2561 | Top1: 0.1650 | Top5: 0.4074
  Train Batch [625/3944] | Loss: 6.2479 | Top1: 0.1645 | Top5: 0.4070
  Train Batch [650/3944] | Loss: 6.2401 | Top1: 0.1635 | Top5: 0.4076
  Train Batch [675/3944] | Loss: 6.2322 | Top1: 0.1635 | Top5: 0.4087
  Train Batch [700/3944] | Loss: 6.2236 | Top1: 0.1641 | Top5: 0.4094
  Train Batch [725/3944] | Loss: 6.2151 | Top1: 0.1646 | Top5: 0.4107
  Train Batch [750/3944] | Loss: 6.2058 | Top1: 0.1657 | Top5: 0.4130
  Train Batch [775/3944] | Loss: 6.1974 | Top1: 0.1661 | Top5: 0.4126
  Train Batch [800/3944] | Loss: 6.1886 | Top1: 0.1666 | Top5: 0.4138
  Train Batch [825/3944] | Loss: 6.1802 | Top1: 0.1668 | Top5: 0.4139
  Train Batch [850/3944] | Loss: 6.1716 | Top1: 0.1661 | Top5: 0.4146
  Train Batch [875/3944] | Loss: 6.1638 | Top1: 0.1656 | Top5: 0.4145
  Train Batch [900/3944] | Loss: 6.1556 | Top1: 0.1644 | Top5: 0.4148
  Train Batch [925/3944] | Loss: 6.1478 | Top1: 0.1639 | Top5: 0.4144
  Train Batch [950/3944] | Loss: 6.1388 | Top1: 0.1652 | Top5: 0.4155
  Train Batch [975/3944] | Loss: 6.1303 | Top1: 0.1660 | Top5: 0.4178
  Train Batch [1000/3944] | Loss: 6.1222 | Top1: 0.1666 | Top5: 0.4185
  Train Batch [1025/3944] | Loss: 6.1139 | Top1: 0.1662 | Top5: 0.4190
  Train Batch [1050/3944] | Loss: 6.1059 | Top1: 0.1663 | Top5: 0.4207
  Train Batch [1075/3944] | Loss: 6.0980 | Top1: 0.1664 | Top5: 0.4211
  Train Batch [1100/3944] | Loss: 6.0900 | Top1: 0.1669 | Top5: 0.4217
  Train Batch [1125/3944] | Loss: 6.0813 | Top1: 0.1677 | Top5: 0.4233
  Train Batch [1150/3944] | Loss: 6.0729 | Top1: 0.1683 | Top5: 0.4245
  Train Batch [1175/3944] | Loss: 6.0645 | Top1: 0.1693 | Top5: 0.4253
  Train Batch [1200/3944] | Loss: 6.0564 | Top1: 0.1692 | Top5: 0.4263
  Train Batch [1225/3944] | Loss: 6.0484 | Top1: 0.1697 | Top5: 0.4274
  Train Batch [1250/3944] | Loss: 6.0402 | Top1: 0.1690 | Top5: 0.4272
  Train Batch [1275/3944] | Loss: 6.0326 | Top1: 0.1689 | Top5: 0.4277
  Train Batch [1300/3944] | Loss: 6.0246 | Top1: 0.1691 | Top5: 0.4288
  Train Batch [1325/3944] | Loss: 6.0170 | Top1: 0.1692 | Top5: 0.4294
  Train Batch [1350/3944] | Loss: 6.0086 | Top1: 0.1695 | Top5: 0.4304
  Train Batch [1375/3944] | Loss: 6.0005 | Top1: 0.1710 | Top5: 0.4306
  Train Batch [1400/3944] | Loss: 5.9926 | Top1: 0.1713 | Top5: 0.4309
  Train Batch [1425/3944] | Loss: 5.9850 | Top1: 0.1711 | Top5: 0.4312
  Train Batch [1450/3944] | Loss: 5.9771 | Top1: 0.1711 | Top5: 0.4326
  Train Batch [1475/3944] | Loss: 5.9696 | Top1: 0.1710 | Top5: 0.4330
  Train Batch [1500/3944] | Loss: 5.9617 | Top1: 0.1710 | Top5: 0.4341
  Train Batch [1525/3944] | Loss: 5.9537 | Top1: 0.1713 | Top5: 0.4345
  Train Batch [1550/3944] | Loss: 5.9461 | Top1: 0.1715 | Top5: 0.4350
  Train Batch [1575/3944] | Loss: 5.9383 | Top1: 0.1716 | Top5: 0.4360
  Train Batch [1600/3944] | Loss: 5.9302 | Top1: 0.1718 | Top5: 0.4372
  Train Batch [1625/3944] | Loss: 5.9221 | Top1: 0.1727 | Top5: 0.4384
  Train Batch [1650/3944] | Loss: 5.9141 | Top1: 0.1729 | Top5: 0.4397
  Train Batch [1675/3944] | Loss: 5.9064 | Top1: 0.1727 | Top5: 0.4409
  Train Batch [1700/3944] | Loss: 5.8986 | Top1: 0.1725 | Top5: 0.4417
  Train Batch [1725/3944] | Loss: 5.8904 | Top1: 0.1736 | Top5: 0.4429
  Train Batch [1750/3944] | Loss: 5.8823 | Top1: 0.1741 | Top5: 0.4442
  Train Batch [1775/3944] | Loss: 5.8748 | Top1: 0.1741 | Top5: 0.4448
  Train Batch [1800/3944] | Loss: 5.8669 | Top1: 0.1746 | Top5: 0.4456
  Train Batch [1825/3944] | Loss: 5.8591 | Top1: 0.1750 | Top5: 0.4468
  Train Batch [1850/3944] | Loss: 5.8512 | Top1: 0.1754 | Top5: 0.4476
  Train Batch [1875/3944] | Loss: 5.8431 | Top1: 0.1752 | Top5: 0.4491
  Train Batch [1900/3944] | Loss: 5.8357 | Top1: 0.1757 | Top5: 0.4503
  Train Batch [1925/3944] | Loss: 5.8280 | Top1: 0.1760 | Top5: 0.4513
  Train Batch [1950/3944] | Loss: 5.8201 | Top1: 0.1762 | Top5: 0.4521
  Train Batch [1975/3944] | Loss: 5.8123 | Top1: 0.1766 | Top5: 0.4532
  Train Batch [2000/3944] | Loss: 5.8041 | Top1: 0.1770 | Top5: 0.4546
  Train Batch [2025/3944] | Loss: 5.7963 | Top1: 0.1776 | Top5: 0.4559
  Train Batch [2050/3944] | Loss: 5.7889 | Top1: 0.1781 | Top5: 0.4571
  Train Batch [2075/3944] | Loss: 5.7810 | Top1: 0.1784 | Top5: 0.4583
  Train Batch [2100/3944] | Loss: 5.7735 | Top1: 0.1786 | Top5: 0.4597
  Train Batch [2125/3944] | Loss: 5.7659 | Top1: 0.1794 | Top5: 0.4609
  Train Batch [2150/3944] | Loss: 5.7582 | Top1: 0.1795 | Top5: 0.4624
  Train Batch [2175/3944] | Loss: 5.7505 | Top1: 0.1798 | Top5: 0.4638
  Train Batch [2200/3944] | Loss: 5.7433 | Top1: 0.1802 | Top5: 0.4647
  Train Batch [2225/3944] | Loss: 5.7361 | Top1: 0.1807 | Top5: 0.4656
  Train Batch [2250/3944] | Loss: 5.7287 | Top1: 0.1811 | Top5: 0.4663
  Train Batch [2275/3944] | Loss: 5.7210 | Top1: 0.1816 | Top5: 0.4669
  Train Batch [2300/3944] | Loss: 5.7137 | Top1: 0.1823 | Top5: 0.4681
  Train Batch [2325/3944] | Loss: 5.7064 | Top1: 0.1824 | Top5: 0.4689
  Train Batch [2350/3944] | Loss: 5.6987 | Top1: 0.1828 | Top5: 0.4702
  Train Batch [2375/3944] | Loss: 5.6914 | Top1: 0.1830 | Top5: 0.4711
  Train Batch [2400/3944] | Loss: 5.6840 | Top1: 0.1831 | Top5: 0.4717
  Train Batch [2425/3944] | Loss: 5.6763 | Top1: 0.1836 | Top5: 0.4729
  Train Batch [2450/3944] | Loss: 5.6692 | Top1: 0.1839 | Top5: 0.4741
  Train Batch [2475/3944] | Loss: 5.6618 | Top1: 0.1844 | Top5: 0.4750
  Train Batch [2500/3944] | Loss: 5.6549 | Top1: 0.1845 | Top5: 0.4759
  Train Batch [2525/3944] | Loss: 5.6472 | Top1: 0.1850 | Top5: 0.4771
  Train Batch [2550/3944] | Loss: 5.6402 | Top1: 0.1854 | Top5: 0.4780
  Train Batch [2575/3944] | Loss: 5.6331 | Top1: 0.1860 | Top5: 0.4791
  Train Batch [2600/3944] | Loss: 5.6263 | Top1: 0.1865 | Top5: 0.4801
  Train Batch [2625/3944] | Loss: 5.6192 | Top1: 0.1870 | Top5: 0.4810
  Train Batch [2650/3944] | Loss: 5.6125 | Top1: 0.1879 | Top5: 0.4819
  Train Batch [2675/3944] | Loss: 5.6053 | Top1: 0.1887 | Top5: 0.4832
  Train Batch [2700/3944] | Loss: 5.5983 | Top1: 0.1889 | Top5: 0.4840
  Train Batch [2725/3944] | Loss: 5.5912 | Top1: 0.1893 | Top5: 0.4852
  Train Batch [2750/3944] | Loss: 5.5839 | Top1: 0.1902 | Top5: 0.4865
  Train Batch [2775/3944] | Loss: 5.5771 | Top1: 0.1907 | Top5: 0.4870
  Train Batch [2800/3944] | Loss: 5.5699 | Top1: 0.1908 | Top5: 0.4880
  Train Batch [2825/3944] | Loss: 5.5626 | Top1: 0.1913 | Top5: 0.4892
  Train Batch [2850/3944] | Loss: 5.5558 | Top1: 0.1916 | Top5: 0.4900
  Train Batch [2875/3944] | Loss: 5.5490 | Top1: 0.1918 | Top5: 0.4907
  Train Batch [2900/3944] | Loss: 5.5419 | Top1: 0.1925 | Top5: 0.4919
  Train Batch [2925/3944] | Loss: 5.5347 | Top1: 0.1930 | Top5: 0.4928
  Train Batch [2950/3944] | Loss: 5.5277 | Top1: 0.1933 | Top5: 0.4940
  Train Batch [2975/3944] | Loss: 5.5213 | Top1: 0.1938 | Top5: 0.4945
  Train Batch [3000/3944] | Loss: 5.5143 | Top1: 0.1943 | Top5: 0.4953
  Train Batch [3025/3944] | Loss: 5.5070 | Top1: 0.1950 | Top5: 0.4964
  Train Batch [3050/3944] | Loss: 5.5002 | Top1: 0.1955 | Top5: 0.4978
  Train Batch [3075/3944] | Loss: 5.4928 | Top1: 0.1960 | Top5: 0.4991
  Train Batch [3100/3944] | Loss: 5.4858 | Top1: 0.1964 | Top5: 0.5000
  Train Batch [3125/3944] | Loss: 5.4792 | Top1: 0.1968 | Top5: 0.5008
  Train Batch [3150/3944] | Loss: 5.4722 | Top1: 0.1976 | Top5: 0.5019
  Train Batch [3175/3944] | Loss: 5.4649 | Top1: 0.1979 | Top5: 0.5029
  Train Batch [3200/3944] | Loss: 5.4579 | Top1: 0.1981 | Top5: 0.5042
  Train Batch [3225/3944] | Loss: 5.4511 | Top1: 0.1985 | Top5: 0.5052
  Train Batch [3250/3944] | Loss: 5.4443 | Top1: 0.1991 | Top5: 0.5061
  Train Batch [3275/3944] | Loss: 5.4373 | Top1: 0.1998 | Top5: 0.5071
  Train Batch [3300/3944] | Loss: 5.4303 | Top1: 0.2001 | Top5: 0.5082
  Train Batch [3325/3944] | Loss: 5.4241 | Top1: 0.2006 | Top5: 0.5088
  Train Batch [3350/3944] | Loss: 5.4177 | Top1: 0.2012 | Top5: 0.5099
  Train Batch [3375/3944] | Loss: 5.4109 | Top1: 0.2020 | Top5: 0.5109
  Train Batch [3400/3944] | Loss: 5.4045 | Top1: 0.2025 | Top5: 0.5117
  Train Batch [3425/3944] | Loss: 5.3979 | Top1: 0.2028 | Top5: 0.5125
  Train Batch [3450/3944] | Loss: 5.3910 | Top1: 0.2033 | Top5: 0.5133
  Train Batch [3475/3944] | Loss: 5.3844 | Top1: 0.2039 | Top5: 0.5143
  Train Batch [3500/3944] | Loss: 5.3775 | Top1: 0.2046 | Top5: 0.5154
  Train Batch [3525/3944] | Loss: 5.3710 | Top1: 0.2048 | Top5: 0.5162
  Train Batch [3550/3944] | Loss: 5.3642 | Top1: 0.2056 | Top5: 0.5174
  Train Batch [3575/3944] | Loss: 5.3578 | Top1: 0.2060 | Top5: 0.5184
  Train Batch [3600/3944] | Loss: 5.3508 | Top1: 0.2065 | Top5: 0.5198
  Train Batch [3625/3944] | Loss: 5.3445 | Top1: 0.2070 | Top5: 0.5205
  Train Batch [3650/3944] | Loss: 5.3381 | Top1: 0.2072 | Top5: 0.5214
  Train Batch [3675/3944] | Loss: 5.3315 | Top1: 0.2079 | Top5: 0.5226
  Train Batch [3700/3944] | Loss: 5.3250 | Top1: 0.2084 | Top5: 0.5236
  Train Batch [3725/3944] | Loss: 5.3188 | Top1: 0.2088 | Top5: 0.5242
  Train Batch [3750/3944] | Loss: 5.3125 | Top1: 0.2093 | Top5: 0.5250
  Train Batch [3775/3944] | Loss: 5.3063 | Top1: 0.2100 | Top5: 0.5258
  Train Batch [3800/3944] | Loss: 5.2996 | Top1: 0.2105 | Top5: 0.5268
  Train Batch [3825/3944] | Loss: 5.2930 | Top1: 0.2110 | Top5: 0.5279
  Train Batch [3850/3944] | Loss: 5.2865 | Top1: 0.2116 | Top5: 0.5289
  Train Batch [3875/3944] | Loss: 5.2803 | Top1: 0.2119 | Top5: 0.5298
  Train Batch [3900/3944] | Loss: 5.2735 | Top1: 0.2126 | Top5: 0.5309
  Train Batch [3925/3944] | Loss: 5.2672 | Top1: 0.2129 | Top5: 0.5317
  Train Batch [3944/3944] | Loss: 5.2626 | Top1: 0.2134 | Top5: 0.5325
  Train Epoch Time: 398.821s
  Val Batch [25/695] | Loss: 4.2614 | Top1: 0.3029 | Top5: 0.6629
  Val Batch [50/695] | Loss: 4.2508 | Top1: 0.3014 | Top5: 0.6743
  Val Batch [75/695] | Loss: 4.2403 | Top1: 0.3143 | Top5: 0.6848
  Val Batch [100/695] | Loss: 4.2345 | Top1: 0.3193 | Top5: 0.6950
  Val Batch [125/695] | Loss: 4.2381 | Top1: 0.3131 | Top5: 0.6937
  Val Batch [150/695] | Loss: 4.2414 | Top1: 0.3171 | Top5: 0.6914
  Val Batch [175/695] | Loss: 4.2501 | Top1: 0.3114 | Top5: 0.6878
  Val Batch [200/695] | Loss: 4.2414 | Top1: 0.3093 | Top5: 0.6864
  Val Batch [225/695] | Loss: 4.2457 | Top1: 0.3089 | Top5: 0.6829
  Val Batch [250/695] | Loss: 4.2430 | Top1: 0.3097 | Top5: 0.6829
  Val Batch [275/695] | Loss: 4.2408 | Top1: 0.3052 | Top5: 0.6860
  Val Batch [300/695] | Loss: 4.2404 | Top1: 0.3057 | Top5: 0.6833
  Val Batch [325/695] | Loss: 4.2378 | Top1: 0.3068 | Top5: 0.6846
  Val Batch [350/695] | Loss: 4.2320 | Top1: 0.3135 | Top5: 0.6880
  Val Batch [375/695] | Loss: 4.2324 | Top1: 0.3143 | Top5: 0.6851
  Val Batch [400/695] | Loss: 4.2326 | Top1: 0.3121 | Top5: 0.6846
  Val Batch [425/695] | Loss: 4.2332 | Top1: 0.3121 | Top5: 0.6830
  Val Batch [450/695] | Loss: 4.2323 | Top1: 0.3143 | Top5: 0.6860
  Val Batch [475/695] | Loss: 4.2326 | Top1: 0.3129 | Top5: 0.6872
  Val Batch [500/695] | Loss: 4.2338 | Top1: 0.3123 | Top5: 0.6860
  Val Batch [525/695] | Loss: 4.2341 | Top1: 0.3129 | Top5: 0.6857
  Val Batch [550/695] | Loss: 4.2325 | Top1: 0.3131 | Top5: 0.6860
  Val Batch [575/695] | Loss: 4.2323 | Top1: 0.3138 | Top5: 0.6870
  Val Batch [600/695] | Loss: 4.2320 | Top1: 0.3151 | Top5: 0.6869
  Val Batch [625/695] | Loss: 4.2296 | Top1: 0.3150 | Top5: 0.6862
  Val Batch [650/695] | Loss: 4.2307 | Top1: 0.3145 | Top5: 0.6860
  Val Batch [675/695] | Loss: 4.2306 | Top1: 0.3138 | Top5: 0.6853
  Val Batch [695/695] | Loss: 4.2316 | Top1: 0.3140 | Top5: 0.6849
  Val Epoch Time: 29.313s
Epoch [2/100] | Train Loss: 5.2626 | Train Top1: 0.2134 | Train Top5: 0.5325 | Val Loss: 4.2316 | Val Top1: 0.3140 | Val Top5: 0.6849 | LR: 1.01e-04 | Train Time: 398.821s | Val Time: 29.313s | Epoch Time: 428.134s
Saved best checkpoint to: /home/blue-lobster/PycharmProjects/Model_California_Birds/outputs/output_20260314_200940/checkpoints/convnext_base.fb_in22k_ft_in1k_best.pth

===== Epoch 3/100 (LR: 2.00e-04) =====
WS-DAN Active: False (start_epoch=5)
  Train Batch [25/3944] | Loss: 4.2333 | Top1: 0.2657 | Top5: 0.6943
  Train Batch [50/3944] | Loss: 4.2073 | Top1: 0.3114 | Top5: 0.6986
  Train Batch [75/3944] | Loss: 4.1957 | Top1: 0.3057 | Top5: 0.6867
  Train Batch [100/3944] | Loss: 4.1996 | Top1: 0.3014 | Top5: 0.6850
  Train Batch [125/3944] | Loss: 4.1984 | Top1: 0.2971 | Top5: 0.6691
  Train Batch [150/3944] | Loss: 4.1850 | Top1: 0.2990 | Top5: 0.6738
  Train Batch [175/3944] | Loss: 4.1862 | Top1: 0.2967 | Top5: 0.6641
  Train Batch [200/3944] | Loss: 4.1779 | Top1: 0.2925 | Top5: 0.6636
  Train Batch [225/3944] | Loss: 4.1789 | Top1: 0.2889 | Top5: 0.6619
  Train Batch [250/3944] | Loss: 4.1733 | Top1: 0.2906 | Top5: 0.6637
  Train Batch [275/3944] | Loss: 4.1741 | Top1: 0.2888 | Top5: 0.6621
  Train Batch [300/3944] | Loss: 4.1626 | Top1: 0.2914 | Top5: 0.6640
  Train Batch [325/3944] | Loss: 4.1575 | Top1: 0.2908 | Top5: 0.6655
  Train Batch [350/3944] | Loss: 4.1531 | Top1: 0.2886 | Top5: 0.6657
  Train Batch [375/3944] | Loss: 4.1482 | Top1: 0.2848 | Top5: 0.6636
  Train Batch [400/3944] | Loss: 4.1396 | Top1: 0.2857 | Top5: 0.6629
  Train Batch [425/3944] | Loss: 4.1298 | Top1: 0.2859 | Top5: 0.6640
  Train Batch [450/3944] | Loss: 4.1203 | Top1: 0.2857 | Top5: 0.6643
  Train Batch [475/3944] | Loss: 4.1150 | Top1: 0.2841 | Top5: 0.6639
  Train Batch [500/3944] | Loss: 4.1120 | Top1: 0.2819 | Top5: 0.6626
  Train Batch [525/3944] | Loss: 4.1080 | Top1: 0.2834 | Top5: 0.6627
  Train Batch [550/3944] | Loss: 4.1009 | Top1: 0.2848 | Top5: 0.6629
  Train Batch [575/3944] | Loss: 4.0933 | Top1: 0.2860 | Top5: 0.6634
  Train Batch [600/3944] | Loss: 4.0886 | Top1: 0.2848 | Top5: 0.6625
  Train Batch [625/3944] | Loss: 4.0838 | Top1: 0.2840 | Top5: 0.6622
  Train Batch [650/3944] | Loss: 4.0761 | Top1: 0.2841 | Top5: 0.6605
  Train Batch [675/3944] | Loss: 4.0699 | Top1: 0.2842 | Top5: 0.6606
  Train Batch [700/3944] | Loss: 4.0631 | Top1: 0.2838 | Top5: 0.6611
  Train Batch [725/3944] | Loss: 4.0592 | Top1: 0.2835 | Top5: 0.6610
  Train Batch [750/3944] | Loss: 4.0547 | Top1: 0.2842 | Top5: 0.6608
  Train Batch [775/3944] | Loss: 4.0484 | Top1: 0.2851 | Top5: 0.6610
  Train Batch [800/3944] | Loss: 4.0443 | Top1: 0.2851 | Top5: 0.6606
  Train Batch [825/3944] | Loss: 4.0352 | Top1: 0.2849 | Top5: 0.6623
  Train Batch [850/3944] | Loss: 4.0276 | Top1: 0.2853 | Top5: 0.6635
  Train Batch [875/3944] | Loss: 4.0219 | Top1: 0.2866 | Top5: 0.6634
  Train Batch [900/3944] | Loss: 4.0136 | Top1: 0.2874 | Top5: 0.6644
  Train Batch [925/3944] | Loss: 4.0065 | Top1: 0.2877 | Top5: 0.6650
  Train Batch [950/3944] | Loss: 4.0008 | Top1: 0.2871 | Top5: 0.6647
  Train Batch [975/3944] | Loss: 3.9932 | Top1: 0.2870 | Top5: 0.6655
  Train Batch [1000/3944] | Loss: 3.9849 | Top1: 0.2879 | Top5: 0.6667
  Train Batch [1025/3944] | Loss: 3.9763 | Top1: 0.2888 | Top5: 0.6677
  Train Batch [1050/3944] | Loss: 3.9679 | Top1: 0.2903 | Top5: 0.6684
  Train Batch [1075/3944] | Loss: 3.9605 | Top1: 0.2918 | Top5: 0.6698
  Train Batch [1100/3944] | Loss: 3.9528 | Top1: 0.2925 | Top5: 0.6703
  Train Batch [1125/3944] | Loss: 3.9488 | Top1: 0.2923 | Top5: 0.6701
  Train Batch [1150/3944] | Loss: 3.9443 | Top1: 0.2923 | Top5: 0.6701
  Train Batch [1175/3944] | Loss: 3.9396 | Top1: 0.2919 | Top5: 0.6698
  Train Batch [1200/3944] | Loss: 3.9333 | Top1: 0.2927 | Top5: 0.6701
  Train Batch [1225/3944] | Loss: 3.9272 | Top1: 0.2920 | Top5: 0.6706
  Train Batch [1250/3944] | Loss: 3.9204 | Top1: 0.2932 | Top5: 0.6714
  Train Batch [1275/3944] | Loss: 3.9139 | Top1: 0.2936 | Top5: 0.6725
  Train Batch [1300/3944] | Loss: 3.9080 | Top1: 0.2938 | Top5: 0.6734
  Train Batch [1325/3944] | Loss: 3.9025 | Top1: 0.2942 | Top5: 0.6736
  Train Batch [1350/3944] | Loss: 3.8997 | Top1: 0.2950 | Top5: 0.6728
  Train Batch [1375/3944] | Loss: 3.8928 | Top1: 0.2962 | Top5: 0.6736
  Train Batch [1400/3944] | Loss: 3.8868 | Top1: 0.2960 | Top5: 0.6742
  Train Batch [1425/3944] | Loss: 3.8804 | Top1: 0.2965 | Top5: 0.6750
  Train Batch [1450/3944] | Loss: 3.8740 | Top1: 0.2969 | Top5: 0.6753
  Train Batch [1475/3944] | Loss: 3.8685 | Top1: 0.2969 | Top5: 0.6756
  Train Batch [1500/3944] | Loss: 3.8625 | Top1: 0.2980 | Top5: 0.6761
  Train Batch [1525/3944] | Loss: 3.8559 | Top1: 0.2991 | Top5: 0.6773
  Train Batch [1550/3944] | Loss: 3.8504 | Top1: 0.2995 | Top5: 0.6774
  Train Batch [1575/3944] | Loss: 3.8450 | Top1: 0.3005 | Top5: 0.6778
  Train Batch [1600/3944] | Loss: 3.8401 | Top1: 0.3008 | Top5: 0.6787
  Train Batch [1625/3944] | Loss: 3.8353 | Top1: 0.3011 | Top5: 0.6794
  Train Batch [1650/3944] | Loss: 3.8292 | Top1: 0.3021 | Top5: 0.6802
  Train Batch [1675/3944] | Loss: 3.8227 | Top1: 0.3025 | Top5: 0.6811
  Train Batch [1700/3944] | Loss: 3.8169 | Top1: 0.3032 | Top5: 0.6820
  Train Batch [1725/3944] | Loss: 3.8105 | Top1: 0.3045 | Top5: 0.6829
  Train Batch [1750/3944] | Loss: 3.8059 | Top1: 0.3050 | Top5: 0.6831
  Train Batch [1775/3944] | Loss: 3.8021 | Top1: 0.3046 | Top5: 0.6836
  Train Batch [1800/3944] | Loss: 3.7976 | Top1: 0.3053 | Top5: 0.6838
  Train Batch [1825/3944] | Loss: 3.7896 | Top1: 0.3068 | Top5: 0.6851
  Train Batch [1850/3944] | Loss: 3.7836 | Top1: 0.3077 | Top5: 0.6861
  Train Batch [1875/3944] | Loss: 3.7776 | Top1: 0.3081 | Top5: 0.6870
  Train Batch [1900/3944] | Loss: 3.7723 | Top1: 0.3087 | Top5: 0.6878
  Train Batch [1925/3944] | Loss: 3.7670 | Top1: 0.3094 | Top5: 0.6883
  Train Batch [1950/3944] | Loss: 3.7627 | Top1: 0.3096 | Top5: 0.6887
  Train Batch [1975/3944] | Loss: 3.7580 | Top1: 0.3097 | Top5: 0.6894
  Train Batch [2000/3944] | Loss: 3.7526 | Top1: 0.3104 | Top5: 0.6902
  Train Batch [2025/3944] | Loss: 3.7469 | Top1: 0.3114 | Top5: 0.6909
  Train Batch [2050/3944] | Loss: 3.7428 | Top1: 0.3115 | Top5: 0.6910
  Train Batch [2075/3944] | Loss: 3.7389 | Top1: 0.3114 | Top5: 0.6908
  Train Batch [2100/3944] | Loss: 3.7333 | Top1: 0.3120 | Top5: 0.6920
  Train Batch [2125/3944] | Loss: 3.7280 | Top1: 0.3127 | Top5: 0.6926
  Train Batch [2150/3944] | Loss: 3.7218 | Top1: 0.3134 | Top5: 0.6933
  Train Batch [2175/3944] | Loss: 3.7170 | Top1: 0.3136 | Top5: 0.6942
  Train Batch [2200/3944] | Loss: 3.7115 | Top1: 0.3143 | Top5: 0.6949
  Train Batch [2225/3944] | Loss: 3.7082 | Top1: 0.3143 | Top5: 0.6951
  Train Batch [2250/3944] | Loss: 3.7035 | Top1: 0.3151 | Top5: 0.6954
  Train Batch [2275/3944] | Loss: 3.6996 | Top1: 0.3154 | Top5: 0.6956
  Train Batch [2300/3944] | Loss: 3.6950 | Top1: 0.3160 | Top5: 0.6963
  Train Batch [2325/3944] | Loss: 3.6896 | Top1: 0.3166 | Top5: 0.6969
  Train Batch [2350/3944] | Loss: 3.6844 | Top1: 0.3172 | Top5: 0.6976
  Train Batch [2375/3944] | Loss: 3.6793 | Top1: 0.3177 | Top5: 0.6982
  Train Batch [2400/3944] | Loss: 3.6748 | Top1: 0.3178 | Top5: 0.6988
  Train Batch [2425/3944] | Loss: 3.6714 | Top1: 0.3177 | Top5: 0.6991
  Train Batch [2450/3944] | Loss: 3.6664 | Top1: 0.3187 | Top5: 0.7001
  Train Batch [2475/3944] | Loss: 3.6627 | Top1: 0.3193 | Top5: 0.7003
  Train Batch [2500/3944] | Loss: 3.6582 | Top1: 0.3201 | Top5: 0.7006
  Train Batch [2525/3944] | Loss: 3.6540 | Top1: 0.3202 | Top5: 0.7007
  Train Batch [2550/3944] | Loss: 3.6497 | Top1: 0.3203 | Top5: 0.7012
  Train Batch [2575/3944] | Loss: 3.6468 | Top1: 0.3204 | Top5: 0.7012
  Train Batch [2600/3944] | Loss: 3.6414 | Top1: 0.3211 | Top5: 0.7018
  Train Batch [2625/3944] | Loss: 3.6354 | Top1: 0.3220 | Top5: 0.7028
  Train Batch [2650/3944] | Loss: 3.6304 | Top1: 0.3227 | Top5: 0.7034
  Train Batch [2675/3944] | Loss: 3.6265 | Top1: 0.3231 | Top5: 0.7038
  Train Batch [2700/3944] | Loss: 3.6220 | Top1: 0.3238 | Top5: 0.7044
  Train Batch [2725/3944] | Loss: 3.6162 | Top1: 0.3246 | Top5: 0.7052
  Train Batch [2750/3944] | Loss: 3.6112 | Top1: 0.3256 | Top5: 0.7060
  Train Batch [2775/3944] | Loss: 3.6078 | Top1: 0.3262 | Top5: 0.7063
  Train Batch [2800/3944] | Loss: 3.6045 | Top1: 0.3265 | Top5: 0.7064
  Train Batch [2825/3944] | Loss: 3.6003 | Top1: 0.3268 | Top5: 0.7071
  Train Batch [2850/3944] | Loss: 3.5962 | Top1: 0.3271 | Top5: 0.7074
  Train Batch [2875/3944] | Loss: 3.5922 | Top1: 0.3276 | Top5: 0.7079
  Train Batch [2900/3944] | Loss: 3.5877 | Top1: 0.3283 | Top5: 0.7083
  Train Batch [2925/3944] | Loss: 3.5830 | Top1: 0.3292 | Top5: 0.7090
  Train Batch [2950/3944] | Loss: 3.5785 | Top1: 0.3298 | Top5: 0.7094
  Train Batch [2975/3944] | Loss: 3.5746 | Top1: 0.3303 | Top5: 0.7098
  Train Batch [3000/3944] | Loss: 3.5712 | Top1: 0.3310 | Top5: 0.7101
  Train Batch [3025/3944] | Loss: 3.5671 | Top1: 0.3315 | Top5: 0.7108
  Train Batch [3050/3944] | Loss: 3.5632 | Top1: 0.3319 | Top5: 0.7113
  Train Batch [3075/3944] | Loss: 3.5599 | Top1: 0.3320 | Top5: 0.7115
  Train Batch [3100/3944] | Loss: 3.5566 | Top1: 0.3325 | Top5: 0.7119
  Train Batch [3125/3944] | Loss: 3.5527 | Top1: 0.3327 | Top5: 0.7125
  Train Batch [3150/3944] | Loss: 3.5480 | Top1: 0.3336 | Top5: 0.7130
  Train Batch [3175/3944] | Loss: 3.5436 | Top1: 0.3343 | Top5: 0.7137
  Train Batch [3200/3944] | Loss: 3.5402 | Top1: 0.3351 | Top5: 0.7138
  Train Batch [3225/3944] | Loss: 3.5367 | Top1: 0.3355 | Top5: 0.7142
  Train Batch [3250/3944] | Loss: 3.5334 | Top1: 0.3356 | Top5: 0.7146
  Train Batch [3275/3944] | Loss: 3.5298 | Top1: 0.3361 | Top5: 0.7151
  Train Batch [3300/3944] | Loss: 3.5258 | Top1: 0.3369 | Top5: 0.7155
  Train Batch [3325/3944] | Loss: 3.5222 | Top1: 0.3377 | Top5: 0.7161
  Train Batch [3350/3944] | Loss: 3.5179 | Top1: 0.3383 | Top5: 0.7167
  Train Batch [3375/3944] | Loss: 3.5134 | Top1: 0.3390 | Top5: 0.7174
  Train Batch [3400/3944] | Loss: 3.5087 | Top1: 0.3397 | Top5: 0.7180
  Train Batch [3425/3944] | Loss: 3.5042 | Top1: 0.3401 | Top5: 0.7187
  Train Batch [3450/3944] | Loss: 3.5007 | Top1: 0.3402 | Top5: 0.7193
  Train Batch [3475/3944] | Loss: 3.4969 | Top1: 0.3407 | Top5: 0.7202
  Train Batch [3500/3944] | Loss: 3.4939 | Top1: 0.3413 | Top5: 0.7206
  Train Batch [3525/3944] | Loss: 3.4906 | Top1: 0.3417 | Top5: 0.7209
  Train Batch [3550/3944] | Loss: 3.4866 | Top1: 0.3424 | Top5: 0.7214
  Train Batch [3575/3944] | Loss: 3.4830 | Top1: 0.3429 | Top5: 0.7221
  Train Batch [3600/3944] | Loss: 3.4790 | Top1: 0.3434 | Top5: 0.7227
  Train Batch [3625/3944] | Loss: 3.4760 | Top1: 0.3436 | Top5: 0.7230
  Train Batch [3650/3944] | Loss: 3.4731 | Top1: 0.3440 | Top5: 0.7234
  Train Batch [3675/3944] | Loss: 3.4701 | Top1: 0.3443 | Top5: 0.7238
  Train Batch [3700/3944] | Loss: 3.4665 | Top1: 0.3451 | Top5: 0.7243
  Train Batch [3725/3944] | Loss: 3.4625 | Top1: 0.3458 | Top5: 0.7250
  Train Batch [3750/3944] | Loss: 3.4580 | Top1: 0.3465 | Top5: 0.7258
  Train Batch [3775/3944] | Loss: 3.4532 | Top1: 0.3473 | Top5: 0.7265
  Train Batch [3800/3944] | Loss: 3.4495 | Top1: 0.3481 | Top5: 0.7272
  Train Batch [3825/3944] | Loss: 3.4460 | Top1: 0.3484 | Top5: 0.7278
  Train Batch [3850/3944] | Loss: 3.4424 | Top1: 0.3492 | Top5: 0.7283
  Train Batch [3875/3944] | Loss: 3.4391 | Top1: 0.3498 | Top5: 0.7288
  Train Batch [3900/3944] | Loss: 3.4359 | Top1: 0.3503 | Top5: 0.7292
  Train Batch [3925/3944] | Loss: 3.4335 | Top1: 0.3506 | Top5: 0.7293
  Train Batch [3944/3944] | Loss: 3.4315 | Top1: 0.3511 | Top5: 0.7295
  Train Epoch Time: 398.044s
  Skipping validation on epoch 3; val_interval=2
Epoch [3/100] | Train Loss: 3.4315 | Train Top1: 0.3511 | Train Top5: 0.7295 | Val Loss: nan | Val Top1: nan | Val Top5: nan | LR: 2.00e-04 | Train Time: 398.044s | Val Time: 0.000s | Epoch Time: 398.044s

===== Epoch 4/100 (LR: 2.00e-04) =====
WS-DAN Active: False (start_epoch=5)
  Train Batch [25/3944] | Loss: 2.7291 | Top1: 0.4943 | Top5: 0.8200
  Train Batch [50/3944] | Loss: 2.7612 | Top1: 0.4743 | Top5: 0.8286
  Train Batch [75/3944] | Loss: 2.7422 | Top1: 0.4771 | Top5: 0.8324
  Train Batch [100/3944] | Loss: 2.7382 | Top1: 0.4836 | Top5: 0.8336
  Train Batch [125/3944] | Loss: 2.7439 | Top1: 0.4731 | Top5: 0.8331
  Train Batch [150/3944] | Loss: 2.7598 | Top1: 0.4681 | Top5: 0.8329
  Train Batch [175/3944] | Loss: 2.7714 | Top1: 0.4563 | Top5: 0.8294
  Train Batch [200/3944] | Loss: 2.7552 | Top1: 0.4596 | Top5: 0.8311
  Train Batch [225/3944] | Loss: 2.7415 | Top1: 0.4606 | Top5: 0.8327
  Train Batch [250/3944] | Loss: 2.7329 | Top1: 0.4637 | Top5: 0.8320
  Train Batch [275/3944] | Loss: 2.7358 | Top1: 0.4665 | Top5: 0.8314
  Train Batch [300/3944] | Loss: 2.7370 | Top1: 0.4640 | Top5: 0.8324
  Train Batch [325/3944] | Loss: 2.7324 | Top1: 0.4659 | Top5: 0.8308
  Train Batch [350/3944] | Loss: 2.7297 | Top1: 0.4700 | Top5: 0.8320
  Train Batch [375/3944] | Loss: 2.7214 | Top1: 0.4766 | Top5: 0.8337
  Train Batch [400/3944] | Loss: 2.7205 | Top1: 0.4752 | Top5: 0.8343
  Train Batch [425/3944] | Loss: 2.7151 | Top1: 0.4780 | Top5: 0.8361
  Train Batch [450/3944] | Loss: 2.7166 | Top1: 0.4775 | Top5: 0.8363
  Train Batch [475/3944] | Loss: 2.7120 | Top1: 0.4788 | Top5: 0.8364
  Train Batch [500/3944] | Loss: 2.7157 | Top1: 0.4780 | Top5: 0.8360
  Train Batch [525/3944] | Loss: 2.7113 | Top1: 0.4789 | Top5: 0.8380
  Train Batch [550/3944] | Loss: 2.7064 | Top1: 0.4809 | Top5: 0.8391
  Train Batch [575/3944] | Loss: 2.6996 | Top1: 0.4812 | Top5: 0.8407
  Train Batch [600/3944] | Loss: 2.6977 | Top1: 0.4812 | Top5: 0.8423
  Train Batch [625/3944] | Loss: 2.6997 | Top1: 0.4798 | Top5: 0.8419
  Train Batch [650/3944] | Loss: 2.6982 | Top1: 0.4813 | Top5: 0.8421
  Train Batch [675/3944] | Loss: 2.6940 | Top1: 0.4823 | Top5: 0.8425
  Train Batch [700/3944] | Loss: 2.6898 | Top1: 0.4826 | Top5: 0.8433
  Train Batch [725/3944] | Loss: 2.6838 | Top1: 0.4851 | Top5: 0.8444
  Train Batch [750/3944] | Loss: 2.6836 | Top1: 0.4838 | Top5: 0.8443
  Train Batch [775/3944] | Loss: 2.6809 | Top1: 0.4833 | Top5: 0.8444
  Train Batch [800/3944] | Loss: 2.6816 | Top1: 0.4819 | Top5: 0.8442
  Train Batch [825/3944] | Loss: 2.6805 | Top1: 0.4814 | Top5: 0.8435
  Train Batch [850/3944] | Loss: 2.6791 | Top1: 0.4815 | Top5: 0.8433
  Train Batch [875/3944] | Loss: 2.6801 | Top1: 0.4811 | Top5: 0.8431
  Train Batch [900/3944] | Loss: 2.6818 | Top1: 0.4808 | Top5: 0.8435
  Train Batch [925/3944] | Loss: 2.6804 | Top1: 0.4812 | Top5: 0.8434
  Train Batch [950/3944] | Loss: 2.6814 | Top1: 0.4815 | Top5: 0.8437
  Train Batch [975/3944] | Loss: 2.6809 | Top1: 0.4818 | Top5: 0.8442
  Train Batch [1000/3944] | Loss: 2.6779 | Top1: 0.4826 | Top5: 0.8445
  Train Batch [1025/3944] | Loss: 2.6755 | Top1: 0.4824 | Top5: 0.8445
  Train Batch [1050/3944] | Loss: 2.6747 | Top1: 0.4820 | Top5: 0.8445
  Train Batch [1075/3944] | Loss: 2.6723 | Top1: 0.4830 | Top5: 0.8444
  Train Batch [1100/3944] | Loss: 2.6696 | Top1: 0.4837 | Top5: 0.8447
  Train Batch [1125/3944] | Loss: 2.6701 | Top1: 0.4834 | Top5: 0.8451
  Train Batch [1150/3944] | Loss: 2.6663 | Top1: 0.4843 | Top5: 0.8461
  Train Batch [1175/3944] | Loss: 2.6642 | Top1: 0.4848 | Top5: 0.8462
  Train Batch [1200/3944] | Loss: 2.6630 | Top1: 0.4849 | Top5: 0.8467
  Train Batch [1225/3944] | Loss: 2.6610 | Top1: 0.4859 | Top5: 0.8470
  Train Batch [1250/3944] | Loss: 2.6589 | Top1: 0.4869 | Top5: 0.8474
  Train Batch [1275/3944] | Loss: 2.6586 | Top1: 0.4864 | Top5: 0.8472
  Train Batch [1300/3944] | Loss: 2.6556 | Top1: 0.4869 | Top5: 0.8475
  Train Batch [1325/3944] | Loss: 2.6550 | Top1: 0.4877 | Top5: 0.8475
  Train Batch [1350/3944] | Loss: 2.6543 | Top1: 0.4886 | Top5: 0.8474
  Train Batch [1375/3944] | Loss: 2.6528 | Top1: 0.4889 | Top5: 0.8471
  Train Batch [1400/3944] | Loss: 2.6503 | Top1: 0.4893 | Top5: 0.8476
  Train Batch [1425/3944] | Loss: 2.6505 | Top1: 0.4893 | Top5: 0.8474
  Train Batch [1450/3944] | Loss: 2.6497 | Top1: 0.4903 | Top5: 0.8476
  Train Batch [1475/3944] | Loss: 2.6478 | Top1: 0.4916 | Top5: 0.8481
  Train Batch [1500/3944] | Loss: 2.6453 | Top1: 0.4926 | Top5: 0.8481
  Train Batch [1525/3944] | Loss: 2.6425 | Top1: 0.4932 | Top5: 0.8486
  Train Batch [1550/3944] | Loss: 2.6408 | Top1: 0.4937 | Top5: 0.8488
  Train Batch [1575/3944] | Loss: 2.6383 | Top1: 0.4943 | Top5: 0.8492
  Train Batch [1600/3944] | Loss: 2.6362 | Top1: 0.4946 | Top5: 0.8498
  Train Batch [1625/3944] | Loss: 2.6351 | Top1: 0.4941 | Top5: 0.8498
  Train Batch [1650/3944] | Loss: 2.6331 | Top1: 0.4944 | Top5: 0.8500
  Train Batch [1675/3944] | Loss: 2.6307 | Top1: 0.4948 | Top5: 0.8503
  Train Batch [1700/3944] | Loss: 2.6291 | Top1: 0.4953 | Top5: 0.8506
  Train Batch [1725/3944] | Loss: 2.6276 | Top1: 0.4964 | Top5: 0.8509
  Train Batch [1750/3944] | Loss: 2.6259 | Top1: 0.4974 | Top5: 0.8510
  Train Batch [1775/3944] | Loss: 2.6243 | Top1: 0.4975 | Top5: 0.8510
  Train Batch [1800/3944] | Loss: 2.6231 | Top1: 0.4978 | Top5: 0.8507
  Train Batch [1825/3944] | Loss: 2.6212 | Top1: 0.4988 | Top5: 0.8510
  Train Batch [1850/3944] | Loss: 2.6207 | Top1: 0.4989 | Top5: 0.8507
  Train Batch [1875/3944] | Loss: 2.6199 | Top1: 0.4987 | Top5: 0.8505
  Train Batch [1900/3944] | Loss: 2.6176 | Top1: 0.4996 | Top5: 0.8510
  Train Batch [1925/3944] | Loss: 2.6177 | Top1: 0.4997 | Top5: 0.8508
  Train Batch [1950/3944] | Loss: 2.6174 | Top1: 0.4997 | Top5: 0.8505
  Train Batch [1975/3944] | Loss: 2.6173 | Top1: 0.4995 | Top5: 0.8504
  Train Batch [2000/3944] | Loss: 2.6160 | Top1: 0.4999 | Top5: 0.8506
  Train Batch [2025/3944] | Loss: 2.6156 | Top1: 0.5001 | Top5: 0.8505
  Train Batch [2050/3944] | Loss: 2.6147 | Top1: 0.5003 | Top5: 0.8505
  Train Batch [2075/3944] | Loss: 2.6135 | Top1: 0.5009 | Top5: 0.8505
  Train Batch [2100/3944] | Loss: 2.6137 | Top1: 0.5006 | Top5: 0.8504
  Train Batch [2125/3944] | Loss: 2.6116 | Top1: 0.5012 | Top5: 0.8507
  Train Batch [2150/3944] | Loss: 2.6106 | Top1: 0.5012 | Top5: 0.8506
  Train Batch [2175/3944] | Loss: 2.6078 | Top1: 0.5024 | Top5: 0.8512
  Train Batch [2200/3944] | Loss: 2.6061 | Top1: 0.5030 | Top5: 0.8514
  Train Batch [2225/3944] | Loss: 2.6050 | Top1: 0.5038 | Top5: 0.8515
  Train Batch [2250/3944] | Loss: 2.6032 | Top1: 0.5039 | Top5: 0.8517
  Train Batch [2275/3944] | Loss: 2.6014 | Top1: 0.5043 | Top5: 0.8519
  Train Batch [2300/3944] | Loss: 2.6000 | Top1: 0.5048 | Top5: 0.8520
  Train Batch [2325/3944] | Loss: 2.5993 | Top1: 0.5051 | Top5: 0.8521
  Train Batch [2350/3944] | Loss: 2.5992 | Top1: 0.5053 | Top5: 0.8519
  Train Batch [2375/3944] | Loss: 2.5971 | Top1: 0.5056 | Top5: 0.8523
  Train Batch [2400/3944] | Loss: 2.5958 | Top1: 0.5059 | Top5: 0.8523
  Train Batch [2425/3944] | Loss: 2.5953 | Top1: 0.5062 | Top5: 0.8520
  Train Batch [2450/3944] | Loss: 2.5943 | Top1: 0.5062 | Top5: 0.8520
  Train Batch [2475/3944] | Loss: 2.5923 | Top1: 0.5068 | Top5: 0.8523
  Train Batch [2500/3944] | Loss: 2.5915 | Top1: 0.5069 | Top5: 0.8525
  Train Batch [2525/3944] | Loss: 2.5898 | Top1: 0.5074 | Top5: 0.8529
  Train Batch [2550/3944] | Loss: 2.5884 | Top1: 0.5079 | Top5: 0.8532
  Train Batch [2575/3944] | Loss: 2.5875 | Top1: 0.5081 | Top5: 0.8531
  Train Batch [2600/3944] | Loss: 2.5868 | Top1: 0.5080 | Top5: 0.8530
  Train Batch [2625/3944] | Loss: 2.5864 | Top1: 0.5082 | Top5: 0.8531
  Train Batch [2650/3944] | Loss: 2.5858 | Top1: 0.5081 | Top5: 0.8530
  Train Batch [2675/3944] | Loss: 2.5849 | Top1: 0.5085 | Top5: 0.8532
  Train Batch [2700/3944] | Loss: 2.5833 | Top1: 0.5087 | Top5: 0.8535
  Train Batch [2725/3944] | Loss: 2.5827 | Top1: 0.5087 | Top5: 0.8535
  Train Batch [2750/3944] | Loss: 2.5813 | Top1: 0.5090 | Top5: 0.8535
  Train Batch [2775/3944] | Loss: 2.5810 | Top1: 0.5089 | Top5: 0.8534
  Train Batch [2800/3944] | Loss: 2.5799 | Top1: 0.5091 | Top5: 0.8538
  Train Batch [2825/3944] | Loss: 2.5784 | Top1: 0.5096 | Top5: 0.8539
  Train Batch [2850/3944] | Loss: 2.5773 | Top1: 0.5097 | Top5: 0.8541
  Train Batch [2875/3944] | Loss: 2.5762 | Top1: 0.5100 | Top5: 0.8542
  Train Batch [2900/3944] | Loss: 2.5748 | Top1: 0.5102 | Top5: 0.8544
  Train Batch [2925/3944] | Loss: 2.5728 | Top1: 0.5109 | Top5: 0.8545
  Train Batch [2950/3944] | Loss: 2.5720 | Top1: 0.5111 | Top5: 0.8546
  Train Batch [2975/3944] | Loss: 2.5705 | Top1: 0.5113 | Top5: 0.8548
  Train Batch [3000/3944] | Loss: 2.5691 | Top1: 0.5118 | Top5: 0.8551
  Train Batch [3025/3944] | Loss: 2.5686 | Top1: 0.5122 | Top5: 0.8549
  Train Batch [3050/3944] | Loss: 2.5670 | Top1: 0.5125 | Top5: 0.8552
  Train Batch [3075/3944] | Loss: 2.5668 | Top1: 0.5125 | Top5: 0.8552
  Train Batch [3100/3944] | Loss: 2.5654 | Top1: 0.5129 | Top5: 0.8553
  Train Batch [3125/3944] | Loss: 2.5651 | Top1: 0.5130 | Top5: 0.8552
  Train Batch [3150/3944] | Loss: 2.5635 | Top1: 0.5132 | Top5: 0.8556
  Train Batch [3175/3944] | Loss: 2.5626 | Top1: 0.5137 | Top5: 0.8555
  Train Batch [3200/3944] | Loss: 2.5619 | Top1: 0.5139 | Top5: 0.8554
  Train Batch [3225/3944] | Loss: 2.5619 | Top1: 0.5139 | Top5: 0.8553
  Train Batch [3250/3944] | Loss: 2.5607 | Top1: 0.5144 | Top5: 0.8555
  Train Batch [3275/3944] | Loss: 2.5601 | Top1: 0.5144 | Top5: 0.8554
  Train Batch [3300/3944] | Loss: 2.5592 | Top1: 0.5146 | Top5: 0.8556
  Train Batch [3325/3944] | Loss: 2.5575 | Top1: 0.5150 | Top5: 0.8558
  Train Batch [3350/3944] | Loss: 2.5562 | Top1: 0.5156 | Top5: 0.8558
  Train Batch [3375/3944] | Loss: 2.5553 | Top1: 0.5157 | Top5: 0.8557
  Train Batch [3400/3944] | Loss: 2.5546 | Top1: 0.5161 | Top5: 0.8558
  Train Batch [3425/3944] | Loss: 2.5530 | Top1: 0.5165 | Top5: 0.8559
  Train Batch [3450/3944] | Loss: 2.5520 | Top1: 0.5169 | Top5: 0.8559
  Train Batch [3475/3944] | Loss: 2.5507 | Top1: 0.5173 | Top5: 0.8560
  Train Batch [3500/3944] | Loss: 2.5493 | Top1: 0.5174 | Top5: 0.8562
  Train Batch [3525/3944] | Loss: 2.5487 | Top1: 0.5176 | Top5: 0.8563
  Train Batch [3550/3944] | Loss: 2.5479 | Top1: 0.5176 | Top5: 0.8564
  Train Batch [3575/3944] | Loss: 2.5466 | Top1: 0.5178 | Top5: 0.8565
  Train Batch [3600/3944] | Loss: 2.5458 | Top1: 0.5183 | Top5: 0.8566
  Train Batch [3625/3944] | Loss: 2.5449 | Top1: 0.5188 | Top5: 0.8566
  Train Batch [3650/3944] | Loss: 2.5431 | Top1: 0.5192 | Top5: 0.8569
  Train Batch [3675/3944] | Loss: 2.5416 | Top1: 0.5196 | Top5: 0.8571
  Train Batch [3700/3944] | Loss: 2.5408 | Top1: 0.5200 | Top5: 0.8572
  Train Batch [3725/3944] | Loss: 2.5396 | Top1: 0.5200 | Top5: 0.8575
  Train Batch [3750/3944] | Loss: 2.5381 | Top1: 0.5204 | Top5: 0.8577
  Train Batch [3775/3944] | Loss: 2.5359 | Top1: 0.5210 | Top5: 0.8581
  Train Batch [3800/3944] | Loss: 2.5349 | Top1: 0.5213 | Top5: 0.8581
  Train Batch [3825/3944] | Loss: 2.5345 | Top1: 0.5214 | Top5: 0.8581
  Train Batch [3850/3944] | Loss: 2.5332 | Top1: 0.5219 | Top5: 0.8583
  Train Batch [3875/3944] | Loss: 2.5331 | Top1: 0.5219 | Top5: 0.8582
  Train Batch [3900/3944] | Loss: 2.5332 | Top1: 0.5219 | Top5: 0.8581
  Train Batch [3925/3944] | Loss: 2.5316 | Top1: 0.5224 | Top5: 0.8584
  Train Batch [3944/3944] | Loss: 2.5311 | Top1: 0.5225 | Top5: 0.8584
  Train Epoch Time: 397.359s
  Val Batch [25/695] | Loss: 2.4628 | Top1: 0.5771 | Top5: 0.8543
  Val Batch [50/695] | Loss: 2.4618 | Top1: 0.5800 | Top5: 0.8557
  Val Batch [75/695] | Loss: 2.4570 | Top1: 0.5733 | Top5: 0.8552
  Val Batch [100/695] | Loss: 2.4739 | Top1: 0.5743 | Top5: 0.8514
  Val Batch [125/695] | Loss: 2.4748 | Top1: 0.5703 | Top5: 0.8566
  Val Batch [150/695] | Loss: 2.4969 | Top1: 0.5638 | Top5: 0.8495
  Val Batch [175/695] | Loss: 2.5125 | Top1: 0.5580 | Top5: 0.8457
  Val Batch [200/695] | Loss: 2.4961 | Top1: 0.5621 | Top5: 0.8514
  Val Batch [225/695] | Loss: 2.5022 | Top1: 0.5581 | Top5: 0.8505
  Val Batch [250/695] | Loss: 2.5076 | Top1: 0.5569 | Top5: 0.8497
  Val Batch [275/695] | Loss: 2.5003 | Top1: 0.5584 | Top5: 0.8506
  Val Batch [300/695] | Loss: 2.5003 | Top1: 0.5564 | Top5: 0.8507
  Val Batch [325/695] | Loss: 2.4976 | Top1: 0.5567 | Top5: 0.8510
  Val Batch [350/695] | Loss: 2.4863 | Top1: 0.5586 | Top5: 0.8529
  Val Batch [375/695] | Loss: 2.4910 | Top1: 0.5579 | Top5: 0.8522
  Val Batch [400/695] | Loss: 2.4996 | Top1: 0.5536 | Top5: 0.8520
  Val Batch [425/695] | Loss: 2.4944 | Top1: 0.5546 | Top5: 0.8528
  Val Batch [450/695] | Loss: 2.4880 | Top1: 0.5571 | Top5: 0.8548
  Val Batch [475/695] | Loss: 2.4922 | Top1: 0.5552 | Top5: 0.8549
  Val Batch [500/695] | Loss: 2.4977 | Top1: 0.5549 | Top5: 0.8531
  Val Batch [525/695] | Loss: 2.4996 | Top1: 0.5558 | Top5: 0.8532
  Val Batch [550/695] | Loss: 2.4998 | Top1: 0.5557 | Top5: 0.8534
  Val Batch [575/695] | Loss: 2.5013 | Top1: 0.5557 | Top5: 0.8528
  Val Batch [600/695] | Loss: 2.4987 | Top1: 0.5570 | Top5: 0.8533
  Val Batch [625/695] | Loss: 2.4908 | Top1: 0.5593 | Top5: 0.8553
  Val Batch [650/695] | Loss: 2.4928 | Top1: 0.5589 | Top5: 0.8558
  Val Batch [675/695] | Loss: 2.4918 | Top1: 0.5590 | Top5: 0.8562
  Val Batch [695/695] | Loss: 2.4927 | Top1: 0.5590 | Top5: 0.8565
  Val Epoch Time: 23.038s
Epoch [4/100] | Train Loss: 2.5311 | Train Top1: 0.5225 | Train Top5: 0.8584 | Val Loss: 2.4927 | Val Top1: 0.5590 | Val Top5: 0.8565 | LR: 2.00e-04 | Train Time: 397.359s | Val Time: 23.038s | Epoch Time: 420.398s
Saved best checkpoint to: /home/blue-lobster/PycharmProjects/Model_California_Birds/outputs/output_20260314_200940/checkpoints/convnext_base.fb_in22k_ft_in1k_best.pth

===== Epoch 5/100 (LR: 2.00e-04) =====
WS-DAN Active: False (start_epoch=5)
  Train Batch [25/3944] | Loss: 2.1445 | Top1: 0.6257 | Top5: 0.9171
  Train Batch [50/3944] | Loss: 2.1500 | Top1: 0.6243 | Top5: 0.9229
  Train Batch [75/3944] | Loss: 2.1535 | Top1: 0.6238 | Top5: 0.9248
  Train Batch [100/3944] | Loss: 2.1807 | Top1: 0.6100 | Top5: 0.9214
  Train Batch [125/3944] | Loss: 2.1826 | Top1: 0.6103 | Top5: 0.9217
  Train Batch [150/3944] | Loss: 2.1877 | Top1: 0.6105 | Top5: 0.9210
  Train Batch [175/3944] | Loss: 2.1960 | Top1: 0.6045 | Top5: 0.9184
  Train Batch [200/3944] | Loss: 2.1918 | Top1: 0.6104 | Top5: 0.9196
  Train Batch [225/3944] | Loss: 2.1918 | Top1: 0.6098 | Top5: 0.9171
  Train Batch [250/3944] | Loss: 2.1846 | Top1: 0.6126 | Top5: 0.9180
  Train Batch [275/3944] | Loss: 2.1769 | Top1: 0.6156 | Top5: 0.9184
  Train Batch [300/3944] | Loss: 2.1741 | Top1: 0.6186 | Top5: 0.9186
  Train Batch [325/3944] | Loss: 2.1629 | Top1: 0.6229 | Top5: 0.9209
  Train Batch [350/3944] | Loss: 2.1666 | Top1: 0.6180 | Top5: 0.9208
  Train Batch [375/3944] | Loss: 2.1708 | Top1: 0.6149 | Top5: 0.9194
  Train Batch [400/3944] | Loss: 2.1712 | Top1: 0.6138 | Top5: 0.9195
  Train Batch [425/3944] | Loss: 2.1700 | Top1: 0.6129 | Top5: 0.9202
  Train Batch [450/3944] | Loss: 2.1680 | Top1: 0.6137 | Top5: 0.9194
  Train Batch [475/3944] | Loss: 2.1704 | Top1: 0.6126 | Top5: 0.9180
  Train Batch [500/3944] | Loss: 2.1691 | Top1: 0.6137 | Top5: 0.9187
  Train Batch [525/3944] | Loss: 2.1701 | Top1: 0.6122 | Top5: 0.9188
  Train Batch [550/3944] | Loss: 2.1712 | Top1: 0.6116 | Top5: 0.9182
  Train Batch [575/3944] | Loss: 2.1713 | Top1: 0.6122 | Top5: 0.9180
  Train Batch [600/3944] | Loss: 2.1671 | Top1: 0.6146 | Top5: 0.9187
  Train Batch [625/3944] | Loss: 2.1629 | Top1: 0.6159 | Top5: 0.9197
  Train Batch [650/3944] | Loss: 2.1615 | Top1: 0.6169 | Top5: 0.9199
  Train Batch [675/3944] | Loss: 2.1630 | Top1: 0.6157 | Top5: 0.9200
  Train Batch [700/3944] | Loss: 2.1656 | Top1: 0.6148 | Top5: 0.9188
  Train Batch [725/3944] | Loss: 2.1664 | Top1: 0.6147 | Top5: 0.9185
  Train Batch [750/3944] | Loss: 2.1697 | Top1: 0.6140 | Top5: 0.9177
  Train Batch [775/3944] | Loss: 2.1673 | Top1: 0.6149 | Top5: 0.9183
  Train Batch [800/3944] | Loss: 2.1632 | Top1: 0.6158 | Top5: 0.9194
  Train Batch [825/3944] | Loss: 2.1628 | Top1: 0.6156 | Top5: 0.9197
  Train Batch [850/3944] | Loss: 2.1616 | Top1: 0.6168 | Top5: 0.9198
  Train Batch [875/3944] | Loss: 2.1605 | Top1: 0.6162 | Top5: 0.9195
  Train Batch [900/3944] | Loss: 2.1590 | Top1: 0.6170 | Top5: 0.9192
  Train Batch [925/3944] | Loss: 2.1590 | Top1: 0.6167 | Top5: 0.9188
  Train Batch [950/3944] | Loss: 2.1568 | Top1: 0.6173 | Top5: 0.9189
  Train Batch [975/3944] | Loss: 2.1560 | Top1: 0.6188 | Top5: 0.9188
  Train Batch [1000/3944] | Loss: 2.1539 | Top1: 0.6195 | Top5: 0.9190
  Train Batch [1025/3944] | Loss: 2.1547 | Top1: 0.6187 | Top5: 0.9193
  Train Batch [1050/3944] | Loss: 2.1538 | Top1: 0.6197 | Top5: 0.9193
  Train Batch [1075/3944] | Loss: 2.1534 | Top1: 0.6195 | Top5: 0.9195
  Train Batch [1100/3944] | Loss: 2.1537 | Top1: 0.6195 | Top5: 0.9196
  Train Batch [1125/3944] | Loss: 2.1565 | Top1: 0.6193 | Top5: 0.9191
  Train Batch [1150/3944] | Loss: 2.1580 | Top1: 0.6192 | Top5: 0.9189
  Train Batch [1175/3944] | Loss: 2.1572 | Top1: 0.6198 | Top5: 0.9187
  Train Batch [1200/3944] | Loss: 2.1545 | Top1: 0.6210 | Top5: 0.9191
  Train Batch [1225/3944] | Loss: 2.1536 | Top1: 0.6216 | Top5: 0.9191
  Train Batch [1250/3944] | Loss: 2.1529 | Top1: 0.6217 | Top5: 0.9190
  Train Batch [1275/3944] | Loss: 2.1526 | Top1: 0.6217 | Top5: 0.9188
  Train Batch [1300/3944] | Loss: 2.1526 | Top1: 0.6225 | Top5: 0.9184
  Train Batch [1325/3944] | Loss: 2.1538 | Top1: 0.6217 | Top5: 0.9181
  Train Batch [1350/3944] | Loss: 2.1538 | Top1: 0.6210 | Top5: 0.9179
  Train Batch [1375/3944] | Loss: 2.1553 | Top1: 0.6214 | Top5: 0.9172
  Train Batch [1400/3944] | Loss: 2.1572 | Top1: 0.6212 | Top5: 0.9164
  Train Batch [1425/3944] | Loss: 2.1579 | Top1: 0.6206 | Top5: 0.9162
  Train Batch [1450/3944] | Loss: 2.1563 | Top1: 0.6217 | Top5: 0.9163
  Train Batch [1475/3944] | Loss: 2.1560 | Top1: 0.6217 | Top5: 0.9160
  Train Batch [1500/3944] | Loss: 2.1555 | Top1: 0.6221 | Top5: 0.9159
  Train Batch [1525/3944] | Loss: 2.1547 | Top1: 0.6223 | Top5: 0.9160
  Train Batch [1550/3944] | Loss: 2.1547 | Top1: 0.6220 | Top5: 0.9158
  Train Batch [1575/3944] | Loss: 2.1536 | Top1: 0.6228 | Top5: 0.9156
  Train Batch [1600/3944] | Loss: 2.1529 | Top1: 0.6227 | Top5: 0.9154
  Train Batch [1625/3944] | Loss: 2.1535 | Top1: 0.6225 | Top5: 0.9152
  Train Batch [1650/3944] | Loss: 2.1524 | Top1: 0.6229 | Top5: 0.9154
  Train Batch [1675/3944] | Loss: 2.1506 | Top1: 0.6231 | Top5: 0.9157
  Train Batch [1700/3944] | Loss: 2.1489 | Top1: 0.6237 | Top5: 0.9157
  Train Batch [1725/3944] | Loss: 2.1490 | Top1: 0.6236 | Top5: 0.9156
  Train Batch [1750/3944] | Loss: 2.1486 | Top1: 0.6238 | Top5: 0.9156
  Train Batch [1775/3944] | Loss: 2.1475 | Top1: 0.6243 | Top5: 0.9157
  Train Batch [1800/3944] | Loss: 2.1473 | Top1: 0.6246 | Top5: 0.9154
  Train Batch [1825/3944] | Loss: 2.1457 | Top1: 0.6256 | Top5: 0.9157
  Train Batch [1850/3944] | Loss: 2.1468 | Top1: 0.6253 | Top5: 0.9153
  Train Batch [1875/3944] | Loss: 2.1475 | Top1: 0.6254 | Top5: 0.9151
  Train Batch [1900/3944] | Loss: 2.1478 | Top1: 0.6252 | Top5: 0.9150
  Train Batch [1925/3944] | Loss: 2.1463 | Top1: 0.6257 | Top5: 0.9152
  Train Batch [1950/3944] | Loss: 2.1465 | Top1: 0.6256 | Top5: 0.9151
  Train Batch [1975/3944] | Loss: 2.1461 | Top1: 0.6255 | Top5: 0.9153
  Train Batch [2000/3944] | Loss: 2.1463 | Top1: 0.6256 | Top5: 0.9154
  Train Batch [2025/3944] | Loss: 2.1459 | Top1: 0.6256 | Top5: 0.9155
  Train Batch [2050/3944] | Loss: 2.1451 | Top1: 0.6260 | Top5: 0.9155
  Train Batch [2075/3944] | Loss: 2.1439 | Top1: 0.6264 | Top5: 0.9156
  Train Batch [2100/3944] | Loss: 2.1446 | Top1: 0.6260 | Top5: 0.9153
  Train Batch [2125/3944] | Loss: 2.1448 | Top1: 0.6263 | Top5: 0.9153
  Train Batch [2150/3944] | Loss: 2.1435 | Top1: 0.6270 | Top5: 0.9152
  Train Batch [2175/3944] | Loss: 2.1430 | Top1: 0.6271 | Top5: 0.9153
  Train Batch [2200/3944] | Loss: 2.1433 | Top1: 0.6274 | Top5: 0.9151
  Train Batch [2225/3944] | Loss: 2.1423 | Top1: 0.6275 | Top5: 0.9154
  Train Batch [2250/3944] | Loss: 2.1426 | Top1: 0.6278 | Top5: 0.9151
  Train Batch [2275/3944] | Loss: 2.1429 | Top1: 0.6275 | Top5: 0.9150
  Train Batch [2300/3944] | Loss: 2.1431 | Top1: 0.6280 | Top5: 0.9148
  Train Batch [2325/3944] | Loss: 2.1426 | Top1: 0.6287 | Top5: 0.9146
  Train Batch [2350/3944] | Loss: 2.1428 | Top1: 0.6289 | Top5: 0.9144
  Train Batch [2375/3944] | Loss: 2.1422 | Top1: 0.6296 | Top5: 0.9144
  Train Batch [2400/3944] | Loss: 2.1414 | Top1: 0.6300 | Top5: 0.9143
  Train Batch [2425/3944] | Loss: 2.1408 | Top1: 0.6302 | Top5: 0.9144
  Train Batch [2450/3944] | Loss: 2.1404 | Top1: 0.6306 | Top5: 0.9143
  Train Batch [2475/3944] | Loss: 2.1405 | Top1: 0.6308 | Top5: 0.9142
  Train Batch [2500/3944] | Loss: 2.1399 | Top1: 0.6305 | Top5: 0.9143
  Train Batch [2525/3944] | Loss: 2.1404 | Top1: 0.6304 | Top5: 0.9143
  Train Batch [2550/3944] | Loss: 2.1399 | Top1: 0.6306 | Top5: 0.9141
  Train Batch [2575/3944] | Loss: 2.1386 | Top1: 0.6309 | Top5: 0.9142
  Train Batch [2600/3944] | Loss: 2.1375 | Top1: 0.6311 | Top5: 0.9143
  Train Batch [2625/3944] | Loss: 2.1374 | Top1: 0.6314 | Top5: 0.9143
  Train Batch [2650/3944] | Loss: 2.1365 | Top1: 0.6315 | Top5: 0.9143
  Train Batch [2675/3944] | Loss: 2.1367 | Top1: 0.6313 | Top5: 0.9143
  Train Batch [2700/3944] | Loss: 2.1362 | Top1: 0.6314 | Top5: 0.9144
  Train Batch [2725/3944] | Loss: 2.1350 | Top1: 0.6318 | Top5: 0.9145
  Train Batch [2750/3944] | Loss: 2.1356 | Top1: 0.6320 | Top5: 0.9144
  Train Batch [2775/3944] | Loss: 2.1351 | Top1: 0.6322 | Top5: 0.9145
  Train Batch [2800/3944] | Loss: 2.1340 | Top1: 0.6324 | Top5: 0.9146
  Train Batch [2825/3944] | Loss: 2.1343 | Top1: 0.6321 | Top5: 0.9146
  Train Batch [2850/3944] | Loss: 2.1333 | Top1: 0.6327 | Top5: 0.9147
  Train Batch [2875/3944] | Loss: 2.1337 | Top1: 0.6328 | Top5: 0.9145
  Train Batch [2900/3944] | Loss: 2.1329 | Top1: 0.6329 | Top5: 0.9145
  Train Batch [2925/3944] | Loss: 2.1334 | Top1: 0.6329 | Top5: 0.9146
  Train Batch [2950/3944] | Loss: 2.1334 | Top1: 0.6328 | Top5: 0.9146
  Train Batch [2975/3944] | Loss: 2.1331 | Top1: 0.6328 | Top5: 0.9147
  Train Batch [3000/3944] | Loss: 2.1335 | Top1: 0.6326 | Top5: 0.9146
  Train Batch [3025/3944] | Loss: 2.1341 | Top1: 0.6323 | Top5: 0.9145
  Train Batch [3050/3944] | Loss: 2.1332 | Top1: 0.6322 | Top5: 0.9146
  Train Batch [3075/3944] | Loss: 2.1332 | Top1: 0.6323 | Top5: 0.9145
  Train Batch [3100/3944] | Loss: 2.1327 | Top1: 0.6326 | Top5: 0.9146
  Train Batch [3125/3944] | Loss: 2.1319 | Top1: 0.6327 | Top5: 0.9145
  Train Batch [3150/3944] | Loss: 2.1319 | Top1: 0.6326 | Top5: 0.9143
  Train Batch [3175/3944] | Loss: 2.1313 | Top1: 0.6329 | Top5: 0.9144
  Train Batch [3200/3944] | Loss: 2.1305 | Top1: 0.6334 | Top5: 0.9144
  Train Batch [3225/3944] | Loss: 2.1297 | Top1: 0.6336 | Top5: 0.9144
  Train Batch [3250/3944] | Loss: 2.1287 | Top1: 0.6337 | Top5: 0.9146
  Train Batch [3275/3944] | Loss: 2.1284 | Top1: 0.6338 | Top5: 0.9146
  Train Batch [3300/3944] | Loss: 2.1275 | Top1: 0.6340 | Top5: 0.9146
  Train Batch [3325/3944] | Loss: 2.1270 | Top1: 0.6342 | Top5: 0.9145
  Train Batch [3350/3944] | Loss: 2.1273 | Top1: 0.6342 | Top5: 0.9143
  Train Batch [3375/3944] | Loss: 2.1270 | Top1: 0.6340 | Top5: 0.9143
  Train Batch [3400/3944] | Loss: 2.1270 | Top1: 0.6341 | Top5: 0.9141
  Train Batch [3425/3944] | Loss: 2.1266 | Top1: 0.6341 | Top5: 0.9141
  Train Batch [3450/3944] | Loss: 2.1257 | Top1: 0.6345 | Top5: 0.9142
  Train Batch [3475/3944] | Loss: 2.1253 | Top1: 0.6347 | Top5: 0.9140
  Train Batch [3500/3944] | Loss: 2.1255 | Top1: 0.6348 | Top5: 0.9139
  Train Batch [3525/3944] | Loss: 2.1254 | Top1: 0.6347 | Top5: 0.9139
  Train Batch [3550/3944] | Loss: 2.1247 | Top1: 0.6351 | Top5: 0.9139
  Train Batch [3575/3944] | Loss: 2.1243 | Top1: 0.6353 | Top5: 0.9139
  Train Batch [3600/3944] | Loss: 2.1239 | Top1: 0.6355 | Top5: 0.9139
  Train Batch [3625/3944] | Loss: 2.1243 | Top1: 0.6354 | Top5: 0.9139
  Train Batch [3650/3944] | Loss: 2.1239 | Top1: 0.6355 | Top5: 0.9138
  Train Batch [3675/3944] | Loss: 2.1229 | Top1: 0.6360 | Top5: 0.9139
  Train Batch [3700/3944] | Loss: 2.1225 | Top1: 0.6362 | Top5: 0.9139
  Train Batch [3725/3944] | Loss: 2.1213 | Top1: 0.6365 | Top5: 0.9140
  Train Batch [3750/3944] | Loss: 2.1206 | Top1: 0.6368 | Top5: 0.9140
  Train Batch [3775/3944] | Loss: 2.1201 | Top1: 0.6371 | Top5: 0.9140
  Train Batch [3800/3944] | Loss: 2.1193 | Top1: 0.6372 | Top5: 0.9141
  Train Batch [3825/3944] | Loss: 2.1196 | Top1: 0.6370 | Top5: 0.9139
  Train Batch [3850/3944] | Loss: 2.1200 | Top1: 0.6371 | Top5: 0.9137
  Train Batch [3875/3944] | Loss: 2.1196 | Top1: 0.6373 | Top5: 0.9137
  Train Batch [3900/3944] | Loss: 2.1193 | Top1: 0.6373 | Top5: 0.9137
  Train Batch [3925/3944] | Loss: 2.1187 | Top1: 0.6376 | Top5: 0.9138
  Train Batch [3944/3944] | Loss: 2.1181 | Top1: 0.6378 | Top5: 0.9137
  Train Epoch Time: 397.167s
  Skipping validation on epoch 5; val_interval=2
Epoch [5/100] | Train Loss: 2.1181 | Train Top1: 0.6378 | Train Top5: 0.9137 | Val Loss: nan | Val Top1: nan | Val Top5: nan | LR: 2.00e-04 | Train Time: 397.167s | Val Time: 0.000s | Epoch Time: 397.167s

===== Epoch 6/100 (LR: 2.00e-04) =====
WS-DAN Active: True (start_epoch=5)
  Train Batch [25/3944] | Loss: 3.0103 | Top1: 0.7057 | Top5: 0.9514
  Train Batch [50/3944] | Loss: 2.9492 | Top1: 0.7014 | Top5: 0.9557
  Train Batch [75/3944] | Loss: 2.9896 | Top1: 0.6886 | Top5: 0.9476
  Train Batch [100/3944] | Loss: 2.9865 | Top1: 0.6886 | Top5: 0.9479
  Train Batch [125/3944] | Loss: 2.9557 | Top1: 0.6931 | Top5: 0.9491
  Train Batch [150/3944] | Loss: 2.9440 | Top1: 0.6929 | Top5: 0.9500
  Train Batch [175/3944] | Loss: 2.9282 | Top1: 0.6955 | Top5: 0.9478
  Train Batch [200/3944] | Loss: 2.9151 | Top1: 0.6993 | Top5: 0.9486
  Train Batch [225/3944] | Loss: 2.9089 | Top1: 0.6975 | Top5: 0.9502
  Train Batch [250/3944] | Loss: 2.9015 | Top1: 0.6991 | Top5: 0.9500
  Train Batch [275/3944] | Loss: 2.9075 | Top1: 0.6956 | Top5: 0.9496
  Train Batch [300/3944] | Loss: 2.8991 | Top1: 0.6931 | Top5: 0.9502
  Train Batch [325/3944] | Loss: 2.9041 | Top1: 0.6936 | Top5: 0.9492
  Train Batch [350/3944] | Loss: 2.9071 | Top1: 0.6929 | Top5: 0.9488
  Train Batch [375/3944] | Loss: 2.9083 | Top1: 0.6943 | Top5: 0.9488
  Train Batch [400/3944] | Loss: 2.9098 | Top1: 0.6959 | Top5: 0.9475
  Train Batch [425/3944] | Loss: 2.9156 | Top1: 0.6953 | Top5: 0.9477
  Train Batch [450/3944] | Loss: 2.9164 | Top1: 0.6965 | Top5: 0.9475
  Train Batch [475/3944] | Loss: 2.9181 | Top1: 0.6967 | Top5: 0.9471
  Train Batch [500/3944] | Loss: 2.9127 | Top1: 0.6977 | Top5: 0.9469
  Train Batch [525/3944] | Loss: 2.9147 | Top1: 0.6974 | Top5: 0.9464
  Train Batch [550/3944] | Loss: 2.9224 | Top1: 0.6955 | Top5: 0.9457
  Train Batch [575/3944] | Loss: 2.9152 | Top1: 0.6974 | Top5: 0.9465
  Train Batch [600/3944] | Loss: 2.9107 | Top1: 0.6996 | Top5: 0.9469
  Train Batch [625/3944] | Loss: 2.9098 | Top1: 0.7006 | Top5: 0.9475
  Train Batch [650/3944] | Loss: 2.9065 | Top1: 0.7009 | Top5: 0.9480
  Train Batch [675/3944] | Loss: 2.9039 | Top1: 0.7017 | Top5: 0.9481
  Train Batch [700/3944] | Loss: 2.9049 | Top1: 0.7015 | Top5: 0.9477
  Train Batch [725/3944] | Loss: 2.9022 | Top1: 0.7029 | Top5: 0.9478
  Train Batch [750/3944] | Loss: 2.9002 | Top1: 0.7021 | Top5: 0.9476
  Train Batch [775/3944] | Loss: 2.8941 | Top1: 0.7028 | Top5: 0.9479
  Train Batch [800/3944] | Loss: 2.8913 | Top1: 0.7036 | Top5: 0.9485
  Train Batch [825/3944] | Loss: 2.8901 | Top1: 0.7031 | Top5: 0.9487
  Train Batch [850/3944] | Loss: 2.8894 | Top1: 0.7045 | Top5: 0.9487
  Train Batch [875/3944] | Loss: 2.8839 | Top1: 0.7064 | Top5: 0.9493
  Train Batch [900/3944] | Loss: 2.8811 | Top1: 0.7069 | Top5: 0.9494
  Train Batch [925/3944] | Loss: 2.8801 | Top1: 0.7068 | Top5: 0.9496
  Train Batch [950/3944] | Loss: 2.8777 | Top1: 0.7073 | Top5: 0.9494
  Train Batch [975/3944] | Loss: 2.8773 | Top1: 0.7081 | Top5: 0.9496
  Train Batch [1000/3944] | Loss: 2.8759 | Top1: 0.7081 | Top5: 0.9499
  Train Batch [1025/3944] | Loss: 2.8748 | Top1: 0.7084 | Top5: 0.9501
  Train Batch [1050/3944] | Loss: 2.8753 | Top1: 0.7086 | Top5: 0.9499
  Train Batch [1075/3944] | Loss: 2.8762 | Top1: 0.7080 | Top5: 0.9494
  Train Batch [1100/3944] | Loss: 2.8750 | Top1: 0.7088 | Top5: 0.9495
  Train Batch [1125/3944] | Loss: 2.8749 | Top1: 0.7093 | Top5: 0.9495
  Train Batch [1150/3944] | Loss: 2.8754 | Top1: 0.7093 | Top5: 0.9492
  Train Batch [1175/3944] | Loss: 2.8720 | Top1: 0.7098 | Top5: 0.9495
  Train Batch [1200/3944] | Loss: 2.8692 | Top1: 0.7104 | Top5: 0.9496
  Train Batch [1225/3944] | Loss: 2.8720 | Top1: 0.7103 | Top5: 0.9490
  Train Batch [1250/3944] | Loss: 2.8717 | Top1: 0.7101 | Top5: 0.9490
  Train Batch [1275/3944] | Loss: 2.8738 | Top1: 0.7097 | Top5: 0.9486
  Train Batch [1300/3944] | Loss: 2.8751 | Top1: 0.7099 | Top5: 0.9486
  Train Batch [1325/3944] | Loss: 2.8722 | Top1: 0.7100 | Top5: 0.9486
  Train Batch [1350/3944] | Loss: 2.8732 | Top1: 0.7103 | Top5: 0.9479
  Train Batch [1375/3944] | Loss: 2.8720 | Top1: 0.7104 | Top5: 0.9478
  Train Batch [1400/3944] | Loss: 2.8696 | Top1: 0.7103 | Top5: 0.9479
  Train Batch [1425/3944] | Loss: 2.8681 | Top1: 0.7106 | Top5: 0.9479
  Train Batch [1450/3944] | Loss: 2.8677 | Top1: 0.7107 | Top5: 0.9479
  Train Batch [1475/3944] | Loss: 2.8685 | Top1: 0.7107 | Top5: 0.9477
  Train Batch [1500/3944] | Loss: 2.8696 | Top1: 0.7104 | Top5: 0.9474
  Train Batch [1525/3944] | Loss: 2.8692 | Top1: 0.7103 | Top5: 0.9472
  Train Batch [1550/3944] | Loss: 2.8704 | Top1: 0.7098 | Top5: 0.9472
  Train Batch [1575/3944] | Loss: 2.8718 | Top1: 0.7097 | Top5: 0.9467
  Train Batch [1600/3944] | Loss: 2.8731 | Top1: 0.7093 | Top5: 0.9464
  Train Batch [1625/3944] | Loss: 2.8743 | Top1: 0.7089 | Top5: 0.9462
  Train Batch [1650/3944] | Loss: 2.8768 | Top1: 0.7084 | Top5: 0.9459
  Train Batch [1675/3944] | Loss: 2.8765 | Top1: 0.7083 | Top5: 0.9458
  Train Batch [1700/3944] | Loss: 2.8753 | Top1: 0.7087 | Top5: 0.9457
  Train Batch [1725/3944] | Loss: 2.8735 | Top1: 0.7090 | Top5: 0.9458
  Train Batch [1750/3944] | Loss: 2.8737 | Top1: 0.7092 | Top5: 0.9457
  Train Batch [1775/3944] | Loss: 2.8752 | Top1: 0.7090 | Top5: 0.9457
  Train Batch [1800/3944] | Loss: 2.8751 | Top1: 0.7095 | Top5: 0.9455
  Train Batch [1825/3944] | Loss: 2.8779 | Top1: 0.7089 | Top5: 0.9451
  Train Batch [1850/3944] | Loss: 2.8777 | Top1: 0.7092 | Top5: 0.9453
  Train Batch [1875/3944] | Loss: 2.8769 | Top1: 0.7092 | Top5: 0.9454
  Train Batch [1900/3944] | Loss: 2.8751 | Top1: 0.7090 | Top5: 0.9454
  Train Batch [1925/3944] | Loss: 2.8737 | Top1: 0.7094 | Top5: 0.9455
  Train Batch [1950/3944] | Loss: 2.8754 | Top1: 0.7095 | Top5: 0.9451
  Train Batch [1975/3944] | Loss: 2.8748 | Top1: 0.7098 | Top5: 0.9450
  Train Batch [2000/3944] | Loss: 2.8761 | Top1: 0.7094 | Top5: 0.9449
  Train Batch [2025/3944] | Loss: 2.8766 | Top1: 0.7094 | Top5: 0.9449
  Train Batch [2050/3944] | Loss: 2.8765 | Top1: 0.7098 | Top5: 0.9449
  Train Batch [2075/3944] | Loss: 2.8773 | Top1: 0.7097 | Top5: 0.9447
  Train Batch [2100/3944] | Loss: 2.8779 | Top1: 0.7097 | Top5: 0.9445
  Train Batch [2125/3944] | Loss: 2.8768 | Top1: 0.7099 | Top5: 0.9444
  Train Batch [2150/3944] | Loss: 2.8746 | Top1: 0.7100 | Top5: 0.9447
  Train Batch [2175/3944] | Loss: 2.8746 | Top1: 0.7099 | Top5: 0.9446
  Train Batch [2200/3944] | Loss: 2.8737 | Top1: 0.7099 | Top5: 0.9445
