TensorBoard logging to: /mnt/c/Users/ljh20/MCS/CS273P/Model_California_Birds/outputs/output_20260314_083230/logs/tensorboard
Official split: 5994 train images (out of 11796 total)
Number of classes: 200
Train batches: 650
Val batches: 100
Resuming from checkpoint: /mnt/c/Users/ljh20/MCS/CS273P/Model_California_Birds/outputs/output_20260314_063401/checkpoints/convnextv2_base_best_full.pth
/mnt/c/Users/ljh20/MCS/CS273P/Model_California_Birds/src/utils.py:67: FutureWarning: You are using `torch.load` with `weights_only=False` (the current default value), which uses the default pickle module implicitly. It is possible to construct malicious pickle data which will execute arbitrary code during unpickling (See https://github.com/pytorch/pytorch/blob/main/SECURITY.md#untrusted-models for more details). In a future release, the default value for `weights_only` will be flipped to `True`. This limits the functions that could be executed during unpickling. Arbitrary objects will no longer be allowed to be loaded via this mode unless they are explicitly allowlisted by the user via `torch.serialization.add_safe_globals`. We recommend you start setting `weights_only=True` for any use case where you don't have full control of the loaded file. Please open an issue on GitHub for any issues related to this experimental feature.
  state = torch.load(path, map_location=device)
Resumed at epoch 19, best val top1: 0.9175
Reset optimizer LR to config value: 5e-06
Rebuilt scheduler: cosine, T_max=11, warmup=1

===== Epoch 20/30 (LR: 5.00e-08) =====
  Train Batch [30/650] | Loss: 1.7639 | Top1: 0.6000 | Top5: 0.8833
  Train Batch [60/650] | Loss: 1.7090 | Top1: 0.5437 | Top5: 0.8083
  Train Batch [90/650] | Loss: 1.6312 | Top1: 0.5931 | Top5: 0.8097
  Train Batch [120/650] | Loss: 1.6171 | Top1: 0.6052 | Top5: 0.8063
  Train Batch [150/650] | Loss: 1.6836 | Top1: 0.5858 | Top5: 0.8083
  Train Batch [180/650] | Loss: 1.6871 | Top1: 0.6111 | Top5: 0.8229
  Train Batch [210/650] | Loss: 1.6746 | Top1: 0.6256 | Top5: 0.8286
  Train Batch [240/650] | Loss: 1.6762 | Top1: 0.6312 | Top5: 0.8297
  Train Batch [270/650] | Loss: 1.6803 | Top1: 0.6319 | Top5: 0.8282
  Train Batch [300/650] | Loss: 1.6844 | Top1: 0.6250 | Top5: 0.8242
  Train Batch [330/650] | Loss: 1.6709 | Top1: 0.6261 | Top5: 0.8227
  Train Batch [360/650] | Loss: 1.6636 | Top1: 0.6326 | Top5: 0.8250
  Train Batch [390/650] | Loss: 1.6568 | Top1: 0.6196 | Top5: 0.8151
  Train Batch [420/650] | Loss: 1.6602 | Top1: 0.6220 | Top5: 0.8187
  Train Batch [450/650] | Loss: 1.6579 | Top1: 0.6264 | Top5: 0.8211
  Train Batch [480/650] | Loss: 1.6581 | Top1: 0.6245 | Top5: 0.8198
  Train Batch [510/650] | Loss: 1.6513 | Top1: 0.6230 | Top5: 0.8176
  Train Batch [540/650] | Loss: 1.6573 | Top1: 0.6146 | Top5: 0.8125
  Train Batch [570/650] | Loss: 1.6632 | Top1: 0.6178 | Top5: 0.8178
  Train Batch [600/650] | Loss: 1.6585 | Top1: 0.6125 | Top5: 0.8133
  Train Batch [630/650] | Loss: 1.6557 | Top1: 0.6147 | Top5: 0.8137
  Train Batch [650/650] | Loss: 1.6510 | Top1: 0.6159 | Top5: 0.8121
  Train Epoch Time: 231.426s
/home/jihangli/miniconda3/lib/python3.11/site-packages/torch/optim/lr_scheduler.py:240: UserWarning: The epoch parameter in `scheduler.step()` was not necessary and is being deprecated where possible. Please use `scheduler.step()` to step the scheduler. During the deprecation, if epoch is different from None, the closed form is used instead of the new chainable form, where available. Please open an issue if you are unable to replicate your use case: https://github.com/pytorch/pytorch/issues/new/choose.
  warnings.warn(EPOCH_DEPRECATION_WARNING, UserWarning)
  Val Batch [30/100] | Loss: 1.1713 | Top1: 0.9292 | Top5: 0.9917
  Val Batch [60/100] | Loss: 1.2121 | Top1: 0.9125 | Top5: 0.9875
  Val Batch [90/100] | Loss: 1.1981 | Top1: 0.9153 | Top5: 0.9889
  Val Batch [100/100] | Loss: 1.2324 | Top1: 0.9062 | Top5: 0.9862
  Val Epoch Time: 10.974s
Epoch [20/30] | Train Loss: 1.6510 | Train Top1: 0.6159 | Train Top5: 0.8121 | Val Loss: 1.2324 | Val Top1: 0.9062 | Val Top5: 0.9862 | LR: 5.00e-08 | Train Time: 231.426s | Val Time: 10.974s | Epoch Time: 242.400s

===== Epoch 21/30 (LR: 5.00e-06) =====
  Train Batch [30/650] | Loss: 1.6225 | Top1: 0.5958 | Top5: 0.8500
  Train Batch [60/650] | Loss: 1.6265 | Top1: 0.6104 | Top5: 0.8417
  Train Batch [90/650] | Loss: 1.6310 | Top1: 0.6139 | Top5: 0.8208
  Train Batch [120/650] | Loss: 1.6406 | Top1: 0.6021 | Top5: 0.8094
  Train Batch [150/650] | Loss: 1.6384 | Top1: 0.6025 | Top5: 0.8133
  Train Batch [180/650] | Loss: 1.6259 | Top1: 0.6090 | Top5: 0.8111
  Train Batch [210/650] | Loss: 1.6354 | Top1: 0.5952 | Top5: 0.8042
  Train Batch [240/650] | Loss: 1.6434 | Top1: 0.5724 | Top5: 0.7990
  Train Batch [270/650] | Loss: 1.6378 | Top1: 0.5625 | Top5: 0.7903
  Train Batch [300/650] | Loss: 1.6420 | Top1: 0.5692 | Top5: 0.7933
  Train Batch [330/650] | Loss: 1.6307 | Top1: 0.5663 | Top5: 0.7875
  Train Batch [360/650] | Loss: 1.6364 | Top1: 0.5715 | Top5: 0.7931
  Train Batch [390/650] | Loss: 1.6315 | Top1: 0.5619 | Top5: 0.7788
  Train Batch [420/650] | Loss: 1.6229 | Top1: 0.5682 | Top5: 0.7818
  Train Batch [450/650] | Loss: 1.6331 | Top1: 0.5758 | Top5: 0.7897
  Train Batch [480/650] | Loss: 1.6259 | Top1: 0.5826 | Top5: 0.7909
  Train Batch [510/650] | Loss: 1.6353 | Top1: 0.5848 | Top5: 0.7953
  Train Batch [540/650] | Loss: 1.6290 | Top1: 0.5891 | Top5: 0.7944
  Train Batch [570/650] | Loss: 1.6330 | Top1: 0.5901 | Top5: 0.7976
  Train Batch [600/650] | Loss: 1.6363 | Top1: 0.5933 | Top5: 0.8029
  Train Batch [630/650] | Loss: 1.6393 | Top1: 0.5855 | Top5: 0.7974
  Train Batch [650/650] | Loss: 1.6358 | Top1: 0.5841 | Top5: 0.7975
  Train Epoch Time: 222.463s
  Val Batch [30/100] | Loss: 1.1411 | Top1: 0.9167 | Top5: 0.9917
  Val Batch [60/100] | Loss: 1.1659 | Top1: 0.9042 | Top5: 0.9854
  Val Batch [90/100] | Loss: 1.1495 | Top1: 0.9125 | Top5: 0.9889
  Val Batch [100/100] | Loss: 1.1823 | Top1: 0.9050 | Top5: 0.9850
  Val Epoch Time: 7.582s
Epoch [21/30] | Train Loss: 1.6358 | Train Top1: 0.5841 | Train Top5: 0.7975 | Val Loss: 1.1823 | Val Top1: 0.9050 | Val Top5: 0.9850 | LR: 5.00e-06 | Train Time: 222.463s | Val Time: 7.582s | Epoch Time: 230.046s

===== Epoch 22/30 (LR: 4.90e-06) =====
  Train Batch [30/650] | Loss: 1.7088 | Top1: 0.5250 | Top5: 0.7708
  Train Batch [60/650] | Loss: 1.6058 | Top1: 0.6021 | Top5: 0.7958
  Train Batch [90/650] | Loss: 1.6209 | Top1: 0.5722 | Top5: 0.7833
  Train Batch [120/650] | Loss: 1.5986 | Top1: 0.5417 | Top5: 0.7667
  Train Batch [150/650] | Loss: 1.5940 | Top1: 0.5525 | Top5: 0.7750
  Train Batch [180/650] | Loss: 1.5937 | Top1: 0.5687 | Top5: 0.7826
  Train Batch [210/650] | Loss: 1.5743 | Top1: 0.5732 | Top5: 0.7863
  Train Batch [240/650] | Loss: 1.5753 | Top1: 0.5781 | Top5: 0.7922
  Train Batch [270/650] | Loss: 1.5787 | Top1: 0.5856 | Top5: 0.7958
  Train Batch [300/650] | Loss: 1.5744 | Top1: 0.5867 | Top5: 0.7975
  Train Batch [330/650] | Loss: 1.5747 | Top1: 0.5830 | Top5: 0.7970
  Train Batch [360/650] | Loss: 1.5792 | Top1: 0.5806 | Top5: 0.7983
  Train Batch [390/650] | Loss: 1.5759 | Top1: 0.5760 | Top5: 0.7933
  Train Batch [420/650] | Loss: 1.5651 | Top1: 0.5774 | Top5: 0.7905
  Train Batch [450/650] | Loss: 1.5664 | Top1: 0.5817 | Top5: 0.7964
  Train Batch [480/650] | Loss: 1.5772 | Top1: 0.5760 | Top5: 0.7956
  Train Batch [510/650] | Loss: 1.5710 | Top1: 0.5782 | Top5: 0.7926
  Train Batch [540/650] | Loss: 1.5666 | Top1: 0.5752 | Top5: 0.7859
  Train Batch [570/650] | Loss: 1.5749 | Top1: 0.5728 | Top5: 0.7871
  Train Batch [600/650] | Loss: 1.5784 | Top1: 0.5731 | Top5: 0.7885
  Train Batch [630/650] | Loss: 1.5749 | Top1: 0.5726 | Top5: 0.7871
  Train Batch [650/650] | Loss: 1.5745 | Top1: 0.5703 | Top5: 0.7846
  Train Epoch Time: 221.267s
  Val Batch [30/100] | Loss: 1.1362 | Top1: 0.9167 | Top5: 0.9917
  Val Batch [60/100] | Loss: 1.1662 | Top1: 0.9062 | Top5: 0.9854
  Val Batch [90/100] | Loss: 1.1497 | Top1: 0.9125 | Top5: 0.9889
  Val Batch [100/100] | Loss: 1.1824 | Top1: 0.9050 | Top5: 0.9850
  Val Epoch Time: 7.508s
Epoch [22/30] | Train Loss: 1.5745 | Train Top1: 0.5703 | Train Top5: 0.7846 | Val Loss: 1.1824 | Val Top1: 0.9050 | Val Top5: 0.9850 | LR: 4.90e-06 | Train Time: 221.267s | Val Time: 7.508s | Epoch Time: 228.775s

===== Epoch 23/30 (LR: 4.62e-06) =====
  Train Batch [30/650] | Loss: 1.4805 | Top1: 0.5250 | Top5: 0.7875
  Train Batch [60/650] | Loss: 1.4864 | Top1: 0.5938 | Top5: 0.8042
  Train Batch [90/650] | Loss: 1.4826 | Top1: 0.5875 | Top5: 0.7722
  Train Batch [120/650] | Loss: 1.5312 | Top1: 0.5792 | Top5: 0.7802
  Train Batch [150/650] | Loss: 1.5185 | Top1: 0.5833 | Top5: 0.7742
  Train Batch [180/650] | Loss: 1.5101 | Top1: 0.6083 | Top5: 0.7972
  Train Batch [210/650] | Loss: 1.5283 | Top1: 0.6065 | Top5: 0.7970
  Train Batch [240/650] | Loss: 1.5352 | Top1: 0.6062 | Top5: 0.8031
  Train Batch [270/650] | Loss: 1.5478 | Top1: 0.5931 | Top5: 0.7958
  Train Batch [300/650] | Loss: 1.5422 | Top1: 0.5992 | Top5: 0.8004
  Train Batch [330/650] | Loss: 1.5509 | Top1: 0.6000 | Top5: 0.8023
  Train Batch [360/650] | Loss: 1.5601 | Top1: 0.6076 | Top5: 0.8087
  Train Batch [390/650] | Loss: 1.5573 | Top1: 0.6019 | Top5: 0.7994
  Train Batch [420/650] | Loss: 1.5578 | Top1: 0.6089 | Top5: 0.8045
  Train Batch [450/650] | Loss: 1.5570 | Top1: 0.6147 | Top5: 0.8069
  Train Batch [480/650] | Loss: 1.5601 | Top1: 0.6120 | Top5: 0.8055
  Train Batch [510/650] | Loss: 1.5554 | Top1: 0.6137 | Top5: 0.8066
  Train Batch [540/650] | Loss: 1.5594 | Top1: 0.6148 | Top5: 0.8090
  Train Batch [570/650] | Loss: 1.5686 | Top1: 0.6169 | Top5: 0.8107
  Train Batch [600/650] | Loss: 1.5694 | Top1: 0.6131 | Top5: 0.8075
  Train Batch [630/650] | Loss: 1.5684 | Top1: 0.6103 | Top5: 0.8077
  Train Batch [650/650] | Loss: 1.5653 | Top1: 0.6040 | Top5: 0.8027
  Train Epoch Time: 221.451s
  Val Batch [30/100] | Loss: 1.1318 | Top1: 0.9292 | Top5: 0.9917
  Val Batch [60/100] | Loss: 1.1566 | Top1: 0.9125 | Top5: 0.9875
  Val Batch [90/100] | Loss: 1.1456 | Top1: 0.9181 | Top5: 0.9903
  Val Batch [100/100] | Loss: 1.1770 | Top1: 0.9075 | Top5: 0.9862
  Val Epoch Time: 7.557s
Epoch [23/30] | Train Loss: 1.5653 | Train Top1: 0.6040 | Train Top5: 0.8027 | Val Loss: 1.1770 | Val Top1: 0.9075 | Val Top5: 0.9862 | LR: 4.62e-06 | Train Time: 221.451s | Val Time: 7.557s | Epoch Time: 229.008s

===== Epoch 24/30 (LR: 4.18e-06) =====
  Train Batch [30/650] | Loss: 1.7364 | Top1: 0.6500 | Top5: 0.9000
  Train Batch [60/650] | Loss: 1.6140 | Top1: 0.6354 | Top5: 0.8438
  Train Batch [90/650] | Loss: 1.5767 | Top1: 0.6375 | Top5: 0.8528
  Train Batch [120/650] | Loss: 1.5718 | Top1: 0.6500 | Top5: 0.8573
  Train Batch [150/650] | Loss: 1.5904 | Top1: 0.6458 | Top5: 0.8475
  Train Batch [180/650] | Loss: 1.5846 | Top1: 0.6354 | Top5: 0.8403
  Train Batch [210/650] | Loss: 1.5723 | Top1: 0.6417 | Top5: 0.8458
  Train Batch [240/650] | Loss: 1.5593 | Top1: 0.6188 | Top5: 0.8266
  Train Batch [270/650] | Loss: 1.5623 | Top1: 0.6032 | Top5: 0.8157
  Train Batch [300/650] | Loss: 1.5727 | Top1: 0.6075 | Top5: 0.8187
  Train Batch [330/650] | Loss: 1.5655 | Top1: 0.6159 | Top5: 0.8231
  Train Batch [360/650] | Loss: 1.5632 | Top1: 0.6042 | Top5: 0.8115
  Train Batch [390/650] | Loss: 1.5599 | Top1: 0.6035 | Top5: 0.8144
  Train Batch [420/650] | Loss: 1.5420 | Top1: 0.6083 | Top5: 0.8122
  Train Batch [450/650] | Loss: 1.5432 | Top1: 0.6108 | Top5: 0.8144
  Train Batch [480/650] | Loss: 1.5446 | Top1: 0.6065 | Top5: 0.8117
  Train Batch [510/650] | Loss: 1.5492 | Top1: 0.6125 | Top5: 0.8142
  Train Batch [540/650] | Loss: 1.5490 | Top1: 0.6113 | Top5: 0.8097
  Train Batch [570/650] | Loss: 1.5472 | Top1: 0.6090 | Top5: 0.8066
  Train Batch [600/650] | Loss: 1.5490 | Top1: 0.6044 | Top5: 0.8040
  Train Batch [630/650] | Loss: 1.5455 | Top1: 0.5988 | Top5: 0.8002
  Train Batch [650/650] | Loss: 1.5495 | Top1: 0.6009 | Top5: 0.8048
  Train Epoch Time: 221.978s
  Val Batch [30/100] | Loss: 1.1234 | Top1: 0.9375 | Top5: 0.9917
  Val Batch [60/100] | Loss: 1.1554 | Top1: 0.9187 | Top5: 0.9875
  Val Batch [90/100] | Loss: 1.1404 | Top1: 0.9236 | Top5: 0.9889
  Val Batch [100/100] | Loss: 1.1750 | Top1: 0.9150 | Top5: 0.9850
  Val Epoch Time: 7.563s
Epoch [24/30] | Train Loss: 1.5495 | Train Top1: 0.6009 | Train Top5: 0.8048 | Val Loss: 1.1750 | Val Top1: 0.9150 | Val Top5: 0.9850 | LR: 4.18e-06 | Train Time: 221.978s | Val Time: 7.563s | Epoch Time: 229.541s

===== Epoch 25/30 (LR: 3.62e-06) =====
  Train Batch [30/650] | Loss: 1.5372 | Top1: 0.7375 | Top5: 0.8833
  Train Batch [60/650] | Loss: 1.5570 | Top1: 0.6729 | Top5: 0.8417
  Train Batch [90/650] | Loss: 1.5407 | Top1: 0.6708 | Top5: 0.8458
  Train Batch [120/650] | Loss: 1.5428 | Top1: 0.6094 | Top5: 0.8052
  Train Batch [150/650] | Loss: 1.5310 | Top1: 0.5883 | Top5: 0.7842
  Train Batch [180/650] | Loss: 1.5276 | Top1: 0.5951 | Top5: 0.7937
  Train Batch [210/650] | Loss: 1.5337 | Top1: 0.5952 | Top5: 0.7952
  Train Batch [240/650] | Loss: 1.5229 | Top1: 0.6062 | Top5: 0.7958
  Train Batch [270/650] | Loss: 1.5390 | Top1: 0.6153 | Top5: 0.8051
  Train Batch [300/650] | Loss: 1.5426 | Top1: 0.6150 | Top5: 0.8054
  Train Batch [330/650] | Loss: 1.5550 | Top1: 0.6091 | Top5: 0.8045
  Train Batch [360/650] | Loss: 1.5541 | Top1: 0.6073 | Top5: 0.8038
  Train Batch [390/650] | Loss: 1.5666 | Top1: 0.6051 | Top5: 0.8077
  Train Batch [420/650] | Loss: 1.5643 | Top1: 0.6122 | Top5: 0.8143
  Train Batch [450/650] | Loss: 1.5650 | Top1: 0.6022 | Top5: 0.8067
  Train Batch [480/650] | Loss: 1.5686 | Top1: 0.6076 | Top5: 0.8102
  Train Batch [510/650] | Loss: 1.5691 | Top1: 0.6071 | Top5: 0.8096
  Train Batch [540/650] | Loss: 1.5710 | Top1: 0.6037 | Top5: 0.8079
  Train Batch [570/650] | Loss: 1.5686 | Top1: 0.6118 | Top5: 0.8123
  Train Batch [600/650] | Loss: 1.5633 | Top1: 0.6125 | Top5: 0.8113
  Train Batch [630/650] | Loss: 1.5595 | Top1: 0.6107 | Top5: 0.8081
  Train Batch [650/650] | Loss: 1.5591 | Top1: 0.6134 | Top5: 0.8102
  Train Epoch Time: 220.760s
  Val Batch [30/100] | Loss: 1.1237 | Top1: 0.9125 | Top5: 0.9917
  Val Batch [60/100] | Loss: 1.1555 | Top1: 0.9062 | Top5: 0.9854
  Val Batch [90/100] | Loss: 1.1409 | Top1: 0.9111 | Top5: 0.9875
  Val Batch [100/100] | Loss: 1.1749 | Top1: 0.9025 | Top5: 0.9825
  Val Epoch Time: 7.525s
Epoch [25/30] | Train Loss: 1.5591 | Train Top1: 0.6134 | Train Top5: 0.8102 | Val Loss: 1.1749 | Val Top1: 0.9025 | Val Top5: 0.9825 | LR: 3.62e-06 | Train Time: 220.760s | Val Time: 7.525s | Epoch Time: 228.285s

===== Epoch 26/30 (LR: 3.00e-06) =====
  Train Batch [30/650] | Loss: 1.6080 | Top1: 0.6125 | Top5: 0.8292
  Train Batch [60/650] | Loss: 1.5663 | Top1: 0.5708 | Top5: 0.7833
  Train Batch [90/650] | Loss: 1.5861 | Top1: 0.6181 | Top5: 0.8028
  Train Batch [120/650] | Loss: 1.5788 | Top1: 0.6260 | Top5: 0.8031
  Train Batch [150/650] | Loss: 1.5757 | Top1: 0.6083 | Top5: 0.8067
  Train Batch [180/650] | Loss: 1.5649 | Top1: 0.6042 | Top5: 0.8021
  Train Batch [210/650] | Loss: 1.5355 | Top1: 0.6054 | Top5: 0.8006
  Train Batch [240/650] | Loss: 1.5241 | Top1: 0.6094 | Top5: 0.8000
  Train Batch [270/650] | Loss: 1.5425 | Top1: 0.6111 | Top5: 0.8023
  Train Batch [300/650] | Loss: 1.5346 | Top1: 0.6154 | Top5: 0.8008
  Train Batch [330/650] | Loss: 1.5332 | Top1: 0.6152 | Top5: 0.8000
  Train Batch [360/650] | Loss: 1.5442 | Top1: 0.6208 | Top5: 0.8104
  Train Batch [390/650] | Loss: 1.5419 | Top1: 0.6112 | Top5: 0.8035
  Train Batch [420/650] | Loss: 1.5417 | Top1: 0.6095 | Top5: 0.8015
  Train Batch [450/650] | Loss: 1.5400 | Top1: 0.6031 | Top5: 0.7972
  Train Batch [480/650] | Loss: 1.5467 | Top1: 0.6049 | Top5: 0.8018
  Train Batch [510/650] | Loss: 1.5438 | Top1: 0.6088 | Top5: 0.8044
  Train Batch [540/650] | Loss: 1.5489 | Top1: 0.6169 | Top5: 0.8102
  Train Batch [570/650] | Loss: 1.5447 | Top1: 0.6175 | Top5: 0.8086
  Train Batch [600/650] | Loss: 1.5434 | Top1: 0.6192 | Top5: 0.8092
  Train Batch [630/650] | Loss: 1.5460 | Top1: 0.6151 | Top5: 0.8079
  Train Batch [650/650] | Loss: 1.5477 | Top1: 0.6151 | Top5: 0.8107
  Train Epoch Time: 221.663s
  Val Batch [30/100] | Loss: 1.1301 | Top1: 0.9208 | Top5: 0.9917
  Val Batch [60/100] | Loss: 1.1648 | Top1: 0.9062 | Top5: 0.9854
  Val Batch [90/100] | Loss: 1.1456 | Top1: 0.9153 | Top5: 0.9875
  Val Batch [100/100] | Loss: 1.1772 | Top1: 0.9087 | Top5: 0.9825
  Val Epoch Time: 7.621s
Epoch [26/30] | Train Loss: 1.5477 | Train Top1: 0.6151 | Train Top5: 0.8107 | Val Loss: 1.1772 | Val Top1: 0.9087 | Val Top5: 0.9825 | LR: 3.00e-06 | Train Time: 221.663s | Val Time: 7.621s | Epoch Time: 229.284s
Early stopping triggered after 7 epochs without improvement.
Saved last checkpoint to: /mnt/c/Users/ljh20/MCS/CS273P/Model_California_Birds/outputs/output_20260314_083230/checkpoints/convnextv2_base_last.pth

Best Epoch: 19 | Best Val Top1: 0.9175 | Best Val Top5: 0.9875
Total Train Time: 1561.008s | Total Val Time: 56.330s | Total Runtime: 1622.337s

Experiment result appended to: /mnt/c/Users/ljh20/MCS/CS273P/Model_California_Birds/outputs/output_20260314_083230/logs/experiment_results.csv
