Using device: mps
Number of classes: 657
Train batches: 1827
Val batches: 203

===== Epoch 1/20 =====
  Train Batch [50/1827] | Loss: 6.4624 | Top1: 0.0069 | Top5: 0.0275
  Train Batch [100/1827] | Loss: 6.3491 | Top1: 0.0119 | Top5: 0.0413
  Train Batch [150/1827] | Loss: 6.1024 | Top1: 0.0217 | Top5: 0.0708
  Train Batch [200/1827] | Loss: 5.8374 | Top1: 0.0348 | Top5: 0.1037
  Train Batch [250/1827] | Loss: 5.5837 | Top1: 0.0488 | Top5: 0.1399
  Train Batch [300/1827] | Loss: 5.3574 | Top1: 0.0644 | Top5: 0.1757
  Train Batch [350/1827] | Loss: 5.1543 | Top1: 0.0803 | Top5: 0.2085
  Train Batch [400/1827] | Loss: 4.9778 | Top1: 0.0958 | Top5: 0.2386
  Train Batch [450/1827] | Loss: 4.8218 | Top1: 0.1108 | Top5: 0.2669
  Train Batch [500/1827] | Loss: 4.6819 | Top1: 0.1245 | Top5: 0.2923
  Train Batch [550/1827] | Loss: 4.5625 | Top1: 0.1369 | Top5: 0.3136
  Train Batch [600/1827] | Loss: 4.4526 | Top1: 0.1487 | Top5: 0.3323
  Train Batch [650/1827] | Loss: 4.3511 | Top1: 0.1595 | Top5: 0.3507
  Train Batch [700/1827] | Loss: 4.2546 | Top1: 0.1703 | Top5: 0.3676
  Train Batch [750/1827] | Loss: 4.1719 | Top1: 0.1798 | Top5: 0.3842
  Train Batch [800/1827] | Loss: 4.0954 | Top1: 0.1892 | Top5: 0.3986
  Train Batch [850/1827] | Loss: 4.0230 | Top1: 0.1981 | Top5: 0.4124
  Train Batch [900/1827] | Loss: 3.9548 | Top1: 0.2068 | Top5: 0.4255
  Train Batch [950/1827] | Loss: 3.8908 | Top1: 0.2154 | Top5: 0.4381
  Train Batch [1000/1827] | Loss: 3.8287 | Top1: 0.2233 | Top5: 0.4497
  Train Batch [1050/1827] | Loss: 3.7768 | Top1: 0.2312 | Top5: 0.4601
  Train Batch [1100/1827] | Loss: 3.7243 | Top1: 0.2381 | Top5: 0.4695
  Train Batch [1150/1827] | Loss: 3.6731 | Top1: 0.2456 | Top5: 0.4795
  Train Batch [1200/1827] | Loss: 3.6239 | Top1: 0.2524 | Top5: 0.4887
  Train Batch [1250/1827] | Loss: 3.5774 | Top1: 0.2589 | Top5: 0.4975
  Train Batch [1300/1827] | Loss: 3.5339 | Top1: 0.2645 | Top5: 0.5061
  Train Batch [1350/1827] | Loss: 3.4925 | Top1: 0.2703 | Top5: 0.5135
  Train Batch [1400/1827] | Loss: 3.4555 | Top1: 0.2765 | Top5: 0.5206
  Train Batch [1450/1827] | Loss: 3.4200 | Top1: 0.2816 | Top5: 0.5278
  Train Batch [1500/1827] | Loss: 3.3840 | Top1: 0.2870 | Top5: 0.5339
  Train Batch [1550/1827] | Loss: 3.3519 | Top1: 0.2920 | Top5: 0.5398
  Train Batch [1600/1827] | Loss: 3.3178 | Top1: 0.2974 | Top5: 0.5463
  Train Batch [1650/1827] | Loss: 3.2878 | Top1: 0.3023 | Top5: 0.5523
  Train Batch [1700/1827] | Loss: 3.2609 | Top1: 0.3059 | Top5: 0.5571
  Train Batch [1750/1827] | Loss: 3.2326 | Top1: 0.3107 | Top5: 0.5621
  Train Batch [1800/1827] | Loss: 3.2047 | Top1: 0.3152 | Top5: 0.5670
  Train Batch [1827/1827] | Loss: 3.1919 | Top1: 0.3170 | Top5: 0.5693
  Val Batch [50/203] | Loss: 2.1167 | Top1: 0.4906 | Top5: 0.7669
  Val Batch [100/203] | Loss: 2.0673 | Top1: 0.5000 | Top5: 0.7822
  Val Batch [150/203] | Loss: 2.0872 | Top1: 0.4919 | Top5: 0.7762
  Val Batch [200/203] | Loss: 2.1011 | Top1: 0.4886 | Top5: 0.7764
  Val Batch [203/203] | Loss: 2.1029 | Top1: 0.4876 | Top5: 0.7758
Epoch [1/20] | Train Loss: 3.1919 | Train Top1: 0.3170 | Train Top5: 0.5693 | Val Loss: 2.1029 | Val Top1: 0.4876 | Val Top5: 0.7758

===== Epoch 2/20 =====
  Train Batch [50/1827] | Loss: 1.7868 | Top1: 0.5444 | Top5: 0.8244
  Train Batch [100/1827] | Loss: 1.8244 | Top1: 0.5450 | Top5: 0.8137
  Train Batch [150/1827] | Loss: 1.8145 | Top1: 0.5517 | Top5: 0.8123
  Train Batch [200/1827] | Loss: 1.7896 | Top1: 0.5556 | Top5: 0.8170
  Train Batch [250/1827] | Loss: 1.7862 | Top1: 0.5569 | Top5: 0.8171
  Train Batch [300/1827] | Loss: 1.7920 | Top1: 0.5551 | Top5: 0.8164
  Train Batch [350/1827] | Loss: 1.7909 | Top1: 0.5552 | Top5: 0.8164
  Train Batch [400/1827] | Loss: 1.7991 | Top1: 0.5544 | Top5: 0.8155
  Train Batch [450/1827] | Loss: 1.7967 | Top1: 0.5565 | Top5: 0.8156
  Train Batch [500/1827] | Loss: 1.7922 | Top1: 0.5575 | Top5: 0.8160
  Train Batch [550/1827] | Loss: 1.7952 | Top1: 0.5576 | Top5: 0.8155
  Train Batch [600/1827] | Loss: 1.7942 | Top1: 0.5585 | Top5: 0.8158
  Train Batch [650/1827] | Loss: 1.7888 | Top1: 0.5589 | Top5: 0.8164
  Train Batch [700/1827] | Loss: 1.7879 | Top1: 0.5602 | Top5: 0.8160
  Train Batch [750/1827] | Loss: 1.7819 | Top1: 0.5607 | Top5: 0.8171
  Train Batch [800/1827] | Loss: 1.7773 | Top1: 0.5607 | Top5: 0.8177
  Train Batch [850/1827] | Loss: 1.7786 | Top1: 0.5618 | Top5: 0.8168
  Train Batch [900/1827] | Loss: 1.7775 | Top1: 0.5624 | Top5: 0.8167
  Train Batch [950/1827] | Loss: 1.7792 | Top1: 0.5616 | Top5: 0.8161
  Train Batch [1000/1827] | Loss: 1.7793 | Top1: 0.5623 | Top5: 0.8156
  Train Batch [1050/1827] | Loss: 1.7811 | Top1: 0.5629 | Top5: 0.8156
  Train Batch [1100/1827] | Loss: 1.7743 | Top1: 0.5645 | Top5: 0.8163
  Train Batch [1150/1827] | Loss: 1.7717 | Top1: 0.5652 | Top5: 0.8161
  Train Batch [1200/1827] | Loss: 1.7728 | Top1: 0.5643 | Top5: 0.8154
  Train Batch [1250/1827] | Loss: 1.7677 | Top1: 0.5656 | Top5: 0.8159
  Train Batch [1300/1827] | Loss: 1.7629 | Top1: 0.5662 | Top5: 0.8167
  Train Batch [1350/1827] | Loss: 1.7607 | Top1: 0.5666 | Top5: 0.8171
  Train Batch [1400/1827] | Loss: 1.7570 | Top1: 0.5674 | Top5: 0.8177
  Train Batch [1450/1827] | Loss: 1.7512 | Top1: 0.5682 | Top5: 0.8187
  Train Batch [1500/1827] | Loss: 1.7475 | Top1: 0.5686 | Top5: 0.8193
  Train Batch [1550/1827] | Loss: 1.7476 | Top1: 0.5686 | Top5: 0.8194
  Train Batch [1600/1827] | Loss: 1.7454 | Top1: 0.5685 | Top5: 0.8199
  Train Batch [1650/1827] | Loss: 1.7411 | Top1: 0.5691 | Top5: 0.8209
  Train Batch [1700/1827] | Loss: 1.7385 | Top1: 0.5694 | Top5: 0.8212
  Train Batch [1750/1827] | Loss: 1.7393 | Top1: 0.5693 | Top5: 0.8211
  Train Batch [1800/1827] | Loss: 1.7353 | Top1: 0.5702 | Top5: 0.8217
  Train Batch [1827/1827] | Loss: 1.7350 | Top1: 0.5705 | Top5: 0.8217
  Val Batch [50/203] | Loss: 1.7891 | Top1: 0.5644 | Top5: 0.8244
  Val Batch [100/203] | Loss: 1.7451 | Top1: 0.5784 | Top5: 0.8281
  Val Batch [150/203] | Loss: 1.7669 | Top1: 0.5744 | Top5: 0.8215
  Val Batch [200/203] | Loss: 1.7802 | Top1: 0.5727 | Top5: 0.8197
  Val Batch [203/203] | Loss: 1.7798 | Top1: 0.5729 | Top5: 0.8202
Epoch [2/20] | Train Loss: 1.7350 | Train Top1: 0.5705 | Train Top5: 0.8217 | Val Loss: 1.7798 | Val Top1: 0.5729 | Val Top5: 0.8202

===== Epoch 3/20 =====
  Train Batch [50/1827] | Loss: 1.2161 | Top1: 0.6731 | Top5: 0.9006
  Train Batch [100/1827] | Loss: 1.2284 | Top1: 0.6709 | Top5: 0.9019
  Train Batch [150/1827] | Loss: 1.2088 | Top1: 0.6760 | Top5: 0.9060
  Train Batch [200/1827] | Loss: 1.2214 | Top1: 0.6769 | Top5: 0.9038
  Train Batch [250/1827] | Loss: 1.2339 | Top1: 0.6731 | Top5: 0.9018
  Train Batch [300/1827] | Loss: 1.2372 | Top1: 0.6731 | Top5: 0.9008
  Train Batch [350/1827] | Loss: 1.2526 | Top1: 0.6702 | Top5: 0.8972
  Train Batch [400/1827] | Loss: 1.2592 | Top1: 0.6693 | Top5: 0.8951
  Train Batch [450/1827] | Loss: 1.2567 | Top1: 0.6695 | Top5: 0.8949
  Train Batch [500/1827] | Loss: 1.2597 | Top1: 0.6691 | Top5: 0.8942
  Train Batch [550/1827] | Loss: 1.2685 | Top1: 0.6674 | Top5: 0.8928
  Train Batch [600/1827] | Loss: 1.2747 | Top1: 0.6657 | Top5: 0.8909
  Train Batch [650/1827] | Loss: 1.2751 | Top1: 0.6660 | Top5: 0.8909
  Train Batch [700/1827] | Loss: 1.2788 | Top1: 0.6663 | Top5: 0.8904
  Train Batch [750/1827] | Loss: 1.2818 | Top1: 0.6662 | Top5: 0.8898
  Train Batch [800/1827] | Loss: 1.2838 | Top1: 0.6666 | Top5: 0.8889
  Train Batch [850/1827] | Loss: 1.2870 | Top1: 0.6661 | Top5: 0.8888
  Train Batch [900/1827] | Loss: 1.2868 | Top1: 0.6662 | Top5: 0.8889
  Train Batch [950/1827] | Loss: 1.2881 | Top1: 0.6651 | Top5: 0.8887
  Train Batch [1000/1827] | Loss: 1.2886 | Top1: 0.6653 | Top5: 0.8885
  Train Batch [1050/1827] | Loss: 1.2903 | Top1: 0.6645 | Top5: 0.8884
  Train Batch [1100/1827] | Loss: 1.2934 | Top1: 0.6639 | Top5: 0.8878
  Train Batch [1150/1827] | Loss: 1.2954 | Top1: 0.6637 | Top5: 0.8878
  Train Batch [1200/1827] | Loss: 1.2973 | Top1: 0.6635 | Top5: 0.8874
  Train Batch [1250/1827] | Loss: 1.2979 | Top1: 0.6634 | Top5: 0.8873
  Train Batch [1300/1827] | Loss: 1.2982 | Top1: 0.6627 | Top5: 0.8875
  Train Batch [1350/1827] | Loss: 1.2998 | Top1: 0.6625 | Top5: 0.8875
  Train Batch [1400/1827] | Loss: 1.2990 | Top1: 0.6627 | Top5: 0.8874
  Train Batch [1450/1827] | Loss: 1.3011 | Top1: 0.6625 | Top5: 0.8870
  Train Batch [1500/1827] | Loss: 1.3025 | Top1: 0.6627 | Top5: 0.8867
  Train Batch [1550/1827] | Loss: 1.3055 | Top1: 0.6625 | Top5: 0.8858
  Train Batch [1600/1827] | Loss: 1.3054 | Top1: 0.6621 | Top5: 0.8859
  Train Batch [1650/1827] | Loss: 1.3060 | Top1: 0.6625 | Top5: 0.8855
  Train Batch [1700/1827] | Loss: 1.3058 | Top1: 0.6628 | Top5: 0.8854
  Train Batch [1750/1827] | Loss: 1.3070 | Top1: 0.6626 | Top5: 0.8848
  Train Batch [1800/1827] | Loss: 1.3096 | Top1: 0.6621 | Top5: 0.8845
  Train Batch [1827/1827] | Loss: 1.3089 | Top1: 0.6625 | Top5: 0.8846
  Val Batch [50/203] | Loss: 1.7041 | Top1: 0.6100 | Top5: 0.8300
  Val Batch [100/203] | Loss: 1.6798 | Top1: 0.6084 | Top5: 0.8322
  Val Batch [150/203] | Loss: 1.6870 | Top1: 0.6065 | Top5: 0.8317
  Val Batch [200/203] | Loss: 1.7012 | Top1: 0.6017 | Top5: 0.8317
  Val Batch [203/203] | Loss: 1.7018 | Top1: 0.6018 | Top5: 0.8315
Epoch [3/20] | Train Loss: 1.3089 | Train Top1: 0.6625 | Train Top5: 0.8846 | Val Loss: 1.7018 | Val Top1: 0.6018 | Val Top5: 0.8315

===== Epoch 4/20 =====
  Train Batch [50/1827] | Loss: 0.9243 | Top1: 0.7656 | Top5: 0.9337
  Train Batch [100/1827] | Loss: 0.9321 | Top1: 0.7594 | Top5: 0.9347
  Train Batch [150/1827] | Loss: 0.9176 | Top1: 0.7600 | Top5: 0.9358
  Train Batch [200/1827] | Loss: 0.9234 | Top1: 0.7548 | Top5: 0.9345
  Train Batch [250/1827] | Loss: 0.9144 | Top1: 0.7574 | Top5: 0.9345
  Train Batch [300/1827] | Loss: 0.9107 | Top1: 0.7569 | Top5: 0.9351
  Train Batch [350/1827] | Loss: 0.9173 | Top1: 0.7571 | Top5: 0.9345
  Train Batch [400/1827] | Loss: 0.9256 | Top1: 0.7538 | Top5: 0.9340
  Train Batch [450/1827] | Loss: 0.9336 | Top1: 0.7509 | Top5: 0.9326
  Train Batch [500/1827] | Loss: 0.9409 | Top1: 0.7492 | Top5: 0.9315
  Train Batch [550/1827] | Loss: 0.9443 | Top1: 0.7477 | Top5: 0.9316
  Train Batch [600/1827] | Loss: 0.9497 | Top1: 0.7459 | Top5: 0.9311
  Train Batch [650/1827] | Loss: 0.9532 | Top1: 0.7438 | Top5: 0.9304
  Train Batch [700/1827] | Loss: 0.9580 | Top1: 0.7425 | Top5: 0.9299
  Train Batch [750/1827] | Loss: 0.9632 | Top1: 0.7409 | Top5: 0.9291
  Train Batch [800/1827] | Loss: 0.9644 | Top1: 0.7402 | Top5: 0.9290
  Train Batch [850/1827] | Loss: 0.9664 | Top1: 0.7397 | Top5: 0.9288
  Train Batch [900/1827] | Loss: 0.9709 | Top1: 0.7390 | Top5: 0.9279
  Train Batch [950/1827] | Loss: 0.9725 | Top1: 0.7386 | Top5: 0.9273
  Train Batch [1000/1827] | Loss: 0.9795 | Top1: 0.7372 | Top5: 0.9263
  Train Batch [1050/1827] | Loss: 0.9832 | Top1: 0.7364 | Top5: 0.9260
  Train Batch [1100/1827] | Loss: 0.9855 | Top1: 0.7357 | Top5: 0.9261
  Train Batch [1150/1827] | Loss: 0.9885 | Top1: 0.7346 | Top5: 0.9257
  Train Batch [1200/1827] | Loss: 0.9929 | Top1: 0.7337 | Top5: 0.9249
  Train Batch [1250/1827] | Loss: 0.9965 | Top1: 0.7331 | Top5: 0.9243
  Train Batch [1300/1827] | Loss: 0.9994 | Top1: 0.7328 | Top5: 0.9242
  Train Batch [1350/1827] | Loss: 1.0015 | Top1: 0.7323 | Top5: 0.9240
  Train Batch [1400/1827] | Loss: 1.0024 | Top1: 0.7322 | Top5: 0.9242
  Train Batch [1450/1827] | Loss: 1.0044 | Top1: 0.7321 | Top5: 0.9240
  Train Batch [1500/1827] | Loss: 1.0045 | Top1: 0.7317 | Top5: 0.9240
  Train Batch [1550/1827] | Loss: 1.0065 | Top1: 0.7308 | Top5: 0.9239
  Train Batch [1600/1827] | Loss: 1.0094 | Top1: 0.7302 | Top5: 0.9235
  Train Batch [1650/1827] | Loss: 1.0120 | Top1: 0.7295 | Top5: 0.9232
  Train Batch [1700/1827] | Loss: 1.0165 | Top1: 0.7286 | Top5: 0.9223
  Train Batch [1750/1827] | Loss: 1.0190 | Top1: 0.7278 | Top5: 0.9218
  Train Batch [1800/1827] | Loss: 1.0204 | Top1: 0.7277 | Top5: 0.9217
  Train Batch [1827/1827] | Loss: 1.0210 | Top1: 0.7276 | Top5: 0.9216
  Val Batch [50/203] | Loss: 1.5801 | Top1: 0.6231 | Top5: 0.8506
  Val Batch [100/203] | Loss: 1.5981 | Top1: 0.6259 | Top5: 0.8478
  Val Batch [150/203] | Loss: 1.5988 | Top1: 0.6279 | Top5: 0.8498
  Val Batch [200/203] | Loss: 1.6098 | Top1: 0.6259 | Top5: 0.8488
  Val Batch [203/203] | Loss: 1.6086 | Top1: 0.6261 | Top5: 0.8488
Epoch [4/20] | Train Loss: 1.0210 | Train Top1: 0.7276 | Train Top5: 0.9216 | Val Loss: 1.6086 | Val Top1: 0.6261 | Val Top5: 0.8488

===== Epoch 5/20 =====
  Train Batch [50/1827] | Loss: 0.6722 | Top1: 0.8150 | Top5: 0.9663
  Train Batch [100/1827] | Loss: 0.6707 | Top1: 0.8228 | Top5: 0.9622
  Train Batch [150/1827] | Loss: 0.6729 | Top1: 0.8202 | Top5: 0.9617
  Train Batch [200/1827] | Loss: 0.6826 | Top1: 0.8153 | Top5: 0.9605
  Train Batch [250/1827] | Loss: 0.6954 | Top1: 0.8116 | Top5: 0.9586
  Train Batch [300/1827] | Loss: 0.7088 | Top1: 0.8068 | Top5: 0.9569
  Train Batch [350/1827] | Loss: 0.7181 | Top1: 0.8052 | Top5: 0.9548
  Train Batch [400/1827] | Loss: 0.7194 | Top1: 0.8035 | Top5: 0.9555
  Train Batch [450/1827] | Loss: 0.7274 | Top1: 0.7998 | Top5: 0.9551
  Train Batch [500/1827] | Loss: 0.7306 | Top1: 0.7977 | Top5: 0.9555
  Train Batch [550/1827] | Loss: 0.7375 | Top1: 0.7956 | Top5: 0.9553
  Train Batch [600/1827] | Loss: 0.7404 | Top1: 0.7950 | Top5: 0.9553
  Train Batch [650/1827] | Loss: 0.7471 | Top1: 0.7928 | Top5: 0.9554
  Train Batch [700/1827] | Loss: 0.7509 | Top1: 0.7917 | Top5: 0.9552
  Train Batch [750/1827] | Loss: 0.7536 | Top1: 0.7910 | Top5: 0.9547
  Train Batch [800/1827] | Loss: 0.7575 | Top1: 0.7896 | Top5: 0.9541
  Train Batch [850/1827] | Loss: 0.7560 | Top1: 0.7903 | Top5: 0.9541
  Train Batch [900/1827] | Loss: 0.7547 | Top1: 0.7910 | Top5: 0.9541
  Train Batch [950/1827] | Loss: 0.7634 | Top1: 0.7893 | Top5: 0.9530
  Train Batch [1000/1827] | Loss: 0.7662 | Top1: 0.7887 | Top5: 0.9524
  Train Batch [1050/1827] | Loss: 0.7696 | Top1: 0.7876 | Top5: 0.9524
  Train Batch [1100/1827] | Loss: 0.7739 | Top1: 0.7867 | Top5: 0.9518
  Train Batch [1150/1827] | Loss: 0.7750 | Top1: 0.7864 | Top5: 0.9517
  Train Batch [1200/1827] | Loss: 0.7782 | Top1: 0.7859 | Top5: 0.9514
  Train Batch [1250/1827] | Loss: 0.7820 | Top1: 0.7847 | Top5: 0.9508
  Train Batch [1300/1827] | Loss: 0.7844 | Top1: 0.7842 | Top5: 0.9506
  Train Batch [1350/1827] | Loss: 0.7857 | Top1: 0.7839 | Top5: 0.9505
  Train Batch [1400/1827] | Loss: 0.7886 | Top1: 0.7829 | Top5: 0.9502
  Train Batch [1450/1827] | Loss: 0.7926 | Top1: 0.7819 | Top5: 0.9497
  Train Batch [1500/1827] | Loss: 0.7929 | Top1: 0.7818 | Top5: 0.9497
  Train Batch [1550/1827] | Loss: 0.7928 | Top1: 0.7816 | Top5: 0.9498
  Train Batch [1600/1827] | Loss: 0.7966 | Top1: 0.7807 | Top5: 0.9491
  Train Batch [1650/1827] | Loss: 0.7994 | Top1: 0.7797 | Top5: 0.9487
  Train Batch [1700/1827] | Loss: 0.8030 | Top1: 0.7787 | Top5: 0.9483
  Train Batch [1750/1827] | Loss: 0.8029 | Top1: 0.7787 | Top5: 0.9481
  Train Batch [1800/1827] | Loss: 0.8053 | Top1: 0.7781 | Top5: 0.9479
  Train Batch [1827/1827] | Loss: 0.8076 | Top1: 0.7778 | Top5: 0.9476
  Val Batch [50/203] | Loss: 1.6572 | Top1: 0.6212 | Top5: 0.8556
  Val Batch [100/203] | Loss: 1.6361 | Top1: 0.6300 | Top5: 0.8550
  Val Batch [150/203] | Loss: 1.6564 | Top1: 0.6271 | Top5: 0.8525
  Val Batch [200/203] | Loss: 1.6661 | Top1: 0.6261 | Top5: 0.8502
  Val Batch [203/203] | Loss: 1.6690 | Top1: 0.6255 | Top5: 0.8503
Epoch [5/20] | Train Loss: 0.8076 | Train Top1: 0.7778 | Train Top5: 0.9476 | Val Loss: 1.6690 | Val Top1: 0.6255 | Val Top5: 0.8503

===== Epoch 6/20 =====
  Train Batch [50/1827] | Loss: 0.5441 | Top1: 0.8575 | Top5: 0.9775
  Train Batch [100/1827] | Loss: 0.5353 | Top1: 0.8553 | Top5: 0.9775
  Train Batch [150/1827] | Loss: 0.5402 | Top1: 0.8515 | Top5: 0.9762
  Train Batch [200/1827] | Loss: 0.5335 | Top1: 0.8542 | Top5: 0.9761
  Train Batch [250/1827] | Loss: 0.5364 | Top1: 0.8550 | Top5: 0.9759
  Train Batch [300/1827] | Loss: 0.5411 | Top1: 0.8518 | Top5: 0.9757
  Train Batch [350/1827] | Loss: 0.5442 | Top1: 0.8505 | Top5: 0.9761
  Train Batch [400/1827] | Loss: 0.5452 | Top1: 0.8498 | Top5: 0.9754
  Train Batch [450/1827] | Loss: 0.5479 | Top1: 0.8485 | Top5: 0.9750
  Train Batch [500/1827] | Loss: 0.5565 | Top1: 0.8465 | Top5: 0.9736
  Train Batch [550/1827] | Loss: 0.5626 | Top1: 0.8452 | Top5: 0.9735
  Train Batch [600/1827] | Loss: 0.5666 | Top1: 0.8433 | Top5: 0.9736
  Train Batch [650/1827] | Loss: 0.5744 | Top1: 0.8411 | Top5: 0.9731
  Train Batch [700/1827] | Loss: 0.5801 | Top1: 0.8397 | Top5: 0.9724
  Train Batch [750/1827] | Loss: 0.5808 | Top1: 0.8393 | Top5: 0.9722
  Train Batch [800/1827] | Loss: 0.5848 | Top1: 0.8373 | Top5: 0.9721
  Train Batch [850/1827] | Loss: 0.5873 | Top1: 0.8363 | Top5: 0.9719
  Train Batch [900/1827] | Loss: 0.5924 | Top1: 0.8338 | Top5: 0.9717
  Train Batch [950/1827] | Loss: 0.5940 | Top1: 0.8326 | Top5: 0.9717
  Train Batch [1000/1827] | Loss: 0.5953 | Top1: 0.8324 | Top5: 0.9715
  Train Batch [1050/1827] | Loss: 0.5974 | Top1: 0.8322 | Top5: 0.9711
  Train Batch [1100/1827] | Loss: 0.6012 | Top1: 0.8304 | Top5: 0.9707
  Train Batch [1150/1827] | Loss: 0.6021 | Top1: 0.8301 | Top5: 0.9706
  Train Batch [1200/1827] | Loss: 0.6057 | Top1: 0.8288 | Top5: 0.9703
  Train Batch [1250/1827] | Loss: 0.6085 | Top1: 0.8282 | Top5: 0.9700
  Train Batch [1300/1827] | Loss: 0.6114 | Top1: 0.8272 | Top5: 0.9699
  Train Batch [1350/1827] | Loss: 0.6133 | Top1: 0.8265 | Top5: 0.9699
  Train Batch [1400/1827] | Loss: 0.6163 | Top1: 0.8254 | Top5: 0.9697
  Train Batch [1450/1827] | Loss: 0.6216 | Top1: 0.8238 | Top5: 0.9694
  Train Batch [1500/1827] | Loss: 0.6257 | Top1: 0.8224 | Top5: 0.9690
  Train Batch [1550/1827] | Loss: 0.6280 | Top1: 0.8219 | Top5: 0.9689
  Train Batch [1600/1827] | Loss: 0.6299 | Top1: 0.8214 | Top5: 0.9687
  Train Batch [1650/1827] | Loss: 0.6330 | Top1: 0.8207 | Top5: 0.9681
  Train Batch [1700/1827] | Loss: 0.6348 | Top1: 0.8202 | Top5: 0.9678
  Train Batch [1750/1827] | Loss: 0.6364 | Top1: 0.8197 | Top5: 0.9676
  Train Batch [1800/1827] | Loss: 0.6392 | Top1: 0.8186 | Top5: 0.9675
  Train Batch [1827/1827] | Loss: 0.6399 | Top1: 0.8184 | Top5: 0.9674
  Val Batch [50/203] | Loss: 1.6890 | Top1: 0.6319 | Top5: 0.8638
  Val Batch [100/203] | Loss: 1.6978 | Top1: 0.6362 | Top5: 0.8616
  Val Batch [150/203] | Loss: 1.7248 | Top1: 0.6300 | Top5: 0.8571
  Val Batch [200/203] | Loss: 1.7369 | Top1: 0.6267 | Top5: 0.8539
  Val Batch [203/203] | Loss: 1.7366 | Top1: 0.6272 | Top5: 0.8537
Epoch [6/20] | Train Loss: 0.6399 | Train Top1: 0.8184 | Train Top5: 0.9674 | Val Loss: 1.7366 | Val Top1: 0.6272 | Val Top5: 0.8537

===== Epoch 7/20 =====
  Train Batch [50/1827] | Loss: 0.4522 | Top1: 0.8800 | Top5: 0.9856
  Train Batch [100/1827] | Loss: 0.4292 | Top1: 0.8816 | Top5: 0.9850
  Train Batch [150/1827] | Loss: 0.4205 | Top1: 0.8835 | Top5: 0.9867
  Train Batch [200/1827] | Loss: 0.4333 | Top1: 0.8834 | Top5: 0.9850
  Train Batch [250/1827] | Loss: 0.4376 | Top1: 0.8806 | Top5: 0.9850
  Train Batch [300/1827] | Loss: 0.4399 | Top1: 0.8789 | Top5: 0.9849
  Train Batch [350/1827] | Loss: 0.4450 | Top1: 0.8772 | Top5: 0.9837
  Train Batch [400/1827] | Loss: 0.4461 | Top1: 0.8772 | Top5: 0.9840
  Train Batch [450/1827] | Loss: 0.4442 | Top1: 0.8772 | Top5: 0.9839
  Train Batch [500/1827] | Loss: 0.4532 | Top1: 0.8742 | Top5: 0.9833
  Train Batch [550/1827] | Loss: 0.4573 | Top1: 0.8729 | Top5: 0.9829
  Train Batch [600/1827] | Loss: 0.4574 | Top1: 0.8719 | Top5: 0.9829
  Train Batch [650/1827] | Loss: 0.4590 | Top1: 0.8710 | Top5: 0.9827
  Train Batch [700/1827] | Loss: 0.4610 | Top1: 0.8703 | Top5: 0.9825
  Train Batch [750/1827] | Loss: 0.4642 | Top1: 0.8691 | Top5: 0.9824
  Train Batch [800/1827] | Loss: 0.4669 | Top1: 0.8676 | Top5: 0.9823
  Train Batch [850/1827] | Loss: 0.4669 | Top1: 0.8674 | Top5: 0.9823
  Train Batch [900/1827] | Loss: 0.4699 | Top1: 0.8665 | Top5: 0.9819
  Train Batch [950/1827] | Loss: 0.4716 | Top1: 0.8660 | Top5: 0.9820
  Train Batch [1000/1827] | Loss: 0.4755 | Top1: 0.8647 | Top5: 0.9817
  Train Batch [1050/1827] | Loss: 0.4784 | Top1: 0.8636 | Top5: 0.9816
  Train Batch [1100/1827] | Loss: 0.4838 | Top1: 0.8621 | Top5: 0.9811
  Train Batch [1150/1827] | Loss: 0.4866 | Top1: 0.8610 | Top5: 0.9810
  Train Batch [1200/1827] | Loss: 0.4885 | Top1: 0.8604 | Top5: 0.9810
  Train Batch [1250/1827] | Loss: 0.4899 | Top1: 0.8599 | Top5: 0.9808
  Train Batch [1300/1827] | Loss: 0.4946 | Top1: 0.8585 | Top5: 0.9806
  Train Batch [1350/1827] | Loss: 0.4976 | Top1: 0.8579 | Top5: 0.9802
  Train Batch [1400/1827] | Loss: 0.4996 | Top1: 0.8572 | Top5: 0.9801
  Train Batch [1450/1827] | Loss: 0.5009 | Top1: 0.8568 | Top5: 0.9801
  Train Batch [1500/1827] | Loss: 0.5031 | Top1: 0.8563 | Top5: 0.9799
  Train Batch [1550/1827] | Loss: 0.5044 | Top1: 0.8558 | Top5: 0.9798
  Train Batch [1600/1827] | Loss: 0.5062 | Top1: 0.8553 | Top5: 0.9797
  Train Batch [1650/1827] | Loss: 0.5078 | Top1: 0.8549 | Top5: 0.9793
  Train Batch [1700/1827] | Loss: 0.5103 | Top1: 0.8540 | Top5: 0.9792
  Train Batch [1750/1827] | Loss: 0.5141 | Top1: 0.8534 | Top5: 0.9788
  Train Batch [1800/1827] | Loss: 0.5158 | Top1: 0.8529 | Top5: 0.9787
  Train Batch [1827/1827] | Loss: 0.5171 | Top1: 0.8522 | Top5: 0.9786
  Val Batch [50/203] | Loss: 1.7864 | Top1: 0.6138 | Top5: 0.8500
  Val Batch [100/203] | Loss: 1.7608 | Top1: 0.6300 | Top5: 0.8475
  Val Batch [150/203] | Loss: 1.7593 | Top1: 0.6285 | Top5: 0.8500
  Val Batch [200/203] | Loss: 1.7733 | Top1: 0.6253 | Top5: 0.8481
  Val Batch [203/203] | Loss: 1.7734 | Top1: 0.6249 | Top5: 0.8483
Epoch [7/20] | Train Loss: 0.5171 | Train Top1: 0.8522 | Train Top5: 0.9786 | Val Loss: 1.7734 | Val Top1: 0.6249 | Val Top5: 0.8483

===== Epoch 8/20 =====
  Train Batch [50/1827] | Loss: 0.3570 | Top1: 0.8988 | Top5: 0.9906
  Train Batch [100/1827] | Loss: 0.3473 | Top1: 0.9028 | Top5: 0.9934
  Train Batch [150/1827] | Loss: 0.3484 | Top1: 0.9017 | Top5: 0.9925
  Train Batch [200/1827] | Loss: 0.3522 | Top1: 0.8983 | Top5: 0.9919
  Train Batch [250/1827] | Loss: 0.3530 | Top1: 0.8974 | Top5: 0.9920
  Train Batch [300/1827] | Loss: 0.3506 | Top1: 0.8986 | Top5: 0.9915
  Train Batch [350/1827] | Loss: 0.3513 | Top1: 0.8986 | Top5: 0.9917
  Train Batch [400/1827] | Loss: 0.3495 | Top1: 0.9004 | Top5: 0.9913
  Train Batch [450/1827] | Loss: 0.3521 | Top1: 0.8991 | Top5: 0.9913
  Train Batch [500/1827] | Loss: 0.3546 | Top1: 0.8989 | Top5: 0.9908
  Train Batch [550/1827] | Loss: 0.3589 | Top1: 0.8974 | Top5: 0.9905
  Train Batch [600/1827] | Loss: 0.3635 | Top1: 0.8963 | Top5: 0.9902
  Train Batch [650/1827] | Loss: 0.3649 | Top1: 0.8956 | Top5: 0.9902
  Train Batch [700/1827] | Loss: 0.3664 | Top1: 0.8946 | Top5: 0.9903
  Train Batch [750/1827] | Loss: 0.3702 | Top1: 0.8934 | Top5: 0.9901
  Train Batch [800/1827] | Loss: 0.3749 | Top1: 0.8918 | Top5: 0.9900
  Train Batch [850/1827] | Loss: 0.3773 | Top1: 0.8909 | Top5: 0.9898
  Train Batch [900/1827] | Loss: 0.3799 | Top1: 0.8894 | Top5: 0.9898
  Train Batch [950/1827] | Loss: 0.3832 | Top1: 0.8886 | Top5: 0.9897
  Train Batch [1000/1827] | Loss: 0.3877 | Top1: 0.8874 | Top5: 0.9895
  Train Batch [1050/1827] | Loss: 0.3916 | Top1: 0.8865 | Top5: 0.9893
  Train Batch [1100/1827] | Loss: 0.3944 | Top1: 0.8856 | Top5: 0.9890
  Train Batch [1150/1827] | Loss: 0.3960 | Top1: 0.8850 | Top5: 0.9891
  Train Batch [1200/1827] | Loss: 0.4001 | Top1: 0.8835 | Top5: 0.9888
  Train Batch [1250/1827] | Loss: 0.4029 | Top1: 0.8829 | Top5: 0.9886
  Train Batch [1300/1827] | Loss: 0.4075 | Top1: 0.8817 | Top5: 0.9882
  Train Batch [1350/1827] | Loss: 0.4116 | Top1: 0.8806 | Top5: 0.9879
  Train Batch [1400/1827] | Loss: 0.4137 | Top1: 0.8799 | Top5: 0.9877
  Train Batch [1450/1827] | Loss: 0.4151 | Top1: 0.8798 | Top5: 0.9875
  Train Batch [1500/1827] | Loss: 0.4159 | Top1: 0.8796 | Top5: 0.9874
  Train Batch [1550/1827] | Loss: 0.4172 | Top1: 0.8793 | Top5: 0.9871
  Train Batch [1600/1827] | Loss: 0.4197 | Top1: 0.8787 | Top5: 0.9869
  Train Batch [1650/1827] | Loss: 0.4225 | Top1: 0.8782 | Top5: 0.9867
  Train Batch [1700/1827] | Loss: 0.4245 | Top1: 0.8776 | Top5: 0.9866
  Train Batch [1750/1827] | Loss: 0.4262 | Top1: 0.8769 | Top5: 0.9865
  Train Batch [1800/1827] | Loss: 0.4293 | Top1: 0.8759 | Top5: 0.9865
  Train Batch [1827/1827] | Loss: 0.4303 | Top1: 0.8757 | Top5: 0.9864
  Val Batch [50/203] | Loss: 1.7526 | Top1: 0.6312 | Top5: 0.8512
  Val Batch [100/203] | Loss: 1.7506 | Top1: 0.6381 | Top5: 0.8478
  Val Batch [150/203] | Loss: 1.7318 | Top1: 0.6402 | Top5: 0.8508
  Val Batch [200/203] | Loss: 1.7540 | Top1: 0.6366 | Top5: 0.8478
  Val Batch [203/203] | Loss: 1.7526 | Top1: 0.6368 | Top5: 0.8480
Epoch [8/20] | Train Loss: 0.4303 | Train Top1: 0.8757 | Train Top5: 0.9864 | Val Loss: 1.7526 | Val Top1: 0.6368 | Val Top5: 0.8480

===== Epoch 9/20 =====
  Train Batch [50/1827] | Loss: 0.3138 | Top1: 0.9113 | Top5: 0.9944
  Train Batch [100/1827] | Loss: 0.3048 | Top1: 0.9137 | Top5: 0.9947
  Train Batch [150/1827] | Loss: 0.2960 | Top1: 0.9137 | Top5: 0.9942
  Train Batch [200/1827] | Loss: 0.2870 | Top1: 0.9139 | Top5: 0.9942
  Train Batch [250/1827] | Loss: 0.2839 | Top1: 0.9161 | Top5: 0.9946
  Train Batch [300/1827] | Loss: 0.2846 | Top1: 0.9169 | Top5: 0.9946
  Train Batch [350/1827] | Loss: 0.2889 | Top1: 0.9158 | Top5: 0.9942
  Train Batch [400/1827] | Loss: 0.2917 | Top1: 0.9152 | Top5: 0.9942
  Train Batch [450/1827] | Loss: 0.2993 | Top1: 0.9139 | Top5: 0.9939
  Train Batch [500/1827] | Loss: 0.3028 | Top1: 0.9131 | Top5: 0.9939
  Train Batch [550/1827] | Loss: 0.3064 | Top1: 0.9122 | Top5: 0.9938
  Train Batch [600/1827] | Loss: 0.3096 | Top1: 0.9107 | Top5: 0.9935
  Train Batch [650/1827] | Loss: 0.3110 | Top1: 0.9104 | Top5: 0.9936
  Train Batch [700/1827] | Loss: 0.3142 | Top1: 0.9095 | Top5: 0.9934
  Train Batch [750/1827] | Loss: 0.3172 | Top1: 0.9090 | Top5: 0.9933
  Train Batch [800/1827] | Loss: 0.3216 | Top1: 0.9072 | Top5: 0.9932
  Train Batch [850/1827] | Loss: 0.3242 | Top1: 0.9062 | Top5: 0.9931
  Train Batch [900/1827] | Loss: 0.3283 | Top1: 0.9050 | Top5: 0.9930
  Train Batch [950/1827] | Loss: 0.3295 | Top1: 0.9042 | Top5: 0.9929
  Train Batch [1000/1827] | Loss: 0.3339 | Top1: 0.9028 | Top5: 0.9927
  Train Batch [1050/1827] | Loss: 0.3346 | Top1: 0.9024 | Top5: 0.9926
  Train Batch [1100/1827] | Loss: 0.3366 | Top1: 0.9019 | Top5: 0.9924
  Train Batch [1150/1827] | Loss: 0.3388 | Top1: 0.9010 | Top5: 0.9922
  Train Batch [1200/1827] | Loss: 0.3418 | Top1: 0.8998 | Top5: 0.9922
  Train Batch [1250/1827] | Loss: 0.3422 | Top1: 0.8995 | Top5: 0.9922
  Train Batch [1300/1827] | Loss: 0.3440 | Top1: 0.8989 | Top5: 0.9921
  Train Batch [1350/1827] | Loss: 0.3468 | Top1: 0.8980 | Top5: 0.9920
  Train Batch [1400/1827] | Loss: 0.3488 | Top1: 0.8977 | Top5: 0.9917
  Train Batch [1450/1827] | Loss: 0.3496 | Top1: 0.8978 | Top5: 0.9918
  Train Batch [1500/1827] | Loss: 0.3521 | Top1: 0.8970 | Top5: 0.9916
  Train Batch [1550/1827] | Loss: 0.3537 | Top1: 0.8965 | Top5: 0.9916
  Train Batch [1600/1827] | Loss: 0.3552 | Top1: 0.8961 | Top5: 0.9915
  Train Batch [1650/1827] | Loss: 0.3585 | Top1: 0.8951 | Top5: 0.9913
  Train Batch [1700/1827] | Loss: 0.3607 | Top1: 0.8946 | Top5: 0.9910
  Train Batch [1750/1827] | Loss: 0.3620 | Top1: 0.8945 | Top5: 0.9908
  Train Batch [1800/1827] | Loss: 0.3639 | Top1: 0.8937 | Top5: 0.9907
  Train Batch [1827/1827] | Loss: 0.3647 | Top1: 0.8935 | Top5: 0.9906
  Val Batch [50/203] | Loss: 1.8345 | Top1: 0.6325 | Top5: 0.8494
  Val Batch [100/203] | Loss: 1.8204 | Top1: 0.6400 | Top5: 0.8481
  Val Batch [150/203] | Loss: 1.8314 | Top1: 0.6425 | Top5: 0.8488
  Val Batch [200/203] | Loss: 1.8548 | Top1: 0.6366 | Top5: 0.8462
  Val Batch [203/203] | Loss: 1.8524 | Top1: 0.6366 | Top5: 0.8465
Epoch [9/20] | Train Loss: 0.3647 | Train Top1: 0.8935 | Train Top5: 0.9906 | Val Loss: 1.8524 | Val Top1: 0.6366 | Val Top5: 0.8465

===== Epoch 10/20 =====
  Train Batch [50/1827] | Loss: 0.2783 | Top1: 0.9206 | Top5: 0.9956
  Train Batch [100/1827] | Loss: 0.2597 | Top1: 0.9263 | Top5: 0.9972
  Train Batch [150/1827] | Loss: 0.2590 | Top1: 0.9254 | Top5: 0.9969
  Train Batch [200/1827] | Loss: 0.2565 | Top1: 0.9272 | Top5: 0.9962
  Train Batch [250/1827] | Loss: 0.2587 | Top1: 0.9271 | Top5: 0.9960
  Train Batch [300/1827] | Loss: 0.2576 | Top1: 0.9283 | Top5: 0.9959
  Train Batch [350/1827] | Loss: 0.2591 | Top1: 0.9279 | Top5: 0.9960
  Train Batch [400/1827] | Loss: 0.2586 | Top1: 0.9280 | Top5: 0.9960
  Train Batch [450/1827] | Loss: 0.2597 | Top1: 0.9270 | Top5: 0.9961
  Train Batch [500/1827] | Loss: 0.2592 | Top1: 0.9270 | Top5: 0.9963
  Train Batch [550/1827] | Loss: 0.2609 | Top1: 0.9265 | Top5: 0.9962
  Train Batch [600/1827] | Loss: 0.2620 | Top1: 0.9266 | Top5: 0.9961
  Train Batch [650/1827] | Loss: 0.2640 | Top1: 0.9257 | Top5: 0.9960
  Train Batch [700/1827] | Loss: 0.2665 | Top1: 0.9247 | Top5: 0.9960
  Train Batch [750/1827] | Loss: 0.2706 | Top1: 0.9234 | Top5: 0.9960
  Train Batch [800/1827] | Loss: 0.2722 | Top1: 0.9229 | Top5: 0.9958
  Train Batch [850/1827] | Loss: 0.2744 | Top1: 0.9224 | Top5: 0.9955
  Train Batch [900/1827] | Loss: 0.2783 | Top1: 0.9216 | Top5: 0.9952
  Train Batch [950/1827] | Loss: 0.2813 | Top1: 0.9208 | Top5: 0.9950
  Train Batch [1000/1827] | Loss: 0.2832 | Top1: 0.9202 | Top5: 0.9948
  Train Batch [1050/1827] | Loss: 0.2862 | Top1: 0.9191 | Top5: 0.9947
  Train Batch [1100/1827] | Loss: 0.2871 | Top1: 0.9186 | Top5: 0.9949
  Train Batch [1150/1827] | Loss: 0.2908 | Top1: 0.9173 | Top5: 0.9947
  Train Batch [1200/1827] | Loss: 0.2924 | Top1: 0.9168 | Top5: 0.9947
  Train Batch [1250/1827] | Loss: 0.2941 | Top1: 0.9161 | Top5: 0.9947
  Train Batch [1300/1827] | Loss: 0.2959 | Top1: 0.9152 | Top5: 0.9947
  Train Batch [1350/1827] | Loss: 0.2965 | Top1: 0.9149 | Top5: 0.9946
  Train Batch [1400/1827] | Loss: 0.2988 | Top1: 0.9142 | Top5: 0.9944
  Train Batch [1450/1827] | Loss: 0.3005 | Top1: 0.9135 | Top5: 0.9944
  Train Batch [1500/1827] | Loss: 0.3025 | Top1: 0.9130 | Top5: 0.9943
  Train Batch [1550/1827] | Loss: 0.3055 | Top1: 0.9120 | Top5: 0.9943
  Train Batch [1600/1827] | Loss: 0.3060 | Top1: 0.9119 | Top5: 0.9942
  Train Batch [1650/1827] | Loss: 0.3073 | Top1: 0.9113 | Top5: 0.9941
  Train Batch [1700/1827] | Loss: 0.3093 | Top1: 0.9106 | Top5: 0.9940
  Train Batch [1750/1827] | Loss: 0.3101 | Top1: 0.9103 | Top5: 0.9940
  Train Batch [1800/1827] | Loss: 0.3119 | Top1: 0.9097 | Top5: 0.9939
  Train Batch [1827/1827] | Loss: 0.3131 | Top1: 0.9094 | Top5: 0.9937
  Val Batch [50/203] | Loss: 1.8628 | Top1: 0.6281 | Top5: 0.8525
  Val Batch [100/203] | Loss: 1.8661 | Top1: 0.6400 | Top5: 0.8450
  Val Batch [150/203] | Loss: 1.8819 | Top1: 0.6394 | Top5: 0.8479
  Val Batch [200/203] | Loss: 1.8842 | Top1: 0.6361 | Top5: 0.8445
  Val Batch [203/203] | Loss: 1.8806 | Top1: 0.6369 | Top5: 0.8451
Epoch [10/20] | Train Loss: 0.3131 | Train Top1: 0.9094 | Train Top5: 0.9937 | Val Loss: 1.8806 | Val Top1: 0.6369 | Val Top5: 0.8451

===== Epoch 11/20 =====
  Train Batch [50/1827] | Loss: 0.2448 | Top1: 0.9337 | Top5: 0.9956
  Train Batch [100/1827] | Loss: 0.2286 | Top1: 0.9381 | Top5: 0.9956
  Train Batch [150/1827] | Loss: 0.2179 | Top1: 0.9410 | Top5: 0.9960
  Train Batch [200/1827] | Loss: 0.2154 | Top1: 0.9417 | Top5: 0.9966
  Train Batch [250/1827] | Loss: 0.2138 | Top1: 0.9423 | Top5: 0.9969
  Train Batch [300/1827] | Loss: 0.2146 | Top1: 0.9409 | Top5: 0.9971
  Train Batch [350/1827] | Loss: 0.2168 | Top1: 0.9402 | Top5: 0.9970
  Train Batch [400/1827] | Loss: 0.2177 | Top1: 0.9398 | Top5: 0.9970
  Train Batch [450/1827] | Loss: 0.2198 | Top1: 0.9390 | Top5: 0.9968
  Train Batch [500/1827] | Loss: 0.2182 | Top1: 0.9394 | Top5: 0.9969
  Train Batch [550/1827] | Loss: 0.2184 | Top1: 0.9394 | Top5: 0.9969
  Train Batch [600/1827] | Loss: 0.2211 | Top1: 0.9379 | Top5: 0.9969
  Train Batch [650/1827] | Loss: 0.2279 | Top1: 0.9361 | Top5: 0.9968
  Train Batch [700/1827] | Loss: 0.2317 | Top1: 0.9351 | Top5: 0.9966
  Train Batch [750/1827] | Loss: 0.2339 | Top1: 0.9347 | Top5: 0.9966
  Train Batch [800/1827] | Loss: 0.2354 | Top1: 0.9343 | Top5: 0.9966
  Train Batch [850/1827] | Loss: 0.2381 | Top1: 0.9331 | Top5: 0.9966
  Train Batch [900/1827] | Loss: 0.2407 | Top1: 0.9322 | Top5: 0.9966
  Train Batch [950/1827] | Loss: 0.2414 | Top1: 0.9321 | Top5: 0.9966
  Train Batch [1000/1827] | Loss: 0.2421 | Top1: 0.9313 | Top5: 0.9966
  Train Batch [1050/1827] | Loss: 0.2457 | Top1: 0.9299 | Top5: 0.9964
  Train Batch [1100/1827] | Loss: 0.2484 | Top1: 0.9289 | Top5: 0.9964
