Device: cuda
Num classes: 657
Model: convnext_base.fb_in22k_ft_in1k

AMP Enabled: True
Compile Enabled: False
CUDNN Benchmark: True
Freeze Backbone: False
Validation Interval: 1
Weight Decay: 0.05
Label Smoothing: 0.1
Dropout Rate: 0.3
Early Stopping Patience: 10
Scheduler: OneCycleLR (max_lr=0.0005, pct_start=0.1)
Mixup Alpha: 0.2
CutMix Alpha: 1.0

Epoch [1/60] | Train Loss: 4.9516 | Train Top1: 0.1547 | Train Top5: 0.2954 | Val Loss: 2.5805 | Val Top1: 0.5853 | Val Top5: 0.8607 | LR: 2.00e-05 | Train Time: 458.952s | Val Time: 37.566s | Epoch Time: 496.517s
Epoch [2/60] | Train Loss: 3.2609 | Train Top1: 0.3626 | Train Top5: 0.5744 | Val Loss: 2.1008 | Val Top1: 0.6778 | Val Top5: 0.9016 | LR: 5.22e-05 | Train Time: 427.863s | Val Time: 22.985s | Epoch Time: 450.848s
Epoch [3/60] | Train Loss: 2.9990 | Train Top1: 0.3796 | Train Top5: 0.5779 | Val Loss: 2.0874 | Val Top1: 0.6822 | Val Top5: 0.9008 | LR: 1.40e-04 | Train Time: 418.095s | Val Time: 22.977s | Epoch Time: 441.072s
Epoch [4/60] | Train Loss: 3.0094 | Train Top1: 0.3680 | Train Top5: 0.5615 | Val Loss: 2.1470 | Val Top1: 0.6754 | Val Top5: 0.8922 | LR: 2.60e-04 | Train Time: 418.238s | Val Time: 23.014s | Epoch Time: 441.253s
Epoch [5/60] | Train Loss: 3.0313 | Train Top1: 0.3749 | Train Top5: 0.5712 | Val Loss: 2.2265 | Val Top1: 0.6513 | Val Top5: 0.8798 | LR: 3.80e-04 | Train Time: 418.078s | Val Time: 22.981s | Epoch Time: 441.060s
Epoch [6/60] | Train Loss: 2.9951 | Train Top1: 0.3835 | Train Top5: 0.5733 | Val Loss: 2.1754 | Val Top1: 0.6725 | Val Top5: 0.8843 | LR: 4.68e-04 | Train Time: 417.961s | Val Time: 22.969s | Epoch Time: 440.930s
Epoch [7/60] | Train Loss: 2.9159 | Train Top1: 0.3961 | Train Top5: 0.5823 | Val Loss: 2.2142 | Val Top1: 0.6626 | Val Top5: 0.8787 | LR: 5.00e-04 | Train Time: 418.221s | Val Time: 22.983s | Epoch Time: 441.203s
Epoch [8/60] | Train Loss: 2.8589 | Train Top1: 0.4190 | Train Top5: 0.6060 | Val Loss: 2.1095 | Val Top1: 0.6963 | Val Top5: 0.8923 | LR: 5.00e-04 | Train Time: 418.693s | Val Time: 22.992s | Epoch Time: 441.685s
Epoch [9/60] | Train Loss: 2.7870 | Train Top1: 0.4210 | Train Top5: 0.5996 | Val Loss: 2.1874 | Val Top1: 0.6770 | Val Top5: 0.8798 | LR: 4.98e-04 | Train Time: 417.948s | Val Time: 22.961s | Epoch Time: 440.908s
Epoch [10/60] | Train Loss: 2.7520 | Train Top1: 0.4244 | Train Top5: 0.6007 | Val Loss: 2.0865 | Val Top1: 0.7036 | Val Top5: 0.8926 | LR: 4.96e-04 | Train Time: 418.341s | Val Time: 22.980s | Epoch Time: 441.321s
Epoch [11/60] | Train Loss: 2.7203 | Train Top1: 0.4381 | Train Top5: 0.6162 | Val Loss: 2.1319 | Val Top1: 0.6926 | Val Top5: 0.8891 | LR: 4.93e-04 | Train Time: 417.900s | Val Time: 22.989s | Epoch Time: 440.889s
Epoch [12/60] | Train Loss: 2.6709 | Train Top1: 0.4504 | Train Top5: 0.6267 | Val Loss: 2.1199 | Val Top1: 0.6963 | Val Top5: 0.8901 | LR: 4.89e-04 | Train Time: 418.007s | Val Time: 22.940s | Epoch Time: 440.946s
Epoch [13/60] | Train Loss: 2.6146 | Train Top1: 0.4513 | Train Top5: 0.6223 | Val Loss: 2.0777 | Val Top1: 0.7081 | Val Top5: 0.8977 | LR: 4.85e-04 | Train Time: 418.446s | Val Time: 22.986s | Epoch Time: 441.432s
Epoch [14/60] | Train Loss: 2.5878 | Train Top1: 0.4576 | Train Top5: 0.6297 | Val Loss: 2.1255 | Val Top1: 0.7082 | Val Top5: 0.8873 | LR: 4.80e-04 | Train Time: 420.144s | Val Time: 23.167s | Epoch Time: 443.311s
Epoch [15/60] | Train Loss: 2.5236 | Train Top1: 0.4759 | Train Top5: 0.6419 | Val Loss: 2.1415 | Val Top1: 0.6936 | Val Top5: 0.8845 | LR: 4.73e-04 | Train Time: 422.808s | Val Time: 23.266s | Epoch Time: 446.074s
Epoch [16/60] | Train Loss: 2.5103 | Train Top1: 0.4710 | Train Top5: 0.6377 | Val Loss: 2.1365 | Val Top1: 0.7029 | Val Top5: 0.8882 | LR: 4.67e-04 | Train Time: 418.292s | Val Time: 23.005s | Epoch Time: 441.297s
Epoch [17/60] | Train Loss: 2.4946 | Train Top1: 0.4863 | Train Top5: 0.6577 | Val Loss: 2.0955 | Val Top1: 0.7141 | Val Top5: 0.8928 | LR: 4.59e-04 | Train Time: 417.953s | Val Time: 22.966s | Epoch Time: 440.920s
Epoch [18/60] | Train Loss: 2.4280 | Train Top1: 0.4885 | Train Top5: 0.6540 | Val Loss: 2.0767 | Val Top1: 0.7161 | Val Top5: 0.8958 | LR: 4.51e-04 | Train Time: 418.084s | Val Time: 22.961s | Epoch Time: 441.045s
Epoch [19/60] | Train Loss: 2.4444 | Train Top1: 0.4790 | Train Top5: 0.6473 | Val Loss: 2.0994 | Val Top1: 0.7149 | Val Top5: 0.8936 | LR: 4.42e-04 | Train Time: 417.839s | Val Time: 22.967s | Epoch Time: 440.806s
Epoch [20/60] | Train Loss: 2.3733 | Train Top1: 0.4925 | Train Top5: 0.6541 | Val Loss: 2.0826 | Val Top1: 0.7210 | Val Top5: 0.8928 | LR: 4.32e-04 | Train Time: 418.012s | Val Time: 22.980s | Epoch Time: 440.992s
Epoch [21/60] | Train Loss: 2.3645 | Train Top1: 0.4998 | Train Top5: 0.6609 | Val Loss: 2.0920 | Val Top1: 0.7197 | Val Top5: 0.8927 | LR: 4.22e-04 | Train Time: 418.267s | Val Time: 22.986s | Epoch Time: 441.253s
Epoch [22/60] | Train Loss: 2.2893 | Train Top1: 0.5027 | Train Top5: 0.6584 | Val Loss: 2.0849 | Val Top1: 0.7210 | Val Top5: 0.8933 | LR: 4.11e-04 | Train Time: 418.027s | Val Time: 22.978s | Epoch Time: 441.005s
Epoch [23/60] | Train Loss: 2.2630 | Train Top1: 0.5131 | Train Top5: 0.6662 | Val Loss: 2.1069 | Val Top1: 0.7136 | Val Top5: 0.8924 | LR: 3.99e-04 | Train Time: 417.971s | Val Time: 23.143s | Epoch Time: 441.114s
Epoch [24/60] | Train Loss: 2.2647 | Train Top1: 0.5418 | Train Top5: 0.6962 | Val Loss: 2.0742 | Val Top1: 0.7228 | Val Top5: 0.8907 | LR: 3.87e-04 | Train Time: 417.990s | Val Time: 22.982s | Epoch Time: 440.972s
Epoch [25/60] | Train Loss: 2.2405 | Train Top1: 0.5118 | Train Top5: 0.6712 | Val Loss: 2.0914 | Val Top1: 0.7213 | Val Top5: 0.8937 | LR: 3.75e-04 | Train Time: 417.894s | Val Time: 22.965s | Epoch Time: 440.859s
Epoch [26/60] | Train Loss: 2.2064 | Train Top1: 0.5320 | Train Top5: 0.6843 | Val Loss: 2.0475 | Val Top1: 0.7353 | Val Top5: 0.8992 | LR: 3.62e-04 | Train Time: 419.238s | Val Time: 22.953s | Epoch Time: 442.191s
Epoch [27/60] | Train Loss: 2.1851 | Train Top1: 0.5180 | Train Top5: 0.6747 | Val Loss: 2.0696 | Val Top1: 0.7304 | Val Top5: 0.8931 | LR: 3.49e-04 | Train Time: 418.281s | Val Time: 23.005s | Epoch Time: 441.286s
Epoch [28/60] | Train Loss: 2.1907 | Train Top1: 0.5261 | Train Top5: 0.6836 | Val Loss: 2.0551 | Val Top1: 0.7329 | Val Top5: 0.8945 | LR: 3.35e-04 | Train Time: 419.730s | Val Time: 22.964s | Epoch Time: 442.694s
Epoch [29/60] | Train Loss: 2.1523 | Train Top1: 0.5391 | Train Top5: 0.6973 | Val Loss: 2.0812 | Val Top1: 0.7317 | Val Top5: 0.8909 | LR: 3.22e-04 | Train Time: 418.358s | Val Time: 22.974s | Epoch Time: 441.331s
Epoch [30/60] | Train Loss: 2.1154 | Train Top1: 0.5119 | Train Top5: 0.6684 | Val Loss: 2.0868 | Val Top1: 0.7356 | Val Top5: 0.8918 | LR: 3.08e-04 | Train Time: 418.261s | Val Time: 22.984s | Epoch Time: 441.245s
Epoch [31/60] | Train Loss: 2.1071 | Train Top1: 0.5460 | Train Top5: 0.7085 | Val Loss: 2.0201 | Val Top1: 0.7477 | Val Top5: 0.9032 | LR: 2.93e-04 | Train Time: 418.233s | Val Time: 23.210s | Epoch Time: 441.444s
Epoch [32/60] | Train Loss: 2.0728 | Train Top1: 0.5473 | Train Top5: 0.7011 | Val Loss: 2.0716 | Val Top1: 0.7392 | Val Top5: 0.8969 | LR: 2.79e-04 | Train Time: 418.605s | Val Time: 22.967s | Epoch Time: 441.573s
Epoch [33/60] | Train Loss: 1.9981 | Train Top1: 0.5544 | Train Top5: 0.7029 | Val Loss: 2.0336 | Val Top1: 0.7459 | Val Top5: 0.9006 | LR: 2.65e-04 | Train Time: 418.002s | Val Time: 22.968s | Epoch Time: 440.970s
Epoch [34/60] | Train Loss: 2.0350 | Train Top1: 0.5520 | Train Top5: 0.7150 | Val Loss: 2.0812 | Val Top1: 0.7372 | Val Top5: 0.8923 | LR: 2.50e-04 | Train Time: 418.345s | Val Time: 22.974s | Epoch Time: 441.319s
Epoch [35/60] | Train Loss: 2.0202 | Train Top1: 0.5594 | Train Top5: 0.7204 | Val Loss: 2.0476 | Val Top1: 0.7465 | Val Top5: 0.8984 | LR: 2.35e-04 | Train Time: 419.448s | Val Time: 22.980s | Epoch Time: 442.427s
Epoch [36/60] | Train Loss: 1.9536 | Train Top1: 0.5604 | Train Top5: 0.7184 | Val Loss: 2.0140 | Val Top1: 0.7517 | Val Top5: 0.9023 | LR: 2.21e-04 | Train Time: 424.004s | Val Time: 23.582s | Epoch Time: 447.586s
Epoch [37/60] | Train Loss: 1.9507 | Train Top1: 0.5698 | Train Top5: 0.7276 | Val Loss: 2.0099 | Val Top1: 0.7540 | Val Top5: 0.9019 | LR: 2.07e-04 | Train Time: 421.727s | Val Time: 23.203s | Epoch Time: 444.930s
Epoch [38/60] | Train Loss: 1.9586 | Train Top1: 0.5813 | Train Top5: 0.7478 | Val Loss: 2.0018 | Val Top1: 0.7557 | Val Top5: 0.9057 | LR: 1.92e-04 | Train Time: 420.605s | Val Time: 23.190s | Epoch Time: 443.795s
Epoch [39/60] | Train Loss: 1.9136 | Train Top1: 0.5863 | Train Top5: 0.7470 | Val Loss: 2.0317 | Val Top1: 0.7512 | Val Top5: 0.9003 | LR: 1.78e-04 | Train Time: 420.324s | Val Time: 23.215s | Epoch Time: 443.539s
Epoch [40/60] | Train Loss: 1.9093 | Train Top1: 0.5910 | Train Top5: 0.7567 | Val Loss: 2.0245 | Val Top1: 0.7562 | Val Top5: 0.9013 | LR: 1.64e-04 | Train Time: 420.603s | Val Time: 23.180s | Epoch Time: 443.783s
Epoch [41/60] | Train Loss: 1.8920 | Train Top1: 0.5792 | Train Top5: 0.7484 | Val Loss: 1.9947 | Val Top1: 0.7615 | Val Top5: 0.9053 | LR: 1.51e-04 | Train Time: 420.354s | Val Time: 23.191s | Epoch Time: 443.545s
Epoch [42/60] | Train Loss: 1.8504 | Train Top1: 0.5750 | Train Top5: 0.7453 | Val Loss: 1.9898 | Val Top1: 0.7636 | Val Top5: 0.9063 | LR: 1.38e-04 | Train Time: 420.496s | Val Time: 23.183s | Epoch Time: 443.679s
Epoch [43/60] | Train Loss: 1.8381 | Train Top1: 0.5741 | Train Top5: 0.7428 | Val Loss: 1.9829 | Val Top1: 0.7641 | Val Top5: 0.9060 | LR: 1.25e-04 | Train Time: 420.689s | Val Time: 23.215s | Epoch Time: 443.904s
Epoch [44/60] | Train Loss: 1.7896 | Train Top1: 0.5888 | Train Top5: 0.7540 | Val Loss: 1.9879 | Val Top1: 0.7694 | Val Top5: 0.9033 | LR: 1.13e-04 | Train Time: 420.432s | Val Time: 23.030s | Epoch Time: 443.462s
Epoch [45/60] | Train Loss: 1.8101 | Train Top1: 0.5930 | Train Top5: 0.7646 | Val Loss: 1.9789 | Val Top1: 0.7683 | Val Top5: 0.9072 | LR: 1.01e-04 | Train Time: 419.113s | Val Time: 22.948s | Epoch Time: 442.062s
Epoch [46/60] | Train Loss: 1.7663 | Train Top1: 0.5862 | Train Top5: 0.7527 | Val Loss: 1.9623 | Val Top1: 0.7730 | Val Top5: 0.9083 | LR: 8.93e-05 | Train Time: 419.702s | Val Time: 22.967s | Epoch Time: 442.669s
Epoch [47/60] | Train Loss: 1.7662 | Train Top1: 0.5889 | Train Top5: 0.7662 | Val Loss: 1.9447 | Val Top1: 0.7754 | Val Top5: 0.9102 | LR: 7.84e-05 | Train Time: 417.865s | Val Time: 22.961s | Epoch Time: 440.826s
Epoch [48/60] | Train Loss: 1.7367 | Train Top1: 0.5944 | Train Top5: 0.7693 | Val Loss: 1.9530 | Val Top1: 0.7751 | Val Top5: 0.9094 | LR: 6.82e-05 | Train Time: 418.254s | Val Time: 22.978s | Epoch Time: 441.231s
Epoch [49/60] | Train Loss: 1.7277 | Train Top1: 0.5876 | Train Top5: 0.7653 | Val Loss: 1.9497 | Val Top1: 0.7775 | Val Top5: 0.9107 | LR: 5.85e-05 | Train Time: 417.868s | Val Time: 22.986s | Epoch Time: 440.855s
Epoch [50/60] | Train Loss: 1.7188 | Train Top1: 0.6067 | Train Top5: 0.7784 | Val Loss: 1.9670 | Val Top1: 0.7757 | Val Top5: 0.9084 | LR: 4.95e-05 | Train Time: 419.665s | Val Time: 23.015s | Epoch Time: 442.680s
Epoch [51/60] | Train Loss: 1.6839 | Train Top1: 0.5890 | Train Top5: 0.7639 | Val Loss: 1.9430 | Val Top1: 0.7808 | Val Top5: 0.9105 | LR: 4.11e-05 | Train Time: 418.251s | Val Time: 22.975s | Epoch Time: 441.226s
Epoch [52/60] | Train Loss: 1.6704 | Train Top1: 0.6059 | Train Top5: 0.7777 | Val Loss: 1.9368 | Val Top1: 0.7839 | Val Top5: 0.9117 | LR: 3.35e-05 | Train Time: 418.594s | Val Time: 23.056s | Epoch Time: 441.651s
Epoch [53/60] | Train Loss: 1.6838 | Train Top1: 0.5974 | Train Top5: 0.7762 | Val Loss: 1.9325 | Val Top1: 0.7835 | Val Top5: 0.9129 | LR: 2.66e-05 | Train Time: 420.744s | Val Time: 23.290s | Epoch Time: 444.033s
Epoch [54/60] | Train Loss: 1.6798 | Train Top1: 0.6015 | Train Top5: 0.7797 | Val Loss: 1.9357 | Val Top1: 0.7841 | Val Top5: 0.9130 | LR: 2.04e-05 | Train Time: 418.302s | Val Time: 22.982s | Epoch Time: 441.284s
Epoch [55/60] | Train Loss: 1.6659 | Train Top1: 0.6101 | Train Top5: 0.7832 | Val Loss: 1.9344 | Val Top1: 0.7872 | Val Top5: 0.9131 | LR: 1.51e-05 | Train Time: 418.896s | Val Time: 23.017s | Epoch Time: 441.914s
Epoch [56/60] | Train Loss: 1.6713 | Train Top1: 0.6063 | Train Top5: 0.7916 | Val Loss: 1.9364 | Val Top1: 0.7857 | Val Top5: 0.9131 | LR: 1.05e-05 | Train Time: 418.817s | Val Time: 22.981s | Epoch Time: 441.798s
Epoch [57/60] | Train Loss: 1.6387 | Train Top1: 0.6241 | Train Top5: 0.7966 | Val Loss: 1.9397 | Val Top1: 0.7854 | Val Top5: 0.9124 | LR: 6.74e-06 | Train Time: 417.956s | Val Time: 23.124s | Epoch Time: 441.079s
Epoch [58/60] | Train Loss: 1.6314 | Train Top1: 0.6128 | Train Top5: 0.7862 | Val Loss: 1.9371 | Val Top1: 0.7859 | Val Top5: 0.9124 | LR: 3.80e-06 | Train Time: 418.673s | Val Time: 22.981s | Epoch Time: 441.654s
Epoch [59/60] | Train Loss: 1.6270 | Train Top1: 0.6427 | Train Top5: 0.8052 | Val Loss: 1.9353 | Val Top1: 0.7865 | Val Top5: 0.9127 | LR: 1.69e-06 | Train Time: 419.580s | Val Time: 23.155s | Epoch Time: 442.735s
Epoch [60/60] | Train Loss: 1.6558 | Train Top1: 0.6059 | Train Top5: 0.7869 | Val Loss: 1.9355 | Val Top1: 0.7867 | Val Top5: 0.9127 | LR: 4.24e-07 | Train Time: 417.903s | Val Time: 22.970s | Epoch Time: 440.873s

Best Epoch: 55 | Best Val Top1: 0.7872 | Best Val Top5: 0.9131
Total Train Time: 25185.944s | Total Val Time: 1397.045s | Total Runtime: 26591.897s
