/home/blue-lobster/PycharmProjects/Model_California_Birds/.venv/lib/python3.12/site-packages/tensorboard/default.py:30: UserWarning: pkg_resources is deprecated as an API. See https://setuptools.pypa.io/en/latest/pkg_resources.html. The pkg_resources package is slated for removal as early as 2025-11-30. Refrain from using this package or pin to Setuptools<81.
  import pkg_resources
TensorFlow installation not found - running with reduced feature set.

NOTE: Using experimental fast data loading logic. To disable, pass
    "--load_fast=false" and report issues on GitHub. More details:
    https://github.com/tensorflow/tensorboard/issues/4784

TensorBoard 2.20.0 at http://127.0.0.1:6007/ (Press CTRL+C to quit)
W0308 16:48:06.751907 127366290458304 application.py:559] path /.well-known/appspecific/com.chrome.devtools.json not found, sending 404
TensorBoard caught SIGTERM; exiting...
Exception ignored in atexit callback: <function shutdown at 0x73d73a6256c0>
Traceback (most recent call last):
  File "/usr/lib/python3.12/logging/__init__.py", line 2265, in shutdown
    h.close()
  File "/home/blue-lobster/PycharmProjects/Model_California_Birds/.venv/lib/python3.12/site-packages/absl/logging/__init__.py", line 1021, in close
    super().close()
  File "/usr/lib/python3.12/logging/__init__.py", line 1064, in close
    _releaseLock()
  File "/usr/lib/python3.12/logging/__init__.py", line 243, in _releaseLock
    def _releaseLock():
    
  File "/home/blue-lobster/PycharmProjects/Model_California_Birds/.venv/lib/python3.12/site-packages/tensorboard/program.py", line 374, in handler
    sys.exit(0)
SystemExit: 0
